******************************************************************************
                  TI ARM Linker PC v20.2.7                     
******************************************************************************
>> Linked Thu May  1 19:51:26 2025

OUTPUT FILE NAME:   <finalproject.out>
ENTRY POINT SYMBOL: "_c_int00_noargs"  address: 00004511


MEMORY CONFIGURATION

         name            origin    length      used     unused   attr    fill
----------------------  --------  ---------  --------  --------  ----  --------
  FLASH                 00000000   00040000  000048e0  0003b720  R  X
  SRAM                  20000000   00008000  00002331  00005ccf  RW X


SEGMENT ALLOCATION MAP

run origin  load origin   length   init length attrs members
----------  ----------- ---------- ----------- ----- -------
00000000    00000000    000048e0   000048e0    r-x
  00000000    00000000    0000026c   0000026c    r-- .intvecs
  0000026c    0000026c    000044e8   000044e8    r-x .text
  00004754    00004754    0000012c   0000012c    r-- .const
  00004880    00004880    00000060   00000060    r-- .cinit
20000000    20000000    00002335   00000000    rw-
  20000000    20000000    0000026c   00000000    rw- .vtable
  20000270    20000270    00001800   00000000    rw- .stack
  20001a70    20001a70    00000800   00000000    rw- .sysmem
  20002270    20002270    00000080   00000000    rw- .bss
  200022f0    200022f0    00000045   00000000    rw- .data


SECTION ALLOCATION MAP

 output                                  attributes/
section   page    origin      length       input sections
--------  ----  ----------  ----------   ----------------
.intvecs   0    00000000    0000026c     
                  00000000    0000026c     tm4c123gh6pm_startup_ccs.obj (.intvecs)

.text      0    0000026c    000044e8     
                  0000026c    00000c20     open_interface.obj (.text)
                  00000e8c    00000a4e     rtsv7M4_T_le_v4SPD16_eabi.lib : _printfi.c.obj (.text:__TI_printfi)
                  000018da    00000002                                   : _lock.c.obj (.text:_nop)
                  000018dc    000008e4     test.obj (.text)
                  000021c0    00000328     lcd.obj (.text)
                  000024e8    00000270     rtsv7M4_T_le_v4SPD16_eabi.lib : _printfi.c.obj (.text:_pconv_a)
                  00002758    00000248     Timer.obj (.text)
                  000029a0    00000208     ping_template3.obj (.text)
                  00002ba8    000001d0     rtsv7M4_T_le_v4SPD16_eabi.lib : _printfi.c.obj (.text:_pconv_g)
                  00002d78    000001d0     movement.obj (.text)
                  00002f48    000001c0     uart-interrupt.obj (.text)
                  00003108    000001b6     rtsv7M4_T_le_v4SPD16_eabi.lib : fd_add_t2.asm.obj (.text)
                  000032be    00000002                                   : div0.asm.obj (.text)
                  000032c0    0000013c                                   : _printfi.c.obj (.text:_pconv_e)
                  000033fc    00000136                                   : fd_div_t2.asm.obj (.text)
                  00003532    00000002     --HOLE-- [fill = 0]
                  00003534    00000134     servo.obj (.text)
                  00003668    00000124     rtsv7M4_T_le_v4SPD16_eabi.lib : _printfi.c.obj (.text:fcvt)
                  0000378c    00000110                                   : s_scalbn.c.obj (.text:scalbn)
                  0000389c    00000100                                   : memory.c.obj (.text:aligned_alloc)
                  0000399c    000000fc                                   : fd_mul_t2.asm.obj (.text)
                  00003a98    000000e4                                   : memory.c.obj (.text:free)
                  00003b7c    000000d8     adc.obj (.text)
                  00003c54    000000b1     rtsv7M4_T_le_v4SPD16_eabi.lib : _printfi.c.obj (.text:_ltostr)
                  00003d05    00000001     --HOLE-- [fill = 0]
                  00003d06    0000009c                                   : memcpy_t2.asm.obj (.text)
                  00003da2    00000096                                   : ull_div_t2.asm.obj (.text)
                  00003e38    00000086                                   : fd_cmp_t2.asm.obj (.text:__aeabi_cdcmple)
                  00003ebe    00000086                                   : fd_cmp_t2.asm.obj (.text:__aeabi_cdrcmple)
                  00003f44    0000007a                                   : memset_t2.asm.obj (.text)
                  00003fbe    00000002     --HOLE-- [fill = 0]
                  00003fc0    00000070                                   : memory.c.obj (.text:split)
                  00004030    0000006e                                   : _printfi.c.obj (.text:_mcpy)
                  0000409e    0000006e                                   : fd_tos_t2.asm.obj (.text)
                  0000410c    00000068                                   : copy_decompress_lzss.c.obj (.text:decompress:lzss:__TI_decompress_lzss)
                  00004174    00000064                                   : s_frexp.c.obj (.text:frexp)
                  000041d8    00000056                                   : _printfi.c.obj (.text:_pconv_f)
                  0000422e    00000054                                   : _ltoa.c.obj (.text:__TI_ltoa)
                  00004282    00000052                                   : _printfi.c.obj (.text:_ecpy)
                  000042d4    0000004c                                   : atoi.c.obj (.text:atoi)
                  00004320    00000048                                   : fd_toi_t2.asm.obj (.text)
                  00004368    00000044                                   : autoinit.c.obj (.text:__TI_auto_init_nobinit_nopinit:__TI_auto_init_nobinit_nopinit)
                  000043ac    00000040                                   : sprintf.c.obj (.text:sprintf)
                  000043ec    00000040                                   : vsnprintf.c.obj (.text:vsnprintf)
                  0000442c    0000003e                                   : _printfi.c.obj (.text:_fcpy)
                  0000446a    00000002     --HOLE-- [fill = 0]
                  0000446c    00000038                                   : memory.c.obj (.text:calloc)
                  000044a4    00000038                                   : fs_tod_t2.asm.obj (.text)
                  000044dc    00000034     driverlib.lib : interrupt.obj (.text:IntRegister)
                  00004510    00000034     rtsv7M4_T_le_v4SPD16_eabi.lib : boot_cortex_m.c.obj (.text:_c_int00_noargs:_c_int00_noargs)
                  00004544    00000030                                   : vsnprintf.c.obj (.text:_outs)
                  00004574    0000002e                                   : i_tofd_t2.asm.obj (.text)
                  000045a2    00000002     --HOLE-- [fill = 0]
                  000045a4    00000028                                   : memory.c.obj (.text:free_list_insert)
                  000045cc    0000001c                                   : copy_zero_init.c.obj (.text:decompress:ZI:__TI_zero_init_nomemset:__TI_zero_init_nomemset)
                  000045e8    0000001c                                   : memory.c.obj (.text:free_list_remove)
                  00004604    0000001c                                   : memccpy.c.obj (.text:memccpy)
                  00004620    0000001a                                   : s_copysign.c.obj (.text:copysign)
                  0000463a    00000018                                   : vsnprintf.c.obj (.text:_outc)
                  00004652    00000018                                   : sprintf.c.obj (.text:_outs)
                  0000466a    00000018     open_interface.obj (.text:oi_parseInt)
                  00004682    00000018     rtsv7M4_T_le_v4SPD16_eabi.lib : strcmp.c.obj (.text:strcmp)
                  0000469a    00000016                                   : strchr.c.obj (.text:strchr)
                  000046b0    00000014                                   : strcpy.c.obj (.text:strcpy)
                  000046c4    00000014                                   : strlen.c.obj (.text:strlen)
                  000046d8    00000012                                   : wcslen.c.obj (.text:wcslen)
                  000046ea    00000010     driverlib.lib : interrupt.obj (.text:IntMasterEnable)
                  000046fa    00000010     lcd.obj (.text:lcd_clear)
                  0000470a    0000000e     rtsv7M4_T_le_v4SPD16_eabi.lib : copy_decompress_none.c.obj (.text:decompress:none:__TI_decompress_none)
                  00004718    0000000c     driverlib.lib : cpu.obj (.text:CPUcpsie)
                  00004724    0000000c     tm4c123gh6pm_startup_ccs.obj (.text)
                  00004730    0000000a     rtsv7M4_T_le_v4SPD16_eabi.lib : sprintf.c.obj (.text:_outc)
                  0000473a    00000002     --HOLE-- [fill = 0]
                  0000473c    00000008                                   : errno.c.obj (.text:__aeabi_errno_addr)
                  00004744    00000008                                   : memory.c.obj (.text:malloc)
                  0000474c    00000004                                   : pre_init.c.obj (.text:_system_pre_init)
                  00004750    00000004                                   : exit.c.obj (.text:abort:abort)

.const     0    00004754    0000012c     
                  00004754    00000101     rtsv7M4_T_le_v4SPD16_eabi.lib : ctype.c.obj (.const:.string:_ctypes_)
                  00004855    00000014     test.obj (.const:.string:$P$T0$1)
                  00004869    0000000f     open_interface.obj (.const:.string:$P$T0$3)
                  00004878    00000004     lcd.obj (.const:.string:lineAddress$1)
                  0000487c    00000004     lcd.obj (.const:.string:lineAddresses$2)

.cinit     0    00004880    00000060     
                  00004880    00000027     (.cinit..data.load) [load image, compression = lzss]
                  000048a7    00000001     --HOLE-- [fill = 0]
                  000048a8    0000000c     (__TI_handler_table)
                  000048b4    00000004     --HOLE-- [fill = 0]
                  000048b8    00000008     (.cinit..bss.load) [load image, compression = zero_init]
                  000048c0    00000008     (.cinit..vtable.load) [load image, compression = zero_init]
                  000048c8    00000018     (__TI_cinit_table)

.init_array 
*          0    00000000    00000000     UNINITIALIZED

.vtable    0    20000000    0000026c     UNINITIALIZED
                  20000000    0000026c     driverlib.lib : interrupt.obj (.vtable)

.stack     0    20000270    00001800     UNINITIALIZED
                  20000270    00000004     rtsv7M4_T_le_v4SPD16_eabi.lib : boot_cortex_m.c.obj (.stack)
                  20000274    000017fc     --HOLE--

.sysmem    0    20001a70    00000800     UNINITIALIZED
                  20001a70    00000010     rtsv7M4_T_le_v4SPD16_eabi.lib : memory.c.obj (.sysmem)
                  20001a80    000007f0     --HOLE--

.bss       0    20002270    00000080     UNINITIALIZED
                  20002270    00000054     lcd.obj (.bss:lastbuffer$3)
                  200022c4    00000018     open_interface.obj (.bss:firmware$2)
                  200022dc    00000004     (.common:_timeout_ticks)
                  200022e0    00000004     (.common:ed)
                  200022e4    00000004     (.common:g_e_time)
                  200022e8    00000004     (.common:g_s_time)
                  200022ec    00000004     (.common:read)

.data      0    200022f0    00000045     UNINITIALIZED
                  200022f0    00000020     open_interface.obj (.data)
                  20002310    00000008     rtsv7M4_T_le_v4SPD16_eabi.lib : _lock.c.obj (.data:$O1$$)
                  20002318    00000008                                   : memory.c.obj (.data:$O1$$)
                  20002320    00000008     servo.obj (.data)
                  20002328    00000008     uart-interrupt.obj (.data)
                  20002330    00000004     rtsv7M4_T_le_v4SPD16_eabi.lib : errno.c.obj (.data)
                  20002334    00000001     Timer.obj (.data)

__llvm_prf_cnts 
*          0    20000000    00000000     UNINITIALIZED

MODULE SUMMARY

       Module                         code    ro data   rw data
       ------                         ----    -------   -------
    .\
       open_interface.obj             3128    15        56     
       test.obj                       2276    20        0      
       lcd.obj                        824     8         84     
       tm4c123gh6pm_startup_ccs.obj   12      620       0      
       Timer.obj                      584     0         5      
       ping_template3.obj             520     0         16     
       movement.obj                   464     0         0      
       uart-interrupt.obj             448     0         8      
       servo.obj                      308     0         8      
       adc.obj                        216     0         0      
    +--+------------------------------+-------+---------+---------+
       Total:                         8780    663       177    
                                                               
    C:/ti/TivaWare_C_Series-2.2.0.295/driverlib/ccs/Debug/driverlib.lib
       interrupt.obj                  68      0         620    
       cpu.obj                        12      0         0      
    +--+------------------------------+-------+---------+---------+
       Total:                         80      0         620    
                                                               
    C:\ti\ccs1271\ccs\tools\compiler\ti-cgt-arm_20.2.7.LTS\lib\rtsv7M4_T_le_v4SPD16_eabi.lib
       _printfi.c.obj                 4851    0         0      
       memory.c.obj                   728     0         8      
       fd_add_t2.asm.obj              438     0         0      
       fd_div_t2.asm.obj              310     0         0      
       s_scalbn.c.obj                 272     0         0      
       fd_cmp_t2.asm.obj              268     0         0      
       ctype.c.obj                    0       257       0      
       fd_mul_t2.asm.obj              252     0         0      
       memcpy_t2.asm.obj              156     0         0      
       ull_div_t2.asm.obj             150     0         0      
       vsnprintf.c.obj                136     0         0      
       memset_t2.asm.obj              122     0         0      
       fd_tos_t2.asm.obj              110     0         0      
       copy_decompress_lzss.c.obj     104     0         0      
       s_frexp.c.obj                  100     0         0      
       sprintf.c.obj                  98      0         0      
       _ltoa.c.obj                    84      0         0      
       atoi.c.obj                     76      0         0      
       fd_toi_t2.asm.obj              72      0         0      
       autoinit.c.obj                 68      0         0      
       fs_tod_t2.asm.obj              56      0         0      
       boot_cortex_m.c.obj            52      0         0      
       i_tofd_t2.asm.obj              46      0         0      
       copy_zero_init.c.obj           28      0         0      
       memccpy.c.obj                  28      0         0      
       s_copysign.c.obj               26      0         0      
       strcmp.c.obj                   24      0         0      
       strchr.c.obj                   22      0         0      
       strcpy.c.obj                   20      0         0      
       strlen.c.obj                   20      0         0      
       wcslen.c.obj                   18      0         0      
       copy_decompress_none.c.obj     14      0         0      
       errno.c.obj                    8       0         4      
       _lock.c.obj                    2       0         8      
       exit.c.obj                     4       0         0      
       pre_init.c.obj                 4       0         0      
       div0.asm.obj                   2       0         0      
    +--+------------------------------+-------+---------+---------+
       Total:                         8769    257       20     
                                                               
       Heap:                          0       0         2048   
       Stack:                         0       0         6144   
       Linker Generated:              0       91        0      
    +--+------------------------------+-------+---------+---------+
       Grand Total:                   17629   1011      9009   


LINKER GENERATED COPY TABLES

__TI_cinit_table @ 000048c8 records: 3, size/record: 8, table size: 24
	.data: load addr=00004880, load size=00000027 bytes, run addr=200022f0, run size=00000045 bytes, compression=lzss
	.bss: load addr=000048b8, load size=00000008 bytes, run addr=20002270, run size=00000080 bytes, compression=zero_init
	.vtable: load addr=000048c0, load size=00000008 bytes, run addr=20000000, run size=0000026c bytes, compression=zero_init


LINKER GENERATED HANDLER TABLE

__TI_handler_table @ 000048a8 records: 3, size/record: 4, table size: 12
	index: 0, handler: __TI_zero_init
	index: 1, handler: __TI_decompress_lzss
	index: 2, handler: __TI_decompress_none


GLOBAL SYMBOLS: SORTED ALPHABETICALLY BY Name 

address   name                          
-------   ----                          
00004751  C$$EXIT                       
00004719  CPUcpsie                      
00000bc3  GPIOF_Handler                 
000046eb  IntMasterEnable               
000044dd  IntRegister                   
00004725  ResetISR                      
00002aef  TIMER3B_Handler               
00003065  UART1_Handler                 
20001a70  __STACK_END                   
00001800  __STACK_SIZE                  
20000470  __STACK_TOP                   
00000800  __SYSMEM_SIZE                 
000048c8  __TI_CINIT_Base               
000048e0  __TI_CINIT_Limit              
000048a8  __TI_Handler_Table_Base       
000048b4  __TI_Handler_Table_Limit      
00004369  __TI_auto_init_nobinit_nopinit
0000410d  __TI_decompress_lzss          
0000470b  __TI_decompress_none          
0000422f  __TI_ltoa                     
ffffffff  __TI_pprof_out_hndl           
00000e8d  __TI_printfi                  
ffffffff  __TI_prof_data_size           
ffffffff  __TI_prof_data_start          
00000000  __TI_static_base__            
000045cd  __TI_zero_init_nomemset       
00003e39  __aeabi_cdcmpeq               
00003e39  __aeabi_cdcmple               
00003ebf  __aeabi_cdrcmple              
0000409f  __aeabi_d2f                   
00004321  __aeabi_d2iz                  
00003113  __aeabi_dadd                  
000033fd  __aeabi_ddiv                  
0000399d  __aeabi_dmul                  
00003109  __aeabi_dsub                  
0000473d  __aeabi_errno_addr            
000044a5  __aeabi_f2d                   
00004575  __aeabi_i2d                   
000032bf  __aeabi_idiv0                 
000032bf  __aeabi_ldiv0                 
00003f45  __aeabi_memclr                
00003f45  __aeabi_memclr4               
00003f45  __aeabi_memclr8               
00003d07  __aeabi_memcpy                
00003d07  __aeabi_memcpy4               
00003d07  __aeabi_memcpy8               
00003f47  __aeabi_memset                
00003f47  __aeabi_memset4               
00003f47  __aeabi_memset8               
00003da3  __aeabi_uldivmod              
ffffffff  __binit__                     
ffffffff  __c_args__                    
UNDEFED   __mpu_init                    
20000270  __stack                       
20000000  __start___llvm_prf_cnts       
20000000  __stop___llvm_prf_cnts        
00004511  _c_int00_noargs               
00004754  _ctypes_                      
20002310  _lock                         
000018db  _nop                          
20002334  _running                      
20001a70  _sys_memory                   
UNDEFED   _system_post_cinit            
0000474d  _system_pre_init              
200022dc  _timeout_ticks                
20002314  _unlock                       
00004751  abort                         
00003b7d  adc_init                      
00003bed  adc_read                      
0000389d  aligned_alloc                 
000042d5  atoi                          
ffffffff  binit                         
0000446d  calloc                        
00002ad5  check_of                      
20002328  command_byte                  
2000232c  command_flag                  
00004621  copysign                      
00004621  copysignl                     
200022e0  ed                            
20002330  errno                         
00003a99  free                          
00004175  frexp                         
00004175  frexpl                        
200022e4  g_e_time                      
20000000  g_pfnRAMVectors               
00000000  g_pfnVectors                  
200022e8  g_s_time                      
0000097f  go_charge                     
000046fb  lcd_clear                     
00002395  lcd_gotoLine                  
000021fd  lcd_init                      
000023fb  lcd_printf                    
000022bd  lcd_putc                      
000022f5  lcd_puts                      
000021c1  lcd_reverseNibble             
00002313  lcd_sendCommand               
00002351  lcd_sendNibble                
000023bd  lcd_setCursorPos              
0000378d  ldexp                         
0000378d  ldexpl                        
20002324  m_w                           
000018dd  main                          
00004745  malloc                        
0000389d  memalign                      
00004605  memccpy                       
00003d07  memcpy                        
00003f4d  memset                        
200022f0  motor_cal_factor_L            
200022f4  motor_cal_factor_R            
00002ddd  move_backward                 
00002d79  move_forward                  
0000026d  oi_alloc                      
00000aa9  oi_checkFirmware              
000002c7  oi_close                      
00000279  oi_free                       
00000ded  oi_getMotorCalibrationLeft    
00000e01  oi_getMotorCalibrationRight   
000002b1  oi_init                       
00000289  oi_init_noupdate              
00000915  oi_loadSong                   
0000466b  oi_parseInt                   
0000032b  oi_parsePacket                
0000096b  oi_play_song                  
0000084b  oi_setLeds                    
00000db1  oi_setMotorCalibration        
0000088f  oi_setWheels                  
00000b51  oi_shutoff_init               
0000098d  oi_uartInit                   
00000a31  oi_uartReceive                
00000a77  oi_uartSendBuff               
00000a15  oi_uartSendChar               
00000a59  oi_uartSendStr                
000002d9  oi_update                     
20002320  p_p                           
00002b25  ping_getDistance              
000029a1  ping_init                     
00002a47  ping_trigger                  
200022ec  read                          
0000378d  scalbn                        
0000378d  scalbnl                       
00003535  servo_init                    
000035e7  servo_move                    
000043ad  sprintf                       
0000469b  strchr                        
00004683  strcmp                        
000046b1  strcpy                        
000046c5  strlen                        
00002877  timer_getMicros               
0000281f  timer_getMillis               
00002759  timer_init                    
000027fb  timer_pause                   
0000280d  timer_resume                  
000027d1  timer_stop                    
000028d1  timer_waitMicros              
00002903  timer_waitMillis              
00002e45  turn_left                     
00002ebb  turn_right                    
00002f49  uart_interrupt_init           
00003019  uart_receive                  
00002ffd  uart_sendChar                 
0000303f  uart_sendStr                  
000043ed  vsnprintf                     
000046d9  wcslen                        


GLOBAL SYMBOLS: SORTED BY Symbol Address 

address   name                          
-------   ----                          
00000000  __TI_static_base__            
00000000  g_pfnVectors                  
0000026d  oi_alloc                      
00000279  oi_free                       
00000289  oi_init_noupdate              
000002b1  oi_init                       
000002c7  oi_close                      
000002d9  oi_update                     
0000032b  oi_parsePacket                
00000800  __SYSMEM_SIZE                 
0000084b  oi_setLeds                    
0000088f  oi_setWheels                  
00000915  oi_loadSong                   
0000096b  oi_play_song                  
0000097f  go_charge                     
0000098d  oi_uartInit                   
00000a15  oi_uartSendChar               
00000a31  oi_uartReceive                
00000a59  oi_uartSendStr                
00000a77  oi_uartSendBuff               
00000aa9  oi_checkFirmware              
00000b51  oi_shutoff_init               
00000bc3  GPIOF_Handler                 
00000db1  oi_setMotorCalibration        
00000ded  oi_getMotorCalibrationLeft    
00000e01  oi_getMotorCalibrationRight   
00000e8d  __TI_printfi                  
00001800  __STACK_SIZE                  
000018db  _nop                          
000018dd  main                          
000021c1  lcd_reverseNibble             
000021fd  lcd_init                      
000022bd  lcd_putc                      
000022f5  lcd_puts                      
00002313  lcd_sendCommand               
00002351  lcd_sendNibble                
00002395  lcd_gotoLine                  
000023bd  lcd_setCursorPos              
000023fb  lcd_printf                    
00002759  timer_init                    
000027d1  timer_stop                    
000027fb  timer_pause                   
0000280d  timer_resume                  
0000281f  timer_getMillis               
00002877  timer_getMicros               
000028d1  timer_waitMicros              
00002903  timer_waitMillis              
000029a1  ping_init                     
00002a47  ping_trigger                  
00002ad5  check_of                      
00002aef  TIMER3B_Handler               
00002b25  ping_getDistance              
00002d79  move_forward                  
00002ddd  move_backward                 
00002e45  turn_left                     
00002ebb  turn_right                    
00002f49  uart_interrupt_init           
00002ffd  uart_sendChar                 
00003019  uart_receive                  
0000303f  uart_sendStr                  
00003065  UART1_Handler                 
00003109  __aeabi_dsub                  
00003113  __aeabi_dadd                  
000032bf  __aeabi_idiv0                 
000032bf  __aeabi_ldiv0                 
000033fd  __aeabi_ddiv                  
00003535  servo_init                    
000035e7  servo_move                    
0000378d  ldexp                         
0000378d  ldexpl                        
0000378d  scalbn                        
0000378d  scalbnl                       
0000389d  aligned_alloc                 
0000389d  memalign                      
0000399d  __aeabi_dmul                  
00003a99  free                          
00003b7d  adc_init                      
00003bed  adc_read                      
00003d07  __aeabi_memcpy                
00003d07  __aeabi_memcpy4               
00003d07  __aeabi_memcpy8               
00003d07  memcpy                        
00003da3  __aeabi_uldivmod              
00003e39  __aeabi_cdcmpeq               
00003e39  __aeabi_cdcmple               
00003ebf  __aeabi_cdrcmple              
00003f45  __aeabi_memclr                
00003f45  __aeabi_memclr4               
00003f45  __aeabi_memclr8               
00003f47  __aeabi_memset                
00003f47  __aeabi_memset4               
00003f47  __aeabi_memset8               
00003f4d  memset                        
0000409f  __aeabi_d2f                   
0000410d  __TI_decompress_lzss          
00004175  frexp                         
00004175  frexpl                        
0000422f  __TI_ltoa                     
000042d5  atoi                          
00004321  __aeabi_d2iz                  
00004369  __TI_auto_init_nobinit_nopinit
000043ad  sprintf                       
000043ed  vsnprintf                     
0000446d  calloc                        
000044a5  __aeabi_f2d                   
000044dd  IntRegister                   
00004511  _c_int00_noargs               
00004575  __aeabi_i2d                   
000045cd  __TI_zero_init_nomemset       
00004605  memccpy                       
00004621  copysign                      
00004621  copysignl                     
0000466b  oi_parseInt                   
00004683  strcmp                        
0000469b  strchr                        
000046b1  strcpy                        
000046c5  strlen                        
000046d9  wcslen                        
000046eb  IntMasterEnable               
000046fb  lcd_clear                     
0000470b  __TI_decompress_none          
00004719  CPUcpsie                      
00004725  ResetISR                      
0000473d  __aeabi_errno_addr            
00004745  malloc                        
0000474d  _system_pre_init              
00004751  C$$EXIT                       
00004751  abort                         
00004754  _ctypes_                      
000048a8  __TI_Handler_Table_Base       
000048b4  __TI_Handler_Table_Limit      
000048c8  __TI_CINIT_Base               
000048e0  __TI_CINIT_Limit              
20000000  __start___llvm_prf_cnts       
20000000  __stop___llvm_prf_cnts        
20000000  g_pfnRAMVectors               
20000270  __stack                       
20000470  __STACK_TOP                   
20001a70  __STACK_END                   
20001a70  _sys_memory                   
200022dc  _timeout_ticks                
200022e0  ed                            
200022e4  g_e_time                      
200022e8  g_s_time                      
200022ec  read                          
200022f0  motor_cal_factor_L            
200022f4  motor_cal_factor_R            
20002310  _lock                         
20002314  _unlock                       
20002320  p_p                           
20002324  m_w                           
20002328  command_byte                  
2000232c  command_flag                  
20002330  errno                         
20002334  _running                      
ffffffff  __TI_pprof_out_hndl           
ffffffff  __TI_prof_data_size           
ffffffff  __TI_prof_data_start          
ffffffff  __binit__                     
ffffffff  __c_args__                    
ffffffff  binit                         
UNDEFED   __mpu_init                    
UNDEFED   _system_post_cinit            

[163 symbols]
