******************************************************************************
                  TI ARM Linker PC v20.2.7                     
******************************************************************************
>> Linked Wed May  7 14:20:27 2025

OUTPUT FILE NAME:   <finalproject2.out>
ENTRY POINT SYMBOL: "_c_int00_noargs"  address: 000053e5


MEMORY CONFIGURATION

         name            origin    length      used     unused   attr    fill
----------------------  --------  ---------  --------  --------  ----  --------
  FLASH                 00000000   00040000  00005c7b  0003a385  R  X
  SRAM                  20000000   00008000  00002331  00005ccf  RW X


SEGMENT ALLOCATION MAP

run origin  load origin   length   init length attrs members
----------  ----------- ---------- ----------- ----- -------
00000000    00000000    00005c80   00005c80    r-x
  00000000    00000000    0000026c   0000026c    r-- .intvecs
  0000026c    0000026c    000053bc   000053bc    r-x .text
  00005628    00005628    000005f3   000005f3    r-- .const
  00005c20    00005c20    00000060   00000060    r-- .cinit
20000000    20000000    00002335   00000000    rw-
  20000000    20000000    0000026c   00000000    rw- .vtable
  20000270    20000270    00001800   00000000    rw- .stack
  20001a70    20001a70    00000800   00000000    rw- .sysmem
  20002270    20002270    00000080   00000000    rw- .bss
  200022f0    200022f0    00000045   00000000    rw- .data


SECTION ALLOCATION MAP

 output                                  attributes/
section   page    origin      length       input sections
--------  ----  ----------  ----------   ----------------
.intvecs   0    00000000    0000026c     
                  00000000    0000026c     tm4c123gh6pm_startup_ccs.obj (.intvecs)

.text      0    0000026c    000053bc     
                  0000026c    00000c20     open_interface.obj (.text)
                  00000e8c    00000a4e     rtsv7M4_T_le_v4SPD16_eabi.lib : _printfi.c.obj (.text:__TI_printfi)
                  000018da    00000002                                   : _lock.c.obj (.text:_nop)
                  000018dc    000009d0                                   : e_pow.c.obj (.text:pow)
                  000022ac    00000790     movement.obj (.text)
                  00002a3c    000005a4     recent_test_useme.1.obj (.text)
                  00002fe0    00000328     lcd.obj (.text)
                  00003308    00000270     rtsv7M4_T_le_v4SPD16_eabi.lib : _printfi.c.obj (.text:_pconv_a)
                  00003578    00000260     servo.obj (.text)
                  000037d8    00000248     Timer.obj (.text)
                  00003a20    00000208     ping_template3.obj (.text)
                  00003c28    000001d0     rtsv7M4_T_le_v4SPD16_eabi.lib : _printfi.c.obj (.text:_pconv_g)
                  00003df8    000001c0     uart-interrupt.obj (.text)
                  00003fb8    000001b6     rtsv7M4_T_le_v4SPD16_eabi.lib : fd_add_t2.asm.obj (.text)
                  0000416e    00000002                                   : div0.asm.obj (.text)
                  00004170    00000158                                   : e_sqrt.c.obj (.text:sqrt)
                  000042c8    0000013c                                   : _printfi.c.obj (.text:_pconv_e)
                  00004404    00000136                                   : fd_div_t2.asm.obj (.text)
                  0000453a    00000002     --HOLE-- [fill = 0]
                  0000453c    00000124                                   : _printfi.c.obj (.text:fcvt)
                  00004660    00000110                                   : s_scalbn.c.obj (.text:scalbn)
                  00004770    00000100                                   : memory.c.obj (.text:aligned_alloc)
                  00004870    000000fc                                   : fd_mul_t2.asm.obj (.text)
                  0000496c    000000e4                                   : memory.c.obj (.text:free)
                  00004a50    000000d8     adc.obj (.text)
                  00004b28    000000b1     rtsv7M4_T_le_v4SPD16_eabi.lib : _printfi.c.obj (.text:_ltostr)
                  00004bd9    00000001     --HOLE-- [fill = 0]
                  00004bda    0000009c                                   : memcpy_t2.asm.obj (.text)
                  00004c76    00000096                                   : ull_div_t2.asm.obj (.text)
                  00004d0c    00000086                                   : fd_cmp_t2.asm.obj (.text:__aeabi_cdcmple)
                  00004d92    00000086                                   : fd_cmp_t2.asm.obj (.text:__aeabi_cdrcmple)
                  00004e18    0000007a                                   : memset_t2.asm.obj (.text)
                  00004e92    00000002     --HOLE-- [fill = 0]
                  00004e94    00000070                                   : memory.c.obj (.text:split)
                  00004f04    0000006e                                   : _printfi.c.obj (.text:_mcpy)
                  00004f72    0000006e                                   : fd_tos_t2.asm.obj (.text)
                  00004fe0    00000068                                   : copy_decompress_lzss.c.obj (.text:decompress:lzss:__TI_decompress_lzss)
                  00005048    00000064                                   : s_frexp.c.obj (.text:frexp)
                  000050ac    00000056                                   : _printfi.c.obj (.text:_pconv_f)
                  00005102    00000054                                   : _ltoa.c.obj (.text:__TI_ltoa)
                  00005156    00000052                                   : _printfi.c.obj (.text:_ecpy)
                  000051a8    0000004c                                   : atoi.c.obj (.text:atoi)
                  000051f4    00000048                                   : fd_toi_t2.asm.obj (.text)
                  0000523c    00000044                                   : autoinit.c.obj (.text:__TI_auto_init_nobinit_nopinit:__TI_auto_init_nobinit_nopinit)
                  00005280    00000040                                   : sprintf.c.obj (.text:sprintf)
                  000052c0    00000040                                   : vsnprintf.c.obj (.text:vsnprintf)
                  00005300    0000003e                                   : _printfi.c.obj (.text:_fcpy)
                  0000533e    00000002     --HOLE-- [fill = 0]
                  00005340    00000038                                   : memory.c.obj (.text:calloc)
                  00005378    00000038                                   : fs_tod_t2.asm.obj (.text)
                  000053b0    00000034     driverlib.lib : interrupt.obj (.text:IntRegister)
                  000053e4    00000034     rtsv7M4_T_le_v4SPD16_eabi.lib : boot_cortex_m.c.obj (.text:_c_int00_noargs:_c_int00_noargs)
                  00005418    00000030                                   : vsnprintf.c.obj (.text:_outs)
                  00005448    0000002e                                   : i_tofd_t2.asm.obj (.text)
                  00005476    00000002     --HOLE-- [fill = 0]
                  00005478    00000028                                   : memory.c.obj (.text:free_list_insert)
                  000054a0    0000001c                                   : copy_zero_init.c.obj (.text:decompress:ZI:__TI_zero_init_nomemset:__TI_zero_init_nomemset)
                  000054bc    0000001c                                   : memory.c.obj (.text:free_list_remove)
                  000054d8    0000001c                                   : memccpy.c.obj (.text:memccpy)
                  000054f4    0000001a                                   : s_copysign.c.obj (.text:copysign)
                  0000550e    00000018                                   : vsnprintf.c.obj (.text:_outc)
                  00005526    00000018                                   : sprintf.c.obj (.text:_outs)
                  0000553e    00000018     open_interface.obj (.text:oi_parseInt)
                  00005556    00000018     rtsv7M4_T_le_v4SPD16_eabi.lib : strcmp.c.obj (.text:strcmp)
                  0000556e    00000016                                   : strchr.c.obj (.text:strchr)
                  00005584    00000014                                   : strcpy.c.obj (.text:strcpy)
                  00005598    00000014                                   : strlen.c.obj (.text:strlen)
                  000055ac    00000012                                   : wcslen.c.obj (.text:wcslen)
                  000055be    00000010     driverlib.lib : interrupt.obj (.text:IntMasterEnable)
                  000055ce    00000010     lcd.obj (.text:lcd_clear)
                  000055de    0000000e     rtsv7M4_T_le_v4SPD16_eabi.lib : copy_decompress_none.c.obj (.text:decompress:none:__TI_decompress_none)
                  000055ec    0000000c     driverlib.lib : cpu.obj (.text:CPUcpsie)
                  000055f8    0000000c     tm4c123gh6pm_startup_ccs.obj (.text)
                  00005604    0000000a     rtsv7M4_T_le_v4SPD16_eabi.lib : sprintf.c.obj (.text:_outc)
                  0000560e    00000002     --HOLE-- [fill = 0]
                  00005610    00000008                                   : errno.c.obj (.text:__aeabi_errno_addr)
                  00005618    00000008                                   : memory.c.obj (.text:malloc)
                  00005620    00000004                                   : pre_init.c.obj (.text:_system_pre_init)
                  00005624    00000004                                   : exit.c.obj (.text:abort:abort)

.const     0    00005628    000005f3     
                  00005628    000002d0     recent_test_useme.1.obj (.const:$P$T2$3)
                  000058f8    00000168     recent_test_useme.1.obj (.const:$P$T1$2)
                  00005a60    00000101     rtsv7M4_T_le_v4SPD16_eabi.lib : ctype.c.obj (.const:.string:_ctypes_)
                  00005b61    00000007     recent_test_useme.1.obj (.const:.string:$P$T8$9)
                  00005b68    00000030     rtsv7M4_T_le_v4SPD16_eabi.lib : e_pow.c.obj (.const:$O1$$)
                  00005b98    00000014     movement.obj (.const:.string:$P$T0$1)
                  00005bac    00000014     recent_test_useme.1.obj (.const:.string:$P$T0$1)
                  00005bc0    00000010     recent_test_useme.1.obj (.const:.string:$P$T3$4)
                  00005bd0    00000010     recent_test_useme.1.obj (.const:.string:$P$T4$5)
                  00005be0    00000010     recent_test_useme.1.obj (.const:.string:$P$T6$7)
                  00005bf0    0000000f     open_interface.obj (.const:.string:$P$T0$3)
                  00005bff    0000000e     recent_test_useme.1.obj (.const:.string:$P$T5$6)
                  00005c0d    00000006     recent_test_useme.1.obj (.const:.string:$P$T7$8)
                  00005c13    00000004     lcd.obj (.const:.string:lineAddress$1)
                  00005c17    00000004     lcd.obj (.const:.string:lineAddresses$2)

.cinit     0    00005c20    00000060     
                  00005c20    00000027     (.cinit..data.load) [load image, compression = lzss]
                  00005c47    00000001     --HOLE-- [fill = 0]
                  00005c48    0000000c     (__TI_handler_table)
                  00005c54    00000004     --HOLE-- [fill = 0]
                  00005c58    00000008     (.cinit..bss.load) [load image, compression = zero_init]
                  00005c60    00000008     (.cinit..vtable.load) [load image, compression = zero_init]
                  00005c68    00000018     (__TI_cinit_table)

.init_array 
*          0    00000000    00000000     UNINITIALIZED

.vtable    0    20000000    0000026c     UNINITIALIZED
                  20000000    0000026c     driverlib.lib : interrupt.obj (.vtable)

.stack     0    20000270    00001800     UNINITIALIZED
                  20000270    00000004     rtsv7M4_T_le_v4SPD16_eabi.lib : boot_cortex_m.c.obj (.stack)
                  20000274    000017fc     --HOLE--

.sysmem    0    20001a70    00000800     UNINITIALIZED
                  20001a70    00000010     rtsv7M4_T_le_v4SPD16_eabi.lib : memory.c.obj (.sysmem)
                  20001a80    000007f0     --HOLE--

.bss       0    20002270    00000080     UNINITIALIZED
                  20002270    00000054     lcd.obj (.bss:lastbuffer$3)
                  200022c4    00000018     open_interface.obj (.bss:firmware$2)
                  200022dc    00000004     (.common:_timeout_ticks)
                  200022e0    00000004     (.common:ed)
                  200022e4    00000004     (.common:g_e_time)
                  200022e8    00000004     (.common:g_s_time)
                  200022ec    00000004     (.common:read)

.data      0    200022f0    00000045     UNINITIALIZED
                  200022f0    00000020     open_interface.obj (.data)
                  20002310    00000008     rtsv7M4_T_le_v4SPD16_eabi.lib : _lock.c.obj (.data:$O1$$)
                  20002318    00000008                                   : memory.c.obj (.data:$O1$$)
                  20002320    00000008     servo.obj (.data)
                  20002328    00000008     uart-interrupt.obj (.data)
                  20002330    00000004     rtsv7M4_T_le_v4SPD16_eabi.lib : errno.c.obj (.data)
                  20002334    00000001     Timer.obj (.data)

__llvm_prf_cnts 
*          0    20000000    00000000     UNINITIALIZED

MODULE SUMMARY

       Module                         code    ro data   rw data
       ------                         ----    -------   -------
    .\
       open_interface.obj             3128    15        56     
       recent_test_useme.1.obj        1444    1175      0      
       movement.obj                   1936    20        0      
       lcd.obj                        824     8         84     
       tm4c123gh6pm_startup_ccs.obj   12      620       0      
       servo.obj                      608     0         8      
       Timer.obj                      584     0         5      
       ping_template3.obj             520     0         16     
       uart-interrupt.obj             448     0         8      
       adc.obj                        216     0         0      
    +--+------------------------------+-------+---------+---------+
       Total:                         9720    1838      177    
                                                               
    C:/ti/TivaWare_C_Series-2.2.0.295/driverlib/ccs/Debug/driverlib.lib
       interrupt.obj                  68      0         620    
       cpu.obj                        12      0         0      
    +--+------------------------------+-------+---------+---------+
       Total:                         80      0         620    
                                                               
    C:\ti\ccs1271\ccs\tools\compiler\ti-cgt-arm_20.2.7.LTS\lib\rtsv7M4_T_le_v4SPD16_eabi.lib
       _printfi.c.obj                 4851    0         0      
       e_pow.c.obj                    2512    48        0      
       memory.c.obj                   728     0         8      
       fd_add_t2.asm.obj              438     0         0      
       e_sqrt.c.obj                   344     0         0      
       fd_div_t2.asm.obj              310     0         0      
       s_scalbn.c.obj                 272     0         0      
       fd_cmp_t2.asm.obj              268     0         0      
       ctype.c.obj                    0       257       0      
       fd_mul_t2.asm.obj              252     0         0      
       memcpy_t2.asm.obj              156     0         0      
       ull_div_t2.asm.obj             150     0         0      
       vsnprintf.c.obj                136     0         0      
       memset_t2.asm.obj              122     0         0      
       fd_tos_t2.asm.obj              110     0         0      
       copy_decompress_lzss.c.obj     104     0         0      
       s_frexp.c.obj                  100     0         0      
       sprintf.c.obj                  98      0         0      
       _ltoa.c.obj                    84      0         0      
       atoi.c.obj                     76      0         0      
       fd_toi_t2.asm.obj              72      0         0      
       autoinit.c.obj                 68      0         0      
       fs_tod_t2.asm.obj              56      0         0      
       boot_cortex_m.c.obj            52      0         0      
       i_tofd_t2.asm.obj              46      0         0      
       copy_zero_init.c.obj           28      0         0      
       memccpy.c.obj                  28      0         0      
       s_copysign.c.obj               26      0         0      
       strcmp.c.obj                   24      0         0      
       strchr.c.obj                   22      0         0      
       strcpy.c.obj                   20      0         0      
       strlen.c.obj                   20      0         0      
       wcslen.c.obj                   18      0         0      
       copy_decompress_none.c.obj     14      0         0      
       errno.c.obj                    8       0         4      
       _lock.c.obj                    2       0         8      
       exit.c.obj                     4       0         0      
       pre_init.c.obj                 4       0         0      
       div0.asm.obj                   2       0         0      
    +--+------------------------------+-------+---------+---------+
       Total:                         11625   305       20     
                                                               
       Heap:                          0       0         2048   
       Stack:                         0       0         6144   
       Linker Generated:              0       91        0      
    +--+------------------------------+-------+---------+---------+
       Grand Total:                   21425   2234      9009   


LINKER GENERATED COPY TABLES

__TI_cinit_table @ 00005c68 records: 3, size/record: 8, table size: 24
	.data: load addr=00005c20, load size=00000027 bytes, run addr=200022f0, run size=00000045 bytes, compression=lzss
	.bss: load addr=00005c58, load size=00000008 bytes, run addr=20002270, run size=00000080 bytes, compression=zero_init
	.vtable: load addr=00005c60, load size=00000008 bytes, run addr=20000000, run size=0000026c bytes, compression=zero_init


LINKER GENERATED HANDLER TABLE

__TI_handler_table @ 00005c48 records: 3, size/record: 4, table size: 12
	index: 0, handler: __TI_zero_init
	index: 1, handler: __TI_decompress_lzss
	index: 2, handler: __TI_decompress_none


GLOBAL SYMBOLS: SORTED ALPHABETICALLY BY Name 

address   name                          
-------   ----                          
00005625  C$$EXIT                       
000055ed  CPUcpsie                      
00000bc3  GPIOF_Handler                 
000055bf  IntMasterEnable               
000053b1  IntRegister                   
000055f9  ResetISR                      
00003b6d  TIMER3B_Handler               
00003f15  UART1_Handler                 
20001a70  __STACK_END                   
00001800  __STACK_SIZE                  
20000470  __STACK_TOP                   
00000800  __SYSMEM_SIZE                 
00005c68  __TI_CINIT_Base               
00005c80  __TI_CINIT_Limit              
00005c48  __TI_Handler_Table_Base       
00005c54  __TI_Handler_Table_Limit      
0000523d  __TI_auto_init_nobinit_nopinit
00004fe1  __TI_decompress_lzss          
000055df  __TI_decompress_none          
00005103  __TI_ltoa                     
ffffffff  __TI_pprof_out_hndl           
00000e8d  __TI_printfi                  
ffffffff  __TI_prof_data_size           
ffffffff  __TI_prof_data_start          
00000000  __TI_static_base__            
000054a1  __TI_zero_init_nomemset       
00004d0d  __aeabi_cdcmpeq               
00004d0d  __aeabi_cdcmple               
00004d93  __aeabi_cdrcmple              
00004f73  __aeabi_d2f                   
000051f5  __aeabi_d2iz                  
00003fc3  __aeabi_dadd                  
00004405  __aeabi_ddiv                  
00004871  __aeabi_dmul                  
00003fb9  __aeabi_dsub                  
00005611  __aeabi_errno_addr            
00005379  __aeabi_f2d                   
00005449  __aeabi_i2d                   
0000416f  __aeabi_idiv0                 
0000416f  __aeabi_ldiv0                 
00004e19  __aeabi_memclr                
00004e19  __aeabi_memclr4               
00004e19  __aeabi_memclr8               
00004bdb  __aeabi_memcpy                
00004bdb  __aeabi_memcpy4               
00004bdb  __aeabi_memcpy8               
00004e1b  __aeabi_memset                
00004e1b  __aeabi_memset4               
00004e1b  __aeabi_memset8               
00004c77  __aeabi_uldivmod              
ffffffff  __binit__                     
ffffffff  __c_args__                    
UNDEFED   __mpu_init                    
20000270  __stack                       
20000000  __start___llvm_prf_cnts       
20000000  __stop___llvm_prf_cnts        
000053e5  _c_int00_noargs               
00005a60  _ctypes_                      
20002310  _lock                         
000018db  _nop                          
20002334  _running                      
20001a70  _sys_memory                   
UNDEFED   _system_post_cinit            
00005621  _system_pre_init              
200022dc  _timeout_ticks                
20002314  _unlock                       
00005625  abort                         
00004a51  adc_init                      
00004ac1  adc_read                      
00004771  aligned_alloc                 
000051a9  atoi                          
ffffffff  binit                         
00005341  calloc                        
00003b53  check_of                      
20002328  command_byte                  
2000232c  command_flag                  
000054f5  copysign                      
000054f5  copysignl                     
200022e0  ed                            
20002330  errno                         
0000496d  free                          
00005049  frexp                         
00005049  frexpl                        
200022e4  g_e_time                      
20000000  g_pfnRAMVectors               
00000000  g_pfnVectors                  
200022e8  g_s_time                      
0000097f  go_charge                     
000055cf  lcd_clear                     
000031b5  lcd_gotoLine                  
0000301d  lcd_init                      
0000321b  lcd_printf                    
000030dd  lcd_putc                      
00003115  lcd_puts                      
00002fe1  lcd_reverseNibble             
00003133  lcd_sendCommand               
00003171  lcd_sendNibble                
000031dd  lcd_setCursorPos              
00004661  ldexp                         
00004661  ldexpl                        
20002324  m_w                           
00002a3d  main                          
00005619  malloc                        
00004771  memalign                      
000054d9  memccpy                       
00004bdb  memcpy                        
00004e21  memset                        
200022f0  motor_cal_factor_L            
200022f4  motor_cal_factor_R            
00002839  move_backward                 
000022ad  move_forward                  
0000026d  oi_alloc                      
00000aa9  oi_checkFirmware              
000002c7  oi_close                      
00000279  oi_free                       
00000ded  oi_getMotorCalibrationLeft    
00000e01  oi_getMotorCalibrationRight   
000002b1  oi_init                       
00000289  oi_init_noupdate              
00000915  oi_loadSong                   
0000553f  oi_parseInt                   
0000032b  oi_parsePacket                
0000096b  oi_play_song                  
0000084b  oi_setLeds                    
00000db1  oi_setMotorCalibration        
0000088f  oi_setWheels                  
00000b51  oi_shutoff_init               
0000098d  oi_uartInit                   
00000a31  oi_uartReceive                
00000a77  oi_uartSendBuff               
00000a15  oi_uartSendChar               
00000a59  oi_uartSendStr                
000002d9  oi_update                     
20002320  p_p                           
00003ba3  ping_getDistance              
00003a21  ping_init                     
00003ac7  ping_trigger                  
000018dd  pow                           
000018dd  powl                          
200022ec  read                          
00004661  scalbn                        
00004661  scalbnl                       
0000362b  scan                          
00003579  servo_init                    
0000372f  servo_move                    
00005281  sprintf                       
00004171  sqrt                          
00004171  sqrtl                         
0000556f  strchr                        
00005557  strcmp                        
00005585  strcpy                        
00005599  strlen                        
000038f7  timer_getMicros               
0000389f  timer_getMillis               
000037d9  timer_init                    
0000387b  timer_pause                   
0000388d  timer_resume                  
00003851  timer_stop                    
00003951  timer_waitMicros              
00003983  timer_waitMillis              
000028d1  turn_left                     
00002961  turn_right                    
00003df9  uart_interrupt_init           
00003ec9  uart_receive                  
00003ead  uart_sendChar                 
00003eef  uart_sendStr                  
000052c1  vsnprintf                     
000055ad  wcslen                        


GLOBAL SYMBOLS: SORTED BY Symbol Address 

address   name                          
-------   ----                          
00000000  __TI_static_base__            
00000000  g_pfnVectors                  
0000026d  oi_alloc                      
00000279  oi_free                       
00000289  oi_init_noupdate              
000002b1  oi_init                       
000002c7  oi_close                      
000002d9  oi_update                     
0000032b  oi_parsePacket                
00000800  __SYSMEM_SIZE                 
0000084b  oi_setLeds                    
0000088f  oi_setWheels                  
00000915  oi_loadSong                   
0000096b  oi_play_song                  
0000097f  go_charge                     
0000098d  oi_uartInit                   
00000a15  oi_uartSendChar               
00000a31  oi_uartReceive                
00000a59  oi_uartSendStr                
00000a77  oi_uartSendBuff               
00000aa9  oi_checkFirmware              
00000b51  oi_shutoff_init               
00000bc3  GPIOF_Handler                 
00000db1  oi_setMotorCalibration        
00000ded  oi_getMotorCalibrationLeft    
00000e01  oi_getMotorCalibrationRight   
00000e8d  __TI_printfi                  
00001800  __STACK_SIZE                  
000018db  _nop                          
000018dd  pow                           
000018dd  powl                          
000022ad  move_forward                  
00002839  move_backward                 
000028d1  turn_left                     
00002961  turn_right                    
00002a3d  main                          
00002fe1  lcd_reverseNibble             
0000301d  lcd_init                      
000030dd  lcd_putc                      
00003115  lcd_puts                      
00003133  lcd_sendCommand               
00003171  lcd_sendNibble                
000031b5  lcd_gotoLine                  
000031dd  lcd_setCursorPos              
0000321b  lcd_printf                    
00003579  servo_init                    
0000362b  scan                          
0000372f  servo_move                    
000037d9  timer_init                    
00003851  timer_stop                    
0000387b  timer_pause                   
0000388d  timer_resume                  
0000389f  timer_getMillis               
000038f7  timer_getMicros               
00003951  timer_waitMicros              
00003983  timer_waitMillis              
00003a21  ping_init                     
00003ac7  ping_trigger                  
00003b53  check_of                      
00003b6d  TIMER3B_Handler               
00003ba3  ping_getDistance              
00003df9  uart_interrupt_init           
00003ead  uart_sendChar                 
00003ec9  uart_receive                  
00003eef  uart_sendStr                  
00003f15  UART1_Handler                 
00003fb9  __aeabi_dsub                  
00003fc3  __aeabi_dadd                  
0000416f  __aeabi_idiv0                 
0000416f  __aeabi_ldiv0                 
00004171  sqrt                          
00004171  sqrtl                         
00004405  __aeabi_ddiv                  
00004661  ldexp                         
00004661  ldexpl                        
00004661  scalbn                        
00004661  scalbnl                       
00004771  aligned_alloc                 
00004771  memalign                      
00004871  __aeabi_dmul                  
0000496d  free                          
00004a51  adc_init                      
00004ac1  adc_read                      
00004bdb  __aeabi_memcpy                
00004bdb  __aeabi_memcpy4               
00004bdb  __aeabi_memcpy8               
00004bdb  memcpy                        
00004c77  __aeabi_uldivmod              
00004d0d  __aeabi_cdcmpeq               
00004d0d  __aeabi_cdcmple               
00004d93  __aeabi_cdrcmple              
00004e19  __aeabi_memclr                
00004e19  __aeabi_memclr4               
00004e19  __aeabi_memclr8               
00004e1b  __aeabi_memset                
00004e1b  __aeabi_memset4               
00004e1b  __aeabi_memset8               
00004e21  memset                        
00004f73  __aeabi_d2f                   
00004fe1  __TI_decompress_lzss          
00005049  frexp                         
00005049  frexpl                        
00005103  __TI_ltoa                     
000051a9  atoi                          
000051f5  __aeabi_d2iz                  
0000523d  __TI_auto_init_nobinit_nopinit
00005281  sprintf                       
000052c1  vsnprintf                     
00005341  calloc                        
00005379  __aeabi_f2d                   
000053b1  IntRegister                   
000053e5  _c_int00_noargs               
00005449  __aeabi_i2d                   
000054a1  __TI_zero_init_nomemset       
000054d9  memccpy                       
000054f5  copysign                      
000054f5  copysignl                     
0000553f  oi_parseInt                   
00005557  strcmp                        
0000556f  strchr                        
00005585  strcpy                        
00005599  strlen                        
000055ad  wcslen                        
000055bf  IntMasterEnable               
000055cf  lcd_clear                     
000055df  __TI_decompress_none          
000055ed  CPUcpsie                      
000055f9  ResetISR                      
00005611  __aeabi_errno_addr            
00005619  malloc                        
00005621  _system_pre_init              
00005625  C$$EXIT                       
00005625  abort                         
00005a60  _ctypes_                      
00005c48  __TI_Handler_Table_Base       
00005c54  __TI_Handler_Table_Limit      
00005c68  __TI_CINIT_Base               
00005c80  __TI_CINIT_Limit              
20000000  __start___llvm_prf_cnts       
20000000  __stop___llvm_prf_cnts        
20000000  g_pfnRAMVectors               
20000270  __stack                       
20000470  __STACK_TOP                   
20001a70  __STACK_END                   
20001a70  _sys_memory                   
200022dc  _timeout_ticks                
200022e0  ed                            
200022e4  g_e_time                      
200022e8  g_s_time                      
200022ec  read                          
200022f0  motor_cal_factor_L            
200022f4  motor_cal_factor_R            
20002310  _lock                         
20002314  _unlock                       
20002320  p_p                           
20002324  m_w                           
20002328  command_byte                  
2000232c  command_flag                  
20002330  errno                         
20002334  _running                      
ffffffff  __TI_pprof_out_hndl           
ffffffff  __TI_prof_data_size           
ffffffff  __TI_prof_data_start          
ffffffff  __binit__                     
ffffffff  __c_args__                    
ffffffff  binit                         
UNDEFED   __mpu_init                    
UNDEFED   _system_post_cinit            

[168 symbols]
