<?xml version="1.0" encoding="ISO-8859-1" ?>
<link_info>
   <banner>TI ARM Linker PC v20.2.7.LTS</banner>
   <copyright>Copyright (c) 1996-2018 Texas Instruments Incorporated</copyright>
   <link_time>0x67a3cb1e</link_time>
   <link_errors>0x0</link_errors>
   <output_file>Lab1.out</output_file>
   <entry_point>
      <name>_c_int00_noargs</name>
      <address>0x2995</address>
   </entry_point>
   <input_file_list>
      <input_file id="fl-2">
         <path>.\</path>
         <kind>object</kind>
         <file>Timer.obj</file>
         <name>Timer.obj</name>
      </input_file>
      <input_file id="fl-3">
         <path>.\</path>
         <kind>object</kind>
         <file>helloworld.obj</file>
         <name>helloworld.obj</name>
      </input_file>
      <input_file id="fl-4">
         <path>.\</path>
         <kind>object</kind>
         <file>lcd.obj</file>
         <name>lcd.obj</name>
      </input_file>
      <input_file id="fl-5">
         <path>.\</path>
         <kind>object</kind>
         <file>tm4c123gh6pm_startup_ccs.obj</file>
         <name>tm4c123gh6pm_startup_ccs.obj</name>
      </input_file>
      <input_file id="fl-a">
         <kind>object</kind>
         <file>&lt;internal&gt;</file>
         <name>&lt;internal&gt;</name>
      </input_file>
      <input_file id="fl-c0">
         <path>C:\ti\ccs1271\ccs\tools\compiler\ti-cgt-arm_20.2.7.LTS\lib\</path>
         <kind>archive</kind>
         <file>rtsv7M4_T_le_v4SPD16_eabi.lib</file>
         <name>vsnprintf.c.obj</name>
      </input_file>
      <input_file id="fl-c1">
         <path>C:\ti\ccs1271\ccs\tools\compiler\ti-cgt-arm_20.2.7.LTS\lib\</path>
         <kind>archive</kind>
         <file>rtsv7M4_T_le_v4SPD16_eabi.lib</file>
         <name>fflush.c.obj</name>
      </input_file>
      <input_file id="fl-c2">
         <path>C:\ti\ccs1271\ccs\tools\compiler\ti-cgt-arm_20.2.7.LTS\lib\</path>
         <kind>archive</kind>
         <file>rtsv7M4_T_le_v4SPD16_eabi.lib</file>
         <name>memcpy_t2.asm.obj</name>
      </input_file>
      <input_file id="fl-c3">
         <path>C:\ti\ccs1271\ccs\tools\compiler\ti-cgt-arm_20.2.7.LTS\lib\</path>
         <kind>archive</kind>
         <file>rtsv7M4_T_le_v4SPD16_eabi.lib</file>
         <name>memset_t2.asm.obj</name>
      </input_file>
      <input_file id="fl-c4">
         <path>C:\ti\ccs1271\ccs\tools\compiler\ti-cgt-arm_20.2.7.LTS\lib\</path>
         <kind>archive</kind>
         <file>rtsv7M4_T_le_v4SPD16_eabi.lib</file>
         <name>copy_zero_init.c.obj</name>
      </input_file>
      <input_file id="fl-c5">
         <path>C:\ti\ccs1271\ccs\tools\compiler\ti-cgt-arm_20.2.7.LTS\lib\</path>
         <kind>archive</kind>
         <file>rtsv7M4_T_le_v4SPD16_eabi.lib</file>
         <name>copy_decompress_none.c.obj</name>
      </input_file>
      <input_file id="fl-c6">
         <path>C:\ti\ccs1271\ccs\tools\compiler\ti-cgt-arm_20.2.7.LTS\lib\</path>
         <kind>archive</kind>
         <file>rtsv7M4_T_le_v4SPD16_eabi.lib</file>
         <name>copy_decompress_lzss.c.obj</name>
      </input_file>
      <input_file id="fl-c7">
         <path>C:\ti\ccs1271\ccs\tools\compiler\ti-cgt-arm_20.2.7.LTS\lib\</path>
         <kind>archive</kind>
         <file>rtsv7M4_T_le_v4SPD16_eabi.lib</file>
         <name>_lock.c.obj</name>
      </input_file>
      <input_file id="fl-c8">
         <path>C:\ti\ccs1271\ccs\tools\compiler\ti-cgt-arm_20.2.7.LTS\lib\</path>
         <kind>archive</kind>
         <file>rtsv7M4_T_le_v4SPD16_eabi.lib</file>
         <name>defs.c.obj</name>
      </input_file>
      <input_file id="fl-c9">
         <path>C:\ti\ccs1271\ccs\tools\compiler\ti-cgt-arm_20.2.7.LTS\lib\</path>
         <kind>archive</kind>
         <file>rtsv7M4_T_le_v4SPD16_eabi.lib</file>
         <name>strcmp.c.obj</name>
      </input_file>
      <input_file id="fl-ca">
         <path>C:\ti\ccs1271\ccs\tools\compiler\ti-cgt-arm_20.2.7.LTS\lib\</path>
         <kind>archive</kind>
         <file>rtsv7M4_T_le_v4SPD16_eabi.lib</file>
         <name>strcpy.c.obj</name>
      </input_file>
      <input_file id="fl-cb">
         <path>C:\ti\ccs1271\ccs\tools\compiler\ti-cgt-arm_20.2.7.LTS\lib\</path>
         <kind>archive</kind>
         <file>rtsv7M4_T_le_v4SPD16_eabi.lib</file>
         <name>strlen.c.obj</name>
      </input_file>
      <input_file id="fl-cc">
         <path>C:\ti\ccs1271\ccs\tools\compiler\ti-cgt-arm_20.2.7.LTS\lib\</path>
         <kind>archive</kind>
         <file>rtsv7M4_T_le_v4SPD16_eabi.lib</file>
         <name>boot_cortex_m.c.obj</name>
      </input_file>
      <input_file id="fl-cd">
         <path>C:\ti\ccs1271\ccs\tools\compiler\ti-cgt-arm_20.2.7.LTS\lib\</path>
         <kind>archive</kind>
         <file>rtsv7M4_T_le_v4SPD16_eabi.lib</file>
         <name>write.c.obj</name>
      </input_file>
      <input_file id="fl-ce">
         <path>C:\ti\ccs1271\ccs\tools\compiler\ti-cgt-arm_20.2.7.LTS\lib\</path>
         <kind>archive</kind>
         <file>rtsv7M4_T_le_v4SPD16_eabi.lib</file>
         <name>host_device.c.obj</name>
      </input_file>
      <input_file id="fl-cf">
         <path>C:\ti\ccs1271\ccs\tools\compiler\ti-cgt-arm_20.2.7.LTS\lib\</path>
         <kind>archive</kind>
         <file>rtsv7M4_T_le_v4SPD16_eabi.lib</file>
         <name>_printfi.c.obj</name>
      </input_file>
      <input_file id="fl-d0">
         <path>C:\ti\ccs1271\ccs\tools\compiler\ti-cgt-arm_20.2.7.LTS\lib\</path>
         <kind>archive</kind>
         <file>rtsv7M4_T_le_v4SPD16_eabi.lib</file>
         <name>fd_add_t2.asm.obj</name>
      </input_file>
      <input_file id="fl-d1">
         <path>C:\ti\ccs1271\ccs\tools\compiler\ti-cgt-arm_20.2.7.LTS\lib\</path>
         <kind>archive</kind>
         <file>rtsv7M4_T_le_v4SPD16_eabi.lib</file>
         <name>fd_cmp_t2.asm.obj</name>
      </input_file>
      <input_file id="fl-d2">
         <path>C:\ti\ccs1271\ccs\tools\compiler\ti-cgt-arm_20.2.7.LTS\lib\</path>
         <kind>archive</kind>
         <file>rtsv7M4_T_le_v4SPD16_eabi.lib</file>
         <name>fd_div_t2.asm.obj</name>
      </input_file>
      <input_file id="fl-d3">
         <path>C:\ti\ccs1271\ccs\tools\compiler\ti-cgt-arm_20.2.7.LTS\lib\</path>
         <kind>archive</kind>
         <file>rtsv7M4_T_le_v4SPD16_eabi.lib</file>
         <name>fd_mul_t2.asm.obj</name>
      </input_file>
      <input_file id="fl-d4">
         <path>C:\ti\ccs1271\ccs\tools\compiler\ti-cgt-arm_20.2.7.LTS\lib\</path>
         <kind>archive</kind>
         <file>rtsv7M4_T_le_v4SPD16_eabi.lib</file>
         <name>fd_toi_t2.asm.obj</name>
      </input_file>
      <input_file id="fl-d5">
         <path>C:\ti\ccs1271\ccs\tools\compiler\ti-cgt-arm_20.2.7.LTS\lib\</path>
         <kind>archive</kind>
         <file>rtsv7M4_T_le_v4SPD16_eabi.lib</file>
         <name>i_tofd_t2.asm.obj</name>
      </input_file>
      <input_file id="fl-d6">
         <path>C:\ti\ccs1271\ccs\tools\compiler\ti-cgt-arm_20.2.7.LTS\lib\</path>
         <kind>archive</kind>
         <file>rtsv7M4_T_le_v4SPD16_eabi.lib</file>
         <name>ull_div_t2.asm.obj</name>
      </input_file>
      <input_file id="fl-d7">
         <path>C:\ti\ccs1271\ccs\tools\compiler\ti-cgt-arm_20.2.7.LTS\lib\</path>
         <kind>archive</kind>
         <file>rtsv7M4_T_le_v4SPD16_eabi.lib</file>
         <name>autoinit.c.obj</name>
      </input_file>
      <input_file id="fl-d8">
         <path>C:\ti\ccs1271\ccs\tools\compiler\ti-cgt-arm_20.2.7.LTS\lib\</path>
         <kind>archive</kind>
         <file>rtsv7M4_T_le_v4SPD16_eabi.lib</file>
         <name>pre_init.c.obj</name>
      </input_file>
      <input_file id="fl-d9">
         <path>C:\ti\ccs1271\ccs\tools\compiler\ti-cgt-arm_20.2.7.LTS\lib\</path>
         <kind>archive</kind>
         <file>rtsv7M4_T_le_v4SPD16_eabi.lib</file>
         <name>cpy_tbl.c.obj</name>
      </input_file>
      <input_file id="fl-da">
         <path>C:\ti\ccs1271\ccs\tools\compiler\ti-cgt-arm_20.2.7.LTS\lib\</path>
         <kind>archive</kind>
         <file>rtsv7M4_T_le_v4SPD16_eabi.lib</file>
         <name>exit.c.obj</name>
      </input_file>
      <input_file id="fl-db">
         <path>C:\ti\ccs1271\ccs\tools\compiler\ti-cgt-arm_20.2.7.LTS\lib\</path>
         <kind>archive</kind>
         <file>rtsv7M4_T_le_v4SPD16_eabi.lib</file>
         <name>_ltoa.c.obj</name>
      </input_file>
      <input_file id="fl-dc">
         <path>C:\ti\ccs1271\ccs\tools\compiler\ti-cgt-arm_20.2.7.LTS\lib\</path>
         <kind>archive</kind>
         <file>rtsv7M4_T_le_v4SPD16_eabi.lib</file>
         <name>args_main.c.obj</name>
      </input_file>
      <input_file id="fl-dd">
         <path>C:\ti\ccs1271\ccs\tools\compiler\ti-cgt-arm_20.2.7.LTS\lib\</path>
         <kind>archive</kind>
         <file>rtsv7M4_T_le_v4SPD16_eabi.lib</file>
         <name>atoi.c.obj</name>
      </input_file>
      <input_file id="fl-de">
         <path>C:\ti\ccs1271\ccs\tools\compiler\ti-cgt-arm_20.2.7.LTS\lib\</path>
         <kind>archive</kind>
         <file>rtsv7M4_T_le_v4SPD16_eabi.lib</file>
         <name>ctype.c.obj</name>
      </input_file>
      <input_file id="fl-df">
         <path>C:\ti\ccs1271\ccs\tools\compiler\ti-cgt-arm_20.2.7.LTS\lib\</path>
         <kind>archive</kind>
         <file>rtsv7M4_T_le_v4SPD16_eabi.lib</file>
         <name>memccpy.c.obj</name>
      </input_file>
      <input_file id="fl-e0">
         <path>C:\ti\ccs1271\ccs\tools\compiler\ti-cgt-arm_20.2.7.LTS\lib\</path>
         <kind>archive</kind>
         <file>rtsv7M4_T_le_v4SPD16_eabi.lib</file>
         <name>strchr.c.obj</name>
      </input_file>
      <input_file id="fl-e1">
         <path>C:\ti\ccs1271\ccs\tools\compiler\ti-cgt-arm_20.2.7.LTS\lib\</path>
         <kind>archive</kind>
         <file>rtsv7M4_T_le_v4SPD16_eabi.lib</file>
         <name>hostclose.c.obj</name>
      </input_file>
      <input_file id="fl-e2">
         <path>C:\ti\ccs1271\ccs\tools\compiler\ti-cgt-arm_20.2.7.LTS\lib\</path>
         <kind>archive</kind>
         <file>rtsv7M4_T_le_v4SPD16_eabi.lib</file>
         <name>hostlseek.c.obj</name>
      </input_file>
      <input_file id="fl-e3">
         <path>C:\ti\ccs1271\ccs\tools\compiler\ti-cgt-arm_20.2.7.LTS\lib\</path>
         <kind>archive</kind>
         <file>rtsv7M4_T_le_v4SPD16_eabi.lib</file>
         <name>hostopen.c.obj</name>
      </input_file>
      <input_file id="fl-e4">
         <path>C:\ti\ccs1271\ccs\tools\compiler\ti-cgt-arm_20.2.7.LTS\lib\</path>
         <kind>archive</kind>
         <file>rtsv7M4_T_le_v4SPD16_eabi.lib</file>
         <name>hostread.c.obj</name>
      </input_file>
      <input_file id="fl-e5">
         <path>C:\ti\ccs1271\ccs\tools\compiler\ti-cgt-arm_20.2.7.LTS\lib\</path>
         <kind>archive</kind>
         <file>rtsv7M4_T_le_v4SPD16_eabi.lib</file>
         <name>hostrename.c.obj</name>
      </input_file>
      <input_file id="fl-e6">
         <path>C:\ti\ccs1271\ccs\tools\compiler\ti-cgt-arm_20.2.7.LTS\lib\</path>
         <kind>archive</kind>
         <file>rtsv7M4_T_le_v4SPD16_eabi.lib</file>
         <name>hostunlink.c.obj</name>
      </input_file>
      <input_file id="fl-e7">
         <path>C:\ti\ccs1271\ccs\tools\compiler\ti-cgt-arm_20.2.7.LTS\lib\</path>
         <kind>archive</kind>
         <file>rtsv7M4_T_le_v4SPD16_eabi.lib</file>
         <name>hostwrite.c.obj</name>
      </input_file>
      <input_file id="fl-e8">
         <path>C:\ti\ccs1271\ccs\tools\compiler\ti-cgt-arm_20.2.7.LTS\lib\</path>
         <kind>archive</kind>
         <file>rtsv7M4_T_le_v4SPD16_eabi.lib</file>
         <name>trgmsg.c.obj</name>
      </input_file>
      <input_file id="fl-e9">
         <path>C:\ti\ccs1271\ccs\tools\compiler\ti-cgt-arm_20.2.7.LTS\lib\</path>
         <kind>archive</kind>
         <file>rtsv7M4_T_le_v4SPD16_eabi.lib</file>
         <name>errno.c.obj</name>
      </input_file>
      <input_file id="fl-ea">
         <path>C:\ti\ccs1271\ccs\tools\compiler\ti-cgt-arm_20.2.7.LTS\lib\</path>
         <kind>archive</kind>
         <file>rtsv7M4_T_le_v4SPD16_eabi.lib</file>
         <name>wcslen.c.obj</name>
      </input_file>
      <input_file id="fl-eb">
         <path>C:\ti\ccs1271\ccs\tools\compiler\ti-cgt-arm_20.2.7.LTS\lib\</path>
         <kind>archive</kind>
         <file>rtsv7M4_T_le_v4SPD16_eabi.lib</file>
         <name>s_frexp.c.obj</name>
      </input_file>
      <input_file id="fl-ec">
         <path>C:\ti\ccs1271\ccs\tools\compiler\ti-cgt-arm_20.2.7.LTS\lib\</path>
         <kind>archive</kind>
         <file>rtsv7M4_T_le_v4SPD16_eabi.lib</file>
         <name>s_scalbn.c.obj</name>
      </input_file>
      <input_file id="fl-ed">
         <path>C:\ti\ccs1271\ccs\tools\compiler\ti-cgt-arm_20.2.7.LTS\lib\</path>
         <kind>archive</kind>
         <file>rtsv7M4_T_le_v4SPD16_eabi.lib</file>
         <name>div0.asm.obj</name>
      </input_file>
      <input_file id="fl-ee">
         <path>C:\ti\ccs1271\ccs\tools\compiler\ti-cgt-arm_20.2.7.LTS\lib\</path>
         <kind>archive</kind>
         <file>rtsv7M4_T_le_v4SPD16_eabi.lib</file>
         <name>s_copysign.c.obj</name>
      </input_file>
      <input_file id="fl-ef">
         <path>C:\ti\TivaWare_C_Series-2.2.0.295\driverlib\ccs\Debug\</path>
         <kind>archive</kind>
         <file>driverlib.lib</file>
         <name>interrupt.obj</name>
      </input_file>
      <input_file id="fl-f0">
         <path>C:\ti\TivaWare_C_Series-2.2.0.295\driverlib\ccs\Debug\</path>
         <kind>archive</kind>
         <file>driverlib.lib</file>
         <name>cpu.obj</name>
      </input_file>
   </input_file_list>
   <object_component_list>
      <object_component id="oc-12">
         <name>.intvecs</name>
         <load_address>0x0</load_address>
         <run_address>0x0</run_address>
         <size>0x26c</size>
         <input_file_ref idref="fl-5"/>
      </object_component>
      <object_component id="oc-198">
         <name>.text:__TI_printfi</name>
         <load_address>0x26c</load_address>
         <run_address>0x26c</run_address>
         <size>0xa4e</size>
         <input_file_ref idref="fl-cf"/>
      </object_component>
      <object_component id="oc-1c5">
         <name>.text:_nop</name>
         <load_address>0xcba</load_address>
         <run_address>0xcba</run_address>
         <size>0x2</size>
         <input_file_ref idref="fl-c7"/>
      </object_component>
      <object_component id="oc-ca">
         <name>.text</name>
         <load_address>0xcbc</load_address>
         <run_address>0xcbc</run_address>
         <size>0x328</size>
         <input_file_ref idref="fl-4"/>
      </object_component>
      <object_component id="oc-227">
         <name>.text:_pconv_a</name>
         <load_address>0xfe4</load_address>
         <run_address>0xfe4</run_address>
         <size>0x270</size>
         <input_file_ref idref="fl-cf"/>
      </object_component>
      <object_component id="oc-c4">
         <name>.text</name>
         <load_address>0x1254</load_address>
         <run_address>0x1254</run_address>
         <size>0x248</size>
         <input_file_ref idref="fl-2"/>
      </object_component>
      <object_component id="oc-215">
         <name>.text:_pconv_g</name>
         <load_address>0x149c</load_address>
         <run_address>0x149c</run_address>
         <size>0x1d0</size>
         <input_file_ref idref="fl-cf"/>
      </object_component>
      <object_component id="oc-292">
         <name>.text</name>
         <load_address>0x166c</load_address>
         <run_address>0x166c</run_address>
         <size>0x1b6</size>
         <input_file_ref idref="fl-d0"/>
      </object_component>
      <object_component id="oc-2f6">
         <name>.text</name>
         <load_address>0x1822</load_address>
         <run_address>0x1822</run_address>
         <size>0x2</size>
         <input_file_ref idref="fl-ed"/>
      </object_component>
      <object_component id="oc-221">
         <name>.text:_pconv_e</name>
         <load_address>0x1824</load_address>
         <run_address>0x1824</run_address>
         <size>0x13c</size>
         <input_file_ref idref="fl-cf"/>
      </object_component>
      <object_component id="oc-278">
         <name>.text</name>
         <load_address>0x1960</load_address>
         <run_address>0x1960</run_address>
         <size>0x136</size>
         <input_file_ref idref="fl-d2"/>
      </object_component>
      <object_component id="oc-2a4">
         <name>.text:fcvt</name>
         <load_address>0x1a98</load_address>
         <run_address>0x1a98</run_address>
         <size>0x124</size>
         <input_file_ref idref="fl-cf"/>
      </object_component>
      <object_component id="oc-2b8">
         <name>.text:scalbn</name>
         <load_address>0x1bbc</load_address>
         <run_address>0x1bbc</run_address>
         <size>0x110</size>
         <input_file_ref idref="fl-ec"/>
      </object_component>
      <object_component id="oc-9b">
         <name>.text</name>
         <load_address>0x1ccc</load_address>
         <run_address>0x1ccc</run_address>
         <size>0x100</size>
         <input_file_ref idref="fl-3"/>
      </object_component>
      <object_component id="oc-273">
         <name>.text</name>
         <load_address>0x1dcc</load_address>
         <run_address>0x1dcc</run_address>
         <size>0xfc</size>
         <input_file_ref idref="fl-d3"/>
      </object_component>
      <object_component id="oc-20a">
         <name>.text:_ltostr</name>
         <load_address>0x1ec8</load_address>
         <run_address>0x1ec8</run_address>
         <size>0xb1</size>
         <input_file_ref idref="fl-cf"/>
      </object_component>
      <object_component id="oc-3b">
         <name>.text</name>
         <load_address>0x1f7a</load_address>
         <run_address>0x1f7a</run_address>
         <size>0x9c</size>
         <input_file_ref idref="fl-c2"/>
      </object_component>
      <object_component id="oc-26c">
         <name>.text</name>
         <load_address>0x2016</load_address>
         <run_address>0x2016</run_address>
         <size>0x96</size>
         <input_file_ref idref="fl-d6"/>
      </object_component>
      <object_component id="oc-210">
         <name>.text:__aeabi_cdcmple</name>
         <load_address>0x20ac</load_address>
         <run_address>0x20ac</run_address>
         <size>0x86</size>
         <input_file_ref idref="fl-d1"/>
      </object_component>
      <object_component id="oc-27d">
         <name>.text:__aeabi_cdrcmple</name>
         <load_address>0x2132</load_address>
         <run_address>0x2132</run_address>
         <size>0x86</size>
         <input_file_ref idref="fl-d1"/>
      </object_component>
      <object_component id="oc-d6">
         <name>.text:fflush</name>
         <load_address>0x21b8</load_address>
         <run_address>0x21b8</run_address>
         <size>0x7c</size>
         <input_file_ref idref="fl-c1"/>
      </object_component>
      <object_component id="oc-8f">
         <name>.text</name>
         <load_address>0x2234</load_address>
         <run_address>0x2234</run_address>
         <size>0x7a</size>
         <input_file_ref idref="fl-c3"/>
      </object_component>
      <object_component id="oc-29d">
         <name>.text:_mcpy</name>
         <load_address>0x22ae</load_address>
         <run_address>0x22ae</run_address>
         <size>0x6e</size>
         <input_file_ref idref="fl-cf"/>
      </object_component>
      <object_component id="oc-34f">
         <name>.text:HOSTrename</name>
         <load_address>0x231c</load_address>
         <run_address>0x231c</run_address>
         <size>0x6c</size>
         <input_file_ref idref="fl-e5"/>
      </object_component>
      <object_component id="oc-343">
         <name>.text:HOSTlseek</name>
         <load_address>0x2388</load_address>
         <run_address>0x2388</run_address>
         <size>0x68</size>
         <input_file_ref idref="fl-e2"/>
      </object_component>
      <object_component id="oc-15">
         <name>.text:decompress:lzss:__TI_decompress_lzss</name>
         <load_address>0x23f0</load_address>
         <run_address>0x23f0</run_address>
         <size>0x68</size>
         <input_file_ref idref="fl-c6"/>
      </object_component>
      <object_component id="oc-2b2">
         <name>.text:frexp</name>
         <load_address>0x2458</load_address>
         <run_address>0x2458</run_address>
         <size>0x64</size>
         <input_file_ref idref="fl-eb"/>
      </object_component>
      <object_component id="oc-32b">
         <name>.text:HOSTopen</name>
         <load_address>0x24bc</load_address>
         <run_address>0x24bc</run_address>
         <size>0x60</size>
         <input_file_ref idref="fl-e3"/>
      </object_component>
      <object_component id="oc-337">
         <name>.text:HOSTread</name>
         <load_address>0x251c</load_address>
         <run_address>0x251c</run_address>
         <size>0x58</size>
         <input_file_ref idref="fl-e4"/>
      </object_component>
      <object_component id="oc-33d">
         <name>.text:HOSTwrite</name>
         <load_address>0x2574</load_address>
         <run_address>0x2574</run_address>
         <size>0x58</size>
         <input_file_ref idref="fl-e7"/>
      </object_component>
      <object_component id="oc-21b">
         <name>.text:_pconv_f</name>
         <load_address>0x25cc</load_address>
         <run_address>0x25cc</run_address>
         <size>0x56</size>
         <input_file_ref idref="fl-cf"/>
      </object_component>
      <object_component id="oc-287">
         <name>.text:__TI_ltoa</name>
         <load_address>0x2622</load_address>
         <run_address>0x2622</run_address>
         <size>0x54</size>
         <input_file_ref idref="fl-db"/>
      </object_component>
      <object_component id="oc-297">
         <name>.text:_ecpy</name>
         <load_address>0x2676</load_address>
         <run_address>0x2676</run_address>
         <size>0x52</size>
         <input_file_ref idref="fl-cf"/>
      </object_component>
      <object_component id="oc-151">
         <name>.text:__TI_doflush</name>
         <load_address>0x26c8</load_address>
         <run_address>0x26c8</run_address>
         <size>0x4c</size>
         <input_file_ref idref="fl-c1"/>
      </object_component>
      <object_component id="oc-204">
         <name>.text:atoi</name>
         <load_address>0x2714</load_address>
         <run_address>0x2714</run_address>
         <size>0x4c</size>
         <input_file_ref idref="fl-dd"/>
      </object_component>
      <object_component id="oc-282">
         <name>.text</name>
         <load_address>0x2760</load_address>
         <run_address>0x2760</run_address>
         <size>0x48</size>
         <input_file_ref idref="fl-d4"/>
      </object_component>
      <object_component id="oc-331">
         <name>.text:HOSTclose</name>
         <load_address>0x27a8</load_address>
         <run_address>0x27a8</run_address>
         <size>0x44</size>
         <input_file_ref idref="fl-e1"/>
      </object_component>
      <object_component id="oc-349">
         <name>.text:HOSTunlink</name>
         <load_address>0x27ec</load_address>
         <run_address>0x27ec</run_address>
         <size>0x44</size>
         <input_file_ref idref="fl-e6"/>
      </object_component>
      <object_component id="oc-ed">
         <name>.text:__TI_auto_init_nobinit_nopinit:__TI_auto_init_nobinit_nopinit</name>
         <load_address>0x2830</load_address>
         <run_address>0x2830</run_address>
         <size>0x44</size>
         <input_file_ref idref="fl-d7"/>
      </object_component>
      <object_component id="oc-133">
         <name>.text:vsnprintf</name>
         <load_address>0x2874</load_address>
         <run_address>0x2874</run_address>
         <size>0x40</size>
         <input_file_ref idref="fl-c0"/>
      </object_component>
      <object_component id="oc-2aa">
         <name>.text:_fcpy</name>
         <load_address>0x28b4</load_address>
         <run_address>0x28b4</run_address>
         <size>0x3e</size>
         <input_file_ref idref="fl-cf"/>
      </object_component>
      <object_component id="oc-36a">
         <name>.text:__TI_writemsg</name>
         <load_address>0x28f4</load_address>
         <run_address>0x28f4</run_address>
         <size>0x38</size>
         <input_file_ref idref="fl-e8"/>
      </object_component>
      <object_component id="oc-121">
         <name>.text:IntRegister</name>
         <load_address>0x292c</load_address>
         <run_address>0x292c</run_address>
         <size>0x34</size>
         <input_file_ref idref="fl-ef"/>
      </object_component>
      <object_component id="oc-370">
         <name>.text:__TI_readmsg</name>
         <load_address>0x2960</load_address>
         <run_address>0x2960</run_address>
         <size>0x34</size>
         <input_file_ref idref="fl-e8"/>
      </object_component>
      <object_component id="oc-59">
         <name>.text:_c_int00_noargs:_c_int00_noargs</name>
         <load_address>0x2994</load_address>
         <run_address>0x2994</run_address>
         <size>0x34</size>
         <input_file_ref idref="fl-cc"/>
      </object_component>
      <object_component id="oc-19e">
         <name>.text:_outs</name>
         <load_address>0x29c8</load_address>
         <run_address>0x29c8</run_address>
         <size>0x30</size>
         <input_file_ref idref="fl-c0"/>
      </object_component>
      <object_component id="oc-28d">
         <name>.text</name>
         <load_address>0x29f8</load_address>
         <run_address>0x29f8</run_address>
         <size>0x2e</size>
         <input_file_ref idref="fl-d5"/>
      </object_component>
      <object_component id="oc-1be">
         <name>.text:write</name>
         <load_address>0x2a28</load_address>
         <run_address>0x2a28</run_address>
         <size>0x28</size>
         <input_file_ref idref="fl-cd"/>
      </object_component>
      <object_component id="oc-22d">
         <name>.text:memccpy</name>
         <load_address>0x2a50</load_address>
         <run_address>0x2a50</run_address>
         <size>0x1c</size>
         <input_file_ref idref="fl-df"/>
      </object_component>
      <object_component id="oc-30f">
         <name>.text:copysign</name>
         <load_address>0x2a6c</load_address>
         <run_address>0x2a6c</run_address>
         <size>0x1a</size>
         <input_file_ref idref="fl-ee"/>
      </object_component>
      <object_component id="oc-1a4">
         <name>.text:_outc</name>
         <load_address>0x2a86</load_address>
         <run_address>0x2a86</run_address>
         <size>0x18</size>
         <input_file_ref idref="fl-c0"/>
      </object_component>
      <object_component id="oc-139">
         <name>.text:strcmp</name>
         <load_address>0x2a9e</load_address>
         <run_address>0x2a9e</run_address>
         <size>0x18</size>
         <input_file_ref idref="fl-c9"/>
      </object_component>
      <object_component id="oc-2be">
         <name>.text:strchr</name>
         <load_address>0x2ab6</load_address>
         <run_address>0x2ab6</run_address>
         <size>0x16</size>
         <input_file_ref idref="fl-e0"/>
      </object_component>
      <object_component id="oc-13f">
         <name>.text:strcpy</name>
         <load_address>0x2acc</load_address>
         <run_address>0x2acc</run_address>
         <size>0x14</size>
         <input_file_ref idref="fl-ca"/>
      </object_component>
      <object_component id="oc-d0">
         <name>.text:strlen</name>
         <load_address>0x2ae0</load_address>
         <run_address>0x2ae0</run_address>
         <size>0x14</size>
         <input_file_ref idref="fl-cb"/>
      </object_component>
      <object_component id="oc-233">
         <name>.text:wcslen</name>
         <load_address>0x2af4</load_address>
         <run_address>0x2af4</run_address>
         <size>0x12</size>
         <input_file_ref idref="fl-ea"/>
      </object_component>
      <object_component id="oc-12c">
         <name>.text:lcd_clear</name>
         <load_address>0x2b06</load_address>
         <run_address>0x2b06</run_address>
         <size>0x10</size>
         <input_file_ref idref="fl-4"/>
      </object_component>
      <object_component id="oc-1b">
         <name>.text:decompress:none:__TI_decompress_none</name>
         <load_address>0x2b16</load_address>
         <run_address>0x2b16</run_address>
         <size>0xe</size>
         <input_file_ref idref="fl-c5"/>
      </object_component>
      <object_component id="oc-4d">
         <name>.text:decompress:ZI:__TI_zero_init</name>
         <load_address>0x2b24</load_address>
         <run_address>0x2b24</run_address>
         <size>0xc</size>
         <input_file_ref idref="fl-c4"/>
      </object_component>
      <object_component id="oc-27">
         <name>.text</name>
         <load_address>0x2b30</load_address>
         <run_address>0x2b30</run_address>
         <size>0xc</size>
         <input_file_ref idref="fl-5"/>
      </object_component>
      <object_component id="oc-239">
         <name>.text:__aeabi_errno_addr</name>
         <load_address>0x2b3c</load_address>
         <run_address>0x2b3c</run_address>
         <size>0x8</size>
         <input_file_ref idref="fl-e9"/>
      </object_component>
      <object_component id="oc-95">
         <name>.text:_system_pre_init</name>
         <load_address>0x2b44</load_address>
         <run_address>0x2b44</run_address>
         <size>0x4</size>
         <input_file_ref idref="fl-d8"/>
      </object_component>
      <object_component id="oc-e1">
         <name>.text:abort:abort</name>
         <load_address>0x2b48</load_address>
         <run_address>0x2b48</run_address>
         <size>0x4</size>
         <input_file_ref idref="fl-da"/>
      </object_component>
      <object_component id="oc-267">
         <name>.const:.string:_ctypes_</name>
         <load_address>0x2b4c</load_address>
         <run_address>0x2b4c</run_address>
         <size>0x101</size>
         <input_file_ref idref="fl-de"/>
      </object_component>
      <object_component id="oc-145">
         <name>.const:.string:lineAddress$1</name>
         <load_address>0x2c4d</load_address>
         <run_address>0x2c4d</run_address>
         <size>0x4</size>
         <input_file_ref idref="fl-4"/>
      </object_component>
      <object_component id="oc-146">
         <name>.const:.string:lineAddresses$2</name>
         <load_address>0x2c51</load_address>
         <run_address>0x2c51</run_address>
         <size>0x4</size>
         <input_file_ref idref="fl-4"/>
      </object_component>
      <object_component id="oc-3ca">
         <name>.cinit..data.load</name>
         <load_address>0x2c58</load_address>
         <run_address>0x2c58</run_address>
         <size>0x66</size>
      </object_component>
      <object_component id="oc-3c7">
         <name>__TI_handler_table</name>
         <load_address>0x2cc0</load_address>
         <run_address>0x2cc0</run_address>
         <size>0xc</size>
      </object_component>
      <object_component id="oc-3cb">
         <name>.cinit..bss.load</name>
         <load_address>0x2cd0</load_address>
         <run_address>0x2cd0</run_address>
         <size>0x8</size>
      </object_component>
      <object_component id="oc-3c9">
         <name>.cinit..vtable.load</name>
         <load_address>0x2cd8</load_address>
         <run_address>0x2cd8</run_address>
         <size>0x8</size>
      </object_component>
      <object_component id="oc-3c8">
         <name>__TI_cinit_table</name>
         <load_address>0x2ce0</load_address>
         <run_address>0x2ce0</run_address>
         <size>0x18</size>
      </object_component>
      <object_component id="oc-18c">
         <name>.vtable</name>
         <uninitialized>true</uninitialized>
         <run_address>0x20000000</run_address>
         <size>0x26c</size>
         <input_file_ref idref="fl-ef"/>
      </object_component>
      <object_component id="oc-127">
         <name>.data</name>
         <load_address>0x20001444</load_address>
         <run_address>0x20001444</run_address>
         <size>0x1</size>
         <input_file_ref idref="fl-2"/>
      </object_component>
      <object_component id="oc-157">
         <name>.data:$O1$$</name>
         <load_address>0x20001438</load_address>
         <run_address>0x20001438</run_address>
         <size>0x8</size>
         <input_file_ref idref="fl-c7"/>
      </object_component>
      <object_component id="oc-dc">
         <name>.data:_ftable</name>
         <load_address>0x20001270</load_address>
         <run_address>0x20001270</run_address>
         <size>0xf0</size>
         <input_file_ref idref="fl-c8"/>
      </object_component>
      <object_component id="oc-15a">
         <name>.data</name>
         <load_address>0x20001428</load_address>
         <run_address>0x20001428</run_address>
         <size>0x10</size>
         <input_file_ref idref="fl-c8"/>
      </object_component>
      <object_component id="oc-2df">
         <name>.data:_device</name>
         <load_address>0x20001360</load_address>
         <run_address>0x20001360</run_address>
         <size>0x78</size>
         <input_file_ref idref="fl-ce"/>
      </object_component>
      <object_component id="oc-253">
         <name>.data:_stream</name>
         <load_address>0x200013d8</load_address>
         <run_address>0x200013d8</run_address>
         <size>0x50</size>
         <input_file_ref idref="fl-ce"/>
      </object_component>
      <object_component id="oc-2ce">
         <name>.data</name>
         <load_address>0x20001440</load_address>
         <run_address>0x20001440</run_address>
         <size>0x4</size>
         <input_file_ref idref="fl-e9"/>
      </object_component>
      <object_component id="oc-147">
         <name>.bss:lastbuffer$3</name>
         <uninitialized>true</uninitialized>
         <run_address>0x20001568</run_address>
         <size>0x54</size>
         <input_file_ref idref="fl-4"/>
      </object_component>
      <object_component id="oc-386">
         <name>.bss:_CIOBUF_</name>
         <uninitialized>true</uninitialized>
         <run_address>0x20001448</run_address>
         <size>0x120</size>
         <input_file_ref idref="fl-e8"/>
      </object_component>
      <object_component id="oc-12a">
         <name>.common:_timeout_ticks</name>
         <uninitialized>true</uninitialized>
         <run_address>0x200015c4</run_address>
         <size>0x4</size>
      </object_component>
      <object_component id="oc-376">
         <name>.common:parmbuf</name>
         <uninitialized>true</uninitialized>
         <run_address>0x200015bc</run_address>
         <size>0x8</size>
      </object_component>
      <object_component id="oc-24">
         <name>.stack</name>
         <uninitialized>true</uninitialized>
         <run_address>0x20000270</run_address>
         <size>0x4</size>
         <input_file_ref idref="fl-cc"/>
      </object_component>
      <object_component id="oc-3cd">
         <name>.stack</name>
         <uninitialized>true</uninitialized>
         <run_address>0x20000270</run_address>
         <size>0x0</size>
      </object_component>
      <object_component id="oc-b2">
         <name>.debug_info</name>
         <load_address>0x0</load_address>
         <run_address>0x0</run_address>
         <size>0x2b1</size>
         <input_file_ref idref="fl-2"/>
      </object_component>
      <object_component id="oc-128">
         <name>.debug_info</name>
         <load_address>0x2b1</load_address>
         <run_address>0x2b1</run_address>
         <size>0xbf</size>
         <input_file_ref idref="fl-2"/>
      </object_component>
      <object_component id="oc-c5">
         <name>.debug_info</name>
         <load_address>0x370</load_address>
         <run_address>0x370</run_address>
         <size>0x507</size>
         <input_file_ref idref="fl-2"/>
      </object_component>
      <object_component id="oc-70">
         <name>.debug_info</name>
         <load_address>0x877</load_address>
         <run_address>0x877</run_address>
         <size>0x26b</size>
         <input_file_ref idref="fl-2"/>
      </object_component>
      <object_component id="oc-36">
         <name>.debug_info</name>
         <load_address>0xae2</load_address>
         <run_address>0xae2</run_address>
         <size>0x84</size>
         <input_file_ref idref="fl-2"/>
      </object_component>
      <object_component id="oc-ad">
         <name>.debug_info</name>
         <load_address>0xb66</load_address>
         <run_address>0xb66</run_address>
         <size>0x2a4</size>
         <input_file_ref idref="fl-2"/>
      </object_component>
      <object_component id="oc-75">
         <name>.debug_info</name>
         <load_address>0xe0a</load_address>
         <run_address>0xe0a</run_address>
         <size>0xbb</size>
         <input_file_ref idref="fl-2"/>
      </object_component>
      <object_component id="oc-e0">
         <name>.debug_info</name>
         <load_address>0xec5</load_address>
         <run_address>0xec5</run_address>
         <size>0x388</size>
         <input_file_ref idref="fl-3"/>
      </object_component>
      <object_component id="oc-9d">
         <name>.debug_info</name>
         <load_address>0x124d</load_address>
         <run_address>0x124d</run_address>
         <size>0x230</size>
         <input_file_ref idref="fl-3"/>
      </object_component>
      <object_component id="oc-165">
         <name>.debug_info</name>
         <load_address>0x147d</load_address>
         <run_address>0x147d</run_address>
         <size>0xcc</size>
         <input_file_ref idref="fl-3"/>
      </object_component>
      <object_component id="oc-14a">
         <name>.debug_info</name>
         <load_address>0x1549</load_address>
         <run_address>0x1549</run_address>
         <size>0x2c</size>
         <input_file_ref idref="fl-3"/>
      </object_component>
      <object_component id="oc-16a">
         <name>.debug_info</name>
         <load_address>0x1575</load_address>
         <run_address>0x1575</run_address>
         <size>0x35</size>
         <input_file_ref idref="fl-3"/>
      </object_component>
      <object_component id="oc-149">
         <name>.debug_info</name>
         <load_address>0x15aa</load_address>
         <run_address>0x15aa</run_address>
         <size>0x37f</size>
         <input_file_ref idref="fl-4"/>
      </object_component>
      <object_component id="oc-12e">
         <name>.debug_info</name>
         <load_address>0x1929</load_address>
         <run_address>0x1929</run_address>
         <size>0x114</size>
         <input_file_ref idref="fl-4"/>
      </object_component>
      <object_component id="oc-cb">
         <name>.debug_info</name>
         <load_address>0x1a3d</load_address>
         <run_address>0x1a3d</run_address>
         <size>0x8a0</size>
         <input_file_ref idref="fl-4"/>
      </object_component>
      <object_component id="oc-2f">
         <name>.debug_info</name>
         <load_address>0x22dd</load_address>
         <run_address>0x22dd</run_address>
         <size>0x29b</size>
         <input_file_ref idref="fl-5"/>
      </object_component>
      <object_component id="oc-13">
         <name>.debug_info</name>
         <load_address>0x2578</load_address>
         <run_address>0x2578</run_address>
         <size>0xda</size>
         <input_file_ref idref="fl-5"/>
      </object_component>
      <object_component id="oc-28">
         <name>.debug_info</name>
         <load_address>0x2652</load_address>
         <run_address>0x2652</run_address>
         <size>0x256</size>
         <input_file_ref idref="fl-5"/>
      </object_component>
      <object_component id="oc-1ab">
         <name>.debug_info</name>
         <load_address>0x28a8</load_address>
         <run_address>0x28a8</run_address>
         <size>0x340</size>
         <input_file_ref idref="fl-c0"/>
      </object_component>
      <object_component id="oc-134">
         <name>.debug_info</name>
         <load_address>0x2be8</load_address>
         <run_address>0x2be8</run_address>
         <size>0x208</size>
         <input_file_ref idref="fl-c0"/>
      </object_component>
      <object_component id="oc-1a1">
         <name>.debug_info</name>
         <load_address>0x2df0</load_address>
         <run_address>0x2df0</run_address>
         <size>0x1c6</size>
         <input_file_ref idref="fl-c0"/>
      </object_component>
      <object_component id="oc-1a7">
         <name>.debug_info</name>
         <load_address>0x2fb6</load_address>
         <run_address>0x2fb6</run_address>
         <size>0x179</size>
         <input_file_ref idref="fl-c0"/>
      </object_component>
      <object_component id="oc-1ac">
         <name>.debug_info</name>
         <load_address>0x312f</load_address>
         <run_address>0x312f</run_address>
         <size>0x2c</size>
         <input_file_ref idref="fl-c0"/>
      </object_component>
      <object_component id="oc-1b1">
         <name>.debug_info</name>
         <load_address>0x315b</load_address>
         <run_address>0x315b</run_address>
         <size>0x69</size>
         <input_file_ref idref="fl-c0"/>
      </object_component>
      <object_component id="oc-15e">
         <name>.debug_info</name>
         <load_address>0x31c4</load_address>
         <run_address>0x31c4</run_address>
         <size>0x347</size>
         <input_file_ref idref="fl-c1"/>
      </object_component>
      <object_component id="oc-155">
         <name>.debug_info</name>
         <load_address>0x350b</load_address>
         <run_address>0x350b</run_address>
         <size>0x18a</size>
         <input_file_ref idref="fl-c1"/>
      </object_component>
      <object_component id="oc-d8">
         <name>.debug_info</name>
         <load_address>0x3695</load_address>
         <run_address>0x3695</run_address>
         <size>0x1c8</size>
         <input_file_ref idref="fl-c1"/>
      </object_component>
      <object_component id="oc-1d3">
         <name>.debug_info</name>
         <load_address>0x385d</load_address>
         <run_address>0x385d</run_address>
         <size>0xb2</size>
         <input_file_ref idref="fl-c1"/>
      </object_component>
      <object_component id="oc-3c">
         <name>.debug_info</name>
         <load_address>0x390f</load_address>
         <run_address>0x390f</run_address>
         <size>0x119</size>
         <input_file_ref idref="fl-c2"/>
      </object_component>
      <object_component id="oc-91">
         <name>.debug_info</name>
         <load_address>0x3a28</load_address>
         <run_address>0x3a28</run_address>
         <size>0x147</size>
         <input_file_ref idref="fl-c3"/>
      </object_component>
      <object_component id="oc-8e">
         <name>.debug_info</name>
         <load_address>0x3b6f</load_address>
         <run_address>0x3b6f</run_address>
         <size>0x2d4</size>
         <input_file_ref idref="fl-c4"/>
      </object_component>
      <object_component id="oc-4e">
         <name>.debug_info</name>
         <load_address>0x3e43</load_address>
         <run_address>0x3e43</run_address>
         <size>0x1b5</size>
         <input_file_ref idref="fl-c4"/>
      </object_component>
      <object_component id="oc-89">
         <name>.debug_info</name>
         <load_address>0x3ff8</load_address>
         <run_address>0x3ff8</run_address>
         <size>0x46</size>
         <input_file_ref idref="fl-c4"/>
      </object_component>
      <object_component id="oc-bb">
         <name>.debug_info</name>
         <load_address>0x403e</load_address>
         <run_address>0x403e</run_address>
         <size>0x2c</size>
         <input_file_ref idref="fl-c4"/>
      </object_component>
      <object_component id="oc-46">
         <name>.debug_info</name>
         <load_address>0x406a</load_address>
         <run_address>0x406a</run_address>
         <size>0x2a8</size>
         <input_file_ref idref="fl-c5"/>
      </object_component>
      <object_component id="oc-1e">
         <name>.debug_info</name>
         <load_address>0x4312</load_address>
         <run_address>0x4312</run_address>
         <size>0x1ea</size>
         <input_file_ref idref="fl-c5"/>
      </object_component>
      <object_component id="oc-41">
         <name>.debug_info</name>
         <load_address>0x44fc</load_address>
         <run_address>0x44fc</run_address>
         <size>0x46</size>
         <input_file_ref idref="fl-c5"/>
      </object_component>
      <object_component id="oc-81">
         <name>.debug_info</name>
         <load_address>0x4542</load_address>
         <run_address>0x4542</run_address>
         <size>0x2c</size>
         <input_file_ref idref="fl-c5"/>
      </object_component>
      <object_component id="oc-7f">
         <name>.debug_info</name>
         <load_address>0x456e</load_address>
         <run_address>0x456e</run_address>
         <size>0x29e</size>
         <input_file_ref idref="fl-c6"/>
      </object_component>
      <object_component id="oc-19">
         <name>.debug_info</name>
         <load_address>0x480c</load_address>
         <run_address>0x480c</run_address>
         <size>0x250</size>
         <input_file_ref idref="fl-c6"/>
      </object_component>
      <object_component id="oc-31">
         <name>.debug_info</name>
         <load_address>0x4a5c</load_address>
         <run_address>0x4a5c</run_address>
         <size>0x60</size>
         <input_file_ref idref="fl-c6"/>
      </object_component>
      <object_component id="oc-b4">
         <name>.debug_info</name>
         <load_address>0x4abc</load_address>
         <run_address>0x4abc</run_address>
         <size>0x46</size>
         <input_file_ref idref="fl-c6"/>
      </object_component>
      <object_component id="oc-7a">
         <name>.debug_info</name>
         <load_address>0x4b02</load_address>
         <run_address>0x4b02</run_address>
         <size>0x39</size>
         <input_file_ref idref="fl-c6"/>
      </object_component>
      <object_component id="oc-1cd">
         <name>.debug_info</name>
         <load_address>0x4b3b</load_address>
         <run_address>0x4b3b</run_address>
         <size>0x2c9</size>
         <input_file_ref idref="fl-c7"/>
      </object_component>
      <object_component id="oc-158">
         <name>.debug_info</name>
         <load_address>0x4e04</load_address>
         <run_address>0x4e04</run_address>
         <size>0x11e</size>
         <input_file_ref idref="fl-c7"/>
      </object_component>
      <object_component id="oc-1c9">
         <name>.debug_info</name>
         <load_address>0x4f22</load_address>
         <run_address>0x4f22</run_address>
         <size>0x12e</size>
         <input_file_ref idref="fl-c7"/>
      </object_component>
      <object_component id="oc-161">
         <name>.debug_info</name>
         <load_address>0x5050</load_address>
         <run_address>0x5050</run_address>
         <size>0x144</size>
         <input_file_ref idref="fl-c8"/>
      </object_component>
      <object_component id="oc-dd">
         <name>.debug_info</name>
         <load_address>0x5194</load_address>
         <run_address>0x5194</run_address>
         <size>0x102</size>
         <input_file_ref idref="fl-c8"/>
      </object_component>
      <object_component id="oc-15b">
         <name>.debug_info</name>
         <load_address>0x5296</load_address>
         <run_address>0x5296</run_address>
         <size>0x18f</size>
         <input_file_ref idref="fl-c8"/>
      </object_component>
      <object_component id="oc-1b7">
         <name>.debug_info</name>
         <load_address>0x5425</load_address>
         <run_address>0x5425</run_address>
         <size>0x28a</size>
         <input_file_ref idref="fl-c9"/>
      </object_component>
      <object_component id="oc-13d">
         <name>.debug_info</name>
         <load_address>0x56af</load_address>
         <run_address>0x56af</run_address>
         <size>0x273</size>
         <input_file_ref idref="fl-c9"/>
      </object_component>
      <object_component id="oc-1b9">
         <name>.debug_info</name>
         <load_address>0x5922</load_address>
         <run_address>0x5922</run_address>
         <size>0x2a4</size>
         <input_file_ref idref="fl-ca"/>
      </object_component>
      <object_component id="oc-141">
         <name>.debug_info</name>
         <load_address>0x5bc6</load_address>
         <run_address>0x5bc6</run_address>
         <size>0x24d</size>
         <input_file_ref idref="fl-ca"/>
      </object_component>
      <object_component id="oc-150">
         <name>.debug_info</name>
         <load_address>0x5e13</load_address>
         <run_address>0x5e13</run_address>
         <size>0x28f</size>
         <input_file_ref idref="fl-cb"/>
      </object_component>
      <object_component id="oc-d1">
         <name>.debug_info</name>
         <load_address>0x60a2</load_address>
         <run_address>0x60a2</run_address>
         <size>0x245</size>
         <input_file_ref idref="fl-cb"/>
      </object_component>
      <object_component id="oc-25">
         <name>.debug_info</name>
         <load_address>0x62e7</load_address>
         <run_address>0x62e7</run_address>
         <size>0x10b</size>
         <input_file_ref idref="fl-cc"/>
      </object_component>
      <object_component id="oc-5d">
         <name>.debug_info</name>
         <load_address>0x63f2</load_address>
         <run_address>0x63f2</run_address>
         <size>0x1a9</size>
         <input_file_ref idref="fl-cc"/>
      </object_component>
      <object_component id="oc-257">
         <name>.debug_info</name>
         <load_address>0x659b</load_address>
         <run_address>0x659b</run_address>
         <size>0x397</size>
         <input_file_ref idref="fl-cd"/>
      </object_component>
      <object_component id="oc-1c1">
         <name>.debug_info</name>
         <load_address>0x6932</load_address>
         <run_address>0x6932</run_address>
         <size>0x18f</size>
         <input_file_ref idref="fl-cd"/>
      </object_component>
      <object_component id="oc-2e7">
         <name>.debug_info</name>
         <load_address>0x6ac1</load_address>
         <run_address>0x6ac1</run_address>
         <size>0x120</size>
         <input_file_ref idref="fl-cd"/>
      </object_component>
      <object_component id="oc-2ec">
         <name>.debug_info</name>
         <load_address>0x6be1</load_address>
         <run_address>0x6be1</run_address>
         <size>0x2c</size>
         <input_file_ref idref="fl-cd"/>
      </object_component>
      <object_component id="oc-2e4">
         <name>.debug_info</name>
         <load_address>0x6c0d</load_address>
         <run_address>0x6c0d</run_address>
         <size>0x337</size>
         <input_file_ref idref="fl-ce"/>
      </object_component>
      <object_component id="oc-2e0">
         <name>.debug_info</name>
         <load_address>0x6f44</load_address>
         <run_address>0x6f44</run_address>
         <size>0x109</size>
         <input_file_ref idref="fl-ce"/>
      </object_component>
      <object_component id="oc-254">
         <name>.debug_info</name>
         <load_address>0x704d</load_address>
         <run_address>0x704d</run_address>
         <size>0x109</size>
         <input_file_ref idref="fl-ce"/>
      </object_component>
      <object_component id="oc-240">
         <name>.debug_info</name>
         <load_address>0x7156</load_address>
         <run_address>0x7156</run_address>
         <size>0x590</size>
         <input_file_ref idref="fl-cf"/>
      </object_component>
      <object_component id="oc-20b">
         <name>.debug_info</name>
         <load_address>0x76e6</load_address>
         <run_address>0x76e6</run_address>
         <size>0x21e</size>
         <input_file_ref idref="fl-cf"/>
      </object_component>
      <object_component id="oc-299">
         <name>.debug_info</name>
         <load_address>0x7904</load_address>
         <run_address>0x7904</run_address>
         <size>0x1b3</size>
         <input_file_ref idref="fl-cf"/>
      </object_component>
      <object_component id="oc-29e">
         <name>.debug_info</name>
         <load_address>0x7ab7</load_address>
         <run_address>0x7ab7</run_address>
         <size>0x21b</size>
         <input_file_ref idref="fl-cf"/>
      </object_component>
      <object_component id="oc-217">
         <name>.debug_info</name>
         <load_address>0x7cd2</load_address>
         <run_address>0x7cd2</run_address>
         <size>0x3c0</size>
         <input_file_ref idref="fl-cf"/>
      </object_component>
      <object_component id="oc-2a5">
         <name>.debug_info</name>
         <load_address>0x8092</load_address>
         <run_address>0x8092</run_address>
         <size>0x30a</size>
         <input_file_ref idref="fl-cf"/>
      </object_component>
      <object_component id="oc-2ab">
         <name>.debug_info</name>
         <load_address>0x839c</load_address>
         <run_address>0x839c</run_address>
         <size>0x215</size>
         <input_file_ref idref="fl-cf"/>
      </object_component>
      <object_component id="oc-21c">
         <name>.debug_info</name>
         <load_address>0x85b1</load_address>
         <run_address>0x85b1</run_address>
         <size>0x215</size>
         <input_file_ref idref="fl-cf"/>
      </object_component>
      <object_component id="oc-222">
         <name>.debug_info</name>
         <load_address>0x87c6</load_address>
         <run_address>0x87c6</run_address>
         <size>0x304</size>
         <input_file_ref idref="fl-cf"/>
      </object_component>
      <object_component id="oc-229">
         <name>.debug_info</name>
         <load_address>0x8aca</load_address>
         <run_address>0x8aca</run_address>
         <size>0x4b5</size>
         <input_file_ref idref="fl-cf"/>
      </object_component>
      <object_component id="oc-19a">
         <name>.debug_info</name>
         <load_address>0x8f7f</load_address>
         <run_address>0x8f7f</run_address>
         <size>0x5f4</size>
         <input_file_ref idref="fl-cf"/>
      </object_component>
      <object_component id="oc-241">
         <name>.debug_info</name>
         <load_address>0x9573</load_address>
         <run_address>0x9573</run_address>
         <size>0x86</size>
         <input_file_ref idref="fl-cf"/>
      </object_component>
      <object_component id="oc-2d5">
         <name>.debug_info</name>
         <load_address>0x95f9</load_address>
         <run_address>0x95f9</run_address>
         <size>0x39</size>
         <input_file_ref idref="fl-cf"/>
      </object_component>
      <object_component id="oc-326">
         <name>.debug_info</name>
         <load_address>0x9632</load_address>
         <run_address>0x9632</run_address>
         <size>0xb6</size>
         <input_file_ref idref="fl-cf"/>
      </object_component>
      <object_component id="oc-2da">
         <name>.debug_info</name>
         <load_address>0x96e8</load_address>
         <run_address>0x96e8</run_address>
         <size>0x46</size>
         <input_file_ref idref="fl-cf"/>
      </object_component>
      <object_component id="oc-246">
         <name>.debug_info</name>
         <load_address>0x972e</load_address>
         <run_address>0x972e</run_address>
         <size>0x46</size>
         <input_file_ref idref="fl-cf"/>
      </object_component>
      <object_component id="oc-294">
         <name>.debug_info</name>
         <load_address>0x9774</load_address>
         <run_address>0x9774</run_address>
         <size>0x14c</size>
         <input_file_ref idref="fl-d0"/>
      </object_component>
      <object_component id="oc-211">
         <name>.debug_info</name>
         <load_address>0x98c0</load_address>
         <run_address>0x98c0</run_address>
         <size>0x128</size>
         <input_file_ref idref="fl-d1"/>
      </object_component>
      <object_component id="oc-27e">
         <name>.debug_info</name>
         <load_address>0x99e8</load_address>
         <run_address>0x99e8</run_address>
         <size>0x12a</size>
         <input_file_ref idref="fl-d1"/>
      </object_component>
      <object_component id="oc-279">
         <name>.debug_info</name>
         <load_address>0x9b12</load_address>
         <run_address>0x9b12</run_address>
         <size>0x13a</size>
         <input_file_ref idref="fl-d2"/>
      </object_component>
      <object_component id="oc-275">
         <name>.debug_info</name>
         <load_address>0x9c4c</load_address>
         <run_address>0x9c4c</run_address>
         <size>0x13a</size>
         <input_file_ref idref="fl-d3"/>
      </object_component>
      <object_component id="oc-284">
         <name>.debug_info</name>
         <load_address>0x9d86</load_address>
         <run_address>0x9d86</run_address>
         <size>0x12e</size>
         <input_file_ref idref="fl-d4"/>
      </object_component>
      <object_component id="oc-28f">
         <name>.debug_info</name>
         <load_address>0x9eb4</load_address>
         <run_address>0x9eb4</run_address>
         <size>0x12c</size>
         <input_file_ref idref="fl-d5"/>
      </object_component>
      <object_component id="oc-26f">
         <name>.debug_info</name>
         <load_address>0x9fe0</load_address>
         <run_address>0x9fe0</run_address>
         <size>0x134</size>
         <input_file_ref idref="fl-d6"/>
      </object_component>
      <object_component id="oc-177">
         <name>.debug_info</name>
         <load_address>0xa114</load_address>
         <run_address>0xa114</run_address>
         <size>0x4b3</size>
         <input_file_ref idref="fl-d7"/>
      </object_component>
      <object_component id="oc-ee">
         <name>.debug_info</name>
         <load_address>0xa5c7</load_address>
         <run_address>0xa5c7</run_address>
         <size>0x1a6</size>
         <input_file_ref idref="fl-d7"/>
      </object_component>
      <object_component id="oc-1e0">
         <name>.debug_info</name>
         <load_address>0xa76d</load_address>
         <run_address>0xa76d</run_address>
         <size>0x39</size>
         <input_file_ref idref="fl-d7"/>
      </object_component>
      <object_component id="oc-25b">
         <name>.debug_info</name>
         <load_address>0xa7a6</load_address>
         <run_address>0xa7a6</run_address>
         <size>0x39</size>
         <input_file_ref idref="fl-d7"/>
      </object_component>
      <object_component id="oc-1e5">
         <name>.debug_info</name>
         <load_address>0xa7df</load_address>
         <run_address>0xa7df</run_address>
         <size>0x39</size>
         <input_file_ref idref="fl-d7"/>
      </object_component>
      <object_component id="oc-1ea">
         <name>.debug_info</name>
         <load_address>0xa818</load_address>
         <run_address>0xa818</run_address>
         <size>0xcd</size>
         <input_file_ref idref="fl-d7"/>
      </object_component>
      <object_component id="oc-97">
         <name>.debug_info</name>
         <load_address>0xa8e5</load_address>
         <run_address>0xa8e5</run_address>
         <size>0x153</size>
         <input_file_ref idref="fl-d8"/>
      </object_component>
      <object_component id="oc-e5">
         <name>.debug_info</name>
         <load_address>0xaa38</load_address>
         <run_address>0xaa38</run_address>
         <size>0x122</size>
         <input_file_ref idref="fl-da"/>
      </object_component>
      <object_component id="oc-301">
         <name>.debug_info</name>
         <load_address>0xab5a</load_address>
         <run_address>0xab5a</run_address>
         <size>0x29c</size>
         <input_file_ref idref="fl-db"/>
      </object_component>
      <object_component id="oc-288">
         <name>.debug_info</name>
         <load_address>0xadf6</load_address>
         <run_address>0xadf6</run_address>
         <size>0x1da</size>
         <input_file_ref idref="fl-db"/>
      </object_component>
      <object_component id="oc-26b">
         <name>.debug_info</name>
         <load_address>0xafd0</load_address>
         <run_address>0xafd0</run_address>
         <size>0x2b9</size>
         <input_file_ref idref="fl-dd"/>
      </object_component>
      <object_component id="oc-205">
         <name>.debug_info</name>
         <load_address>0xb289</load_address>
         <run_address>0xb289</run_address>
         <size>0x17c</size>
         <input_file_ref idref="fl-dd"/>
      </object_component>
      <object_component id="oc-2f3">
         <name>.debug_info</name>
         <load_address>0xb405</load_address>
         <run_address>0xb405</run_address>
         <size>0xf9</size>
         <input_file_ref idref="fl-de"/>
      </object_component>
      <object_component id="oc-268">
         <name>.debug_info</name>
         <load_address>0xb4fe</load_address>
         <run_address>0xb4fe</run_address>
         <size>0x105</size>
         <input_file_ref idref="fl-de"/>
      </object_component>
      <object_component id="oc-2c6">
         <name>.debug_info</name>
         <load_address>0xb603</load_address>
         <run_address>0xb603</run_address>
         <size>0x2a7</size>
         <input_file_ref idref="fl-df"/>
      </object_component>
      <object_component id="oc-231">
         <name>.debug_info</name>
         <load_address>0xb8aa</load_address>
         <run_address>0xb8aa</run_address>
         <size>0x1b8</size>
         <input_file_ref idref="fl-df"/>
      </object_component>
      <object_component id="oc-318">
         <name>.debug_info</name>
         <load_address>0xba62</load_address>
         <run_address>0xba62</run_address>
         <size>0x29a</size>
         <input_file_ref idref="fl-e0"/>
      </object_component>
      <object_component id="oc-2bf">
         <name>.debug_info</name>
         <load_address>0xbcfc</load_address>
         <run_address>0xbcfc</run_address>
         <size>0x262</size>
         <input_file_ref idref="fl-e0"/>
      </object_component>
      <object_component id="oc-37b">
         <name>.debug_info</name>
         <load_address>0xbf5e</load_address>
         <run_address>0xbf5e</run_address>
         <size>0x373</size>
         <input_file_ref idref="fl-e1"/>
      </object_component>
      <object_component id="oc-334">
         <name>.debug_info</name>
         <load_address>0xc2d1</load_address>
         <run_address>0xc2d1</run_address>
         <size>0x1bc</size>
         <input_file_ref idref="fl-e1"/>
      </object_component>
      <object_component id="oc-381">
         <name>.debug_info</name>
         <load_address>0xc48d</load_address>
         <run_address>0xc48d</run_address>
         <size>0x378</size>
         <input_file_ref idref="fl-e2"/>
      </object_component>
      <object_component id="oc-347">
         <name>.debug_info</name>
         <load_address>0xc805</load_address>
         <run_address>0xc805</run_address>
         <size>0x210</size>
         <input_file_ref idref="fl-e2"/>
      </object_component>
      <object_component id="oc-377">
         <name>.debug_info</name>
         <load_address>0xca15</load_address>
         <run_address>0xca15</run_address>
         <size>0x3a3</size>
         <input_file_ref idref="fl-e3"/>
      </object_component>
      <object_component id="oc-32c">
         <name>.debug_info</name>
         <load_address>0xcdb8</load_address>
         <run_address>0xcdb8</run_address>
         <size>0x20c</size>
         <input_file_ref idref="fl-e3"/>
      </object_component>
      <object_component id="oc-37d">
         <name>.debug_info</name>
         <load_address>0xcfc4</load_address>
         <run_address>0xcfc4</run_address>
         <size>0x377</size>
         <input_file_ref idref="fl-e4"/>
      </object_component>
      <object_component id="oc-338">
         <name>.debug_info</name>
         <load_address>0xd33b</load_address>
         <run_address>0xd33b</run_address>
         <size>0x1fb</size>
         <input_file_ref idref="fl-e4"/>
      </object_component>
      <object_component id="oc-385">
         <name>.debug_info</name>
         <load_address>0xd536</load_address>
         <run_address>0xd536</run_address>
         <size>0x3d5</size>
         <input_file_ref idref="fl-e5"/>
      </object_component>
      <object_component id="oc-351">
         <name>.debug_info</name>
         <load_address>0xd90b</load_address>
         <run_address>0xd90b</run_address>
         <size>0x236</size>
         <input_file_ref idref="fl-e5"/>
      </object_component>
      <object_component id="oc-383">
         <name>.debug_info</name>
         <load_address>0xdb41</load_address>
         <run_address>0xdb41</run_address>
         <size>0x396</size>
         <input_file_ref idref="fl-e6"/>
      </object_component>
      <object_component id="oc-34a">
         <name>.debug_info</name>
         <load_address>0xded7</load_address>
         <run_address>0xded7</run_address>
         <size>0x1c6</size>
         <input_file_ref idref="fl-e6"/>
      </object_component>
      <object_component id="oc-37f">
         <name>.debug_info</name>
         <load_address>0xe09d</load_address>
         <run_address>0xe09d</run_address>
         <size>0x378</size>
         <input_file_ref idref="fl-e7"/>
      </object_component>
      <object_component id="oc-340">
         <name>.debug_info</name>
         <load_address>0xe415</load_address>
         <run_address>0xe415</run_address>
         <size>0x200</size>
         <input_file_ref idref="fl-e7"/>
      </object_component>
      <object_component id="oc-38a">
         <name>.debug_info</name>
         <load_address>0xe615</load_address>
         <run_address>0xe615</run_address>
         <size>0x2bb</size>
         <input_file_ref idref="fl-e8"/>
      </object_component>
      <object_component id="oc-387">
         <name>.debug_info</name>
         <load_address>0xe8d0</load_address>
         <run_address>0xe8d0</run_address>
         <size>0x108</size>
         <input_file_ref idref="fl-e8"/>
      </object_component>
      <object_component id="oc-36b">
         <name>.debug_info</name>
         <load_address>0xe9d8</load_address>
         <run_address>0xe9d8</run_address>
         <size>0x1df</size>
         <input_file_ref idref="fl-e8"/>
      </object_component>
      <object_component id="oc-372">
         <name>.debug_info</name>
         <load_address>0xebb7</load_address>
         <run_address>0xebb7</run_address>
         <size>0x19a</size>
         <input_file_ref idref="fl-e8"/>
      </object_component>
      <object_component id="oc-2d2">
         <name>.debug_info</name>
         <load_address>0xed51</load_address>
         <run_address>0xed51</run_address>
         <size>0x289</size>
         <input_file_ref idref="fl-e9"/>
      </object_component>
      <object_component id="oc-2cf">
         <name>.debug_info</name>
         <load_address>0xefda</load_address>
         <run_address>0xefda</run_address>
         <size>0x10e</size>
         <input_file_ref idref="fl-e9"/>
      </object_component>
      <object_component id="oc-23d">
         <name>.debug_info</name>
         <load_address>0xf0e8</load_address>
         <run_address>0xf0e8</run_address>
         <size>0x14e</size>
         <input_file_ref idref="fl-e9"/>
      </object_component>
      <object_component id="oc-2cd">
         <name>.debug_info</name>
         <load_address>0xf236</load_address>
         <run_address>0xf236</run_address>
         <size>0x28f</size>
         <input_file_ref idref="fl-ea"/>
      </object_component>
      <object_component id="oc-237">
         <name>.debug_info</name>
         <load_address>0xf4c5</load_address>
         <run_address>0xf4c5</run_address>
         <size>0x15a</size>
         <input_file_ref idref="fl-ea"/>
      </object_component>
      <object_component id="oc-31b">
         <name>.debug_info</name>
         <load_address>0xf61f</load_address>
         <run_address>0xf61f</run_address>
         <size>0x46</size>
         <input_file_ref idref="fl-ea"/>
      </object_component>
      <object_component id="oc-2c8">
         <name>.debug_info</name>
         <load_address>0xf665</load_address>
         <run_address>0xf665</run_address>
         <size>0x39</size>
         <input_file_ref idref="fl-ea"/>
      </object_component>
      <object_component id="oc-309">
         <name>.debug_info</name>
         <load_address>0xf69e</load_address>
         <run_address>0xf69e</run_address>
         <size>0x295</size>
         <input_file_ref idref="fl-eb"/>
      </object_component>
      <object_component id="oc-2b3">
         <name>.debug_info</name>
         <load_address>0xf933</load_address>
         <run_address>0xf933</run_address>
         <size>0x195</size>
         <input_file_ref idref="fl-eb"/>
      </object_component>
      <object_component id="oc-360">
         <name>.debug_info</name>
         <load_address>0xfac8</load_address>
         <run_address>0xfac8</run_address>
         <size>0x39</size>
         <input_file_ref idref="fl-eb"/>
      </object_component>
      <object_component id="oc-30a">
         <name>.debug_info</name>
         <load_address>0xfb01</load_address>
         <run_address>0xfb01</run_address>
         <size>0x2c</size>
         <input_file_ref idref="fl-eb"/>
      </object_component>
      <object_component id="oc-316">
         <name>.debug_info</name>
         <load_address>0xfb2d</load_address>
         <run_address>0xfb2d</run_address>
         <size>0x2f8</size>
         <input_file_ref idref="fl-ec"/>
      </object_component>
      <object_component id="oc-2b9">
         <name>.debug_info</name>
         <load_address>0xfe25</load_address>
         <run_address>0xfe25</run_address>
         <size>0x225</size>
         <input_file_ref idref="fl-ec"/>
      </object_component>
      <object_component id="oc-2f9">
         <name>.debug_info</name>
         <load_address>0x1004a</load_address>
         <run_address>0x1004a</run_address>
         <size>0x115</size>
         <input_file_ref idref="fl-ed"/>
      </object_component>
      <object_component id="oc-310">
         <name>.debug_info</name>
         <load_address>0x1015f</load_address>
         <run_address>0x1015f</run_address>
         <size>0x161</size>
         <input_file_ref idref="fl-ee"/>
      </object_component>
      <object_component id="oc-195">
         <name>.debug_info</name>
         <load_address>0x102c0</load_address>
         <run_address>0x102c0</run_address>
         <size>0x3b7</size>
         <input_file_ref idref="fl-ef"/>
      </object_component>
      <object_component id="oc-18d">
         <name>.debug_info</name>
         <load_address>0x10677</load_address>
         <run_address>0x10677</run_address>
         <size>0x160</size>
         <input_file_ref idref="fl-ef"/>
      </object_component>
      <object_component id="oc-122">
         <name>.debug_info</name>
         <load_address>0x107d7</load_address>
         <run_address>0x107d7</run_address>
         <size>0x2ca</size>
         <input_file_ref idref="fl-ef"/>
      </object_component>
      <object_component id="oc-1ff">
         <name>.debug_info</name>
         <load_address>0x10aa1</load_address>
         <run_address>0x10aa1</run_address>
         <size>0x26b</size>
         <input_file_ref idref="fl-ef"/>
      </object_component>
      <object_component id="oc-1fa">
         <name>.debug_info</name>
         <load_address>0x10d0c</load_address>
         <run_address>0x10d0c</run_address>
         <size>0x8b</size>
         <input_file_ref idref="fl-ef"/>
      </object_component>
      <object_component id="oc-1f3">
         <name>.debug_info</name>
         <load_address>0x10d97</load_address>
         <run_address>0x10d97</run_address>
         <size>0x297</size>
         <input_file_ref idref="fl-ef"/>
      </object_component>
      <object_component id="oc-190">
         <name>.debug_info</name>
         <load_address>0x1102e</load_address>
         <run_address>0x1102e</run_address>
         <size>0xbb</size>
         <input_file_ref idref="fl-ef"/>
      </object_component>
      <object_component id="oc-3ce">
         <name>.debug_info</name>
         <load_address>0x110e9</load_address>
         <run_address>0x110e9</run_address>
         <size>0x8d</size>
      </object_component>
      <object_component id="oc-120">
         <name>.debug_line</name>
         <load_address>0x0</load_address>
         <run_address>0x0</run_address>
         <size>0x69</size>
         <input_file_ref idref="fl-2"/>
      </object_component>
      <object_component id="oc-197">
         <name>.debug_line</name>
         <load_address>0x69</load_address>
         <run_address>0x69</run_address>
         <size>0x2e</size>
         <input_file_ref idref="fl-2"/>
      </object_component>
      <object_component id="oc-c9">
         <name>.debug_line</name>
         <load_address>0x97</load_address>
         <run_address>0x97</run_address>
         <size>0x179</size>
         <input_file_ref idref="fl-2"/>
      </object_component>
      <object_component id="oc-73">
         <name>.debug_line</name>
         <load_address>0x210</load_address>
         <run_address>0x210</run_address>
         <size>0x6f</size>
         <input_file_ref idref="fl-2"/>
      </object_component>
      <object_component id="oc-39">
         <name>.debug_line</name>
         <load_address>0x27f</load_address>
         <run_address>0x27f</run_address>
         <size>0x20</size>
         <input_file_ref idref="fl-2"/>
      </object_component>
      <object_component id="oc-b0">
         <name>.debug_line</name>
         <load_address>0x29f</load_address>
         <run_address>0x29f</run_address>
         <size>0x73</size>
         <input_file_ref idref="fl-2"/>
      </object_component>
      <object_component id="oc-78">
         <name>.debug_line</name>
         <load_address>0x312</load_address>
         <run_address>0x312</run_address>
         <size>0x70</size>
         <input_file_ref idref="fl-2"/>
      </object_component>
      <object_component id="oc-164">
         <name>.debug_line</name>
         <load_address>0x382</load_address>
         <run_address>0x382</run_address>
         <size>0xcf</size>
         <input_file_ref idref="fl-3"/>
      </object_component>
      <object_component id="oc-a0">
         <name>.debug_line</name>
         <load_address>0x451</load_address>
         <run_address>0x451</run_address>
         <size>0x88</size>
         <input_file_ref idref="fl-3"/>
      </object_component>
      <object_component id="oc-168">
         <name>.debug_line</name>
         <load_address>0x4d9</load_address>
         <run_address>0x4d9</run_address>
         <size>0x6a</size>
         <input_file_ref idref="fl-3"/>
      </object_component>
      <object_component id="oc-14d">
         <name>.debug_line</name>
         <load_address>0x543</load_address>
         <run_address>0x543</run_address>
         <size>0x6b</size>
         <input_file_ref idref="fl-3"/>
      </object_component>
      <object_component id="oc-16d">
         <name>.debug_line</name>
         <load_address>0x5ae</load_address>
         <run_address>0x5ae</run_address>
         <size>0x74</size>
         <input_file_ref idref="fl-3"/>
      </object_component>
      <object_component id="oc-1bb">
         <name>.debug_line</name>
         <load_address>0x622</load_address>
         <run_address>0x622</run_address>
         <size>0xc3</size>
         <input_file_ref idref="fl-4"/>
      </object_component>
      <object_component id="oc-12d">
         <name>.debug_line</name>
         <load_address>0x6e5</load_address>
         <run_address>0x6e5</run_address>
         <size>0x45</size>
         <input_file_ref idref="fl-4"/>
      </object_component>
      <object_component id="oc-ce">
         <name>.debug_line</name>
         <load_address>0x72a</load_address>
         <run_address>0x72a</run_address>
         <size>0x19b</size>
         <input_file_ref idref="fl-4"/>
      </object_component>
      <object_component id="oc-6f">
         <name>.debug_line</name>
         <load_address>0x8c5</load_address>
         <run_address>0x8c5</run_address>
         <size>0x41</size>
         <input_file_ref idref="fl-5"/>
      </object_component>
      <object_component id="oc-2e">
         <name>.debug_line</name>
         <load_address>0x906</load_address>
         <run_address>0x906</run_address>
         <size>0x41</size>
         <input_file_ref idref="fl-5"/>
      </object_component>
      <object_component id="oc-2b">
         <name>.debug_line</name>
         <load_address>0x947</load_address>
         <run_address>0x947</run_address>
         <size>0xa1</size>
         <input_file_ref idref="fl-5"/>
      </object_component>
      <object_component id="oc-24e">
         <name>.debug_line</name>
         <load_address>0x9e8</load_address>
         <run_address>0x9e8</run_address>
         <size>0x2f</size>
         <input_file_ref idref="fl-c0"/>
      </object_component>
      <object_component id="oc-138">
         <name>.debug_line</name>
         <load_address>0xa17</load_address>
         <run_address>0xa17</run_address>
         <size>0x55</size>
         <input_file_ref idref="fl-c0"/>
      </object_component>
      <object_component id="oc-19f">
         <name>.debug_line</name>
         <load_address>0xa6c</load_address>
         <run_address>0xa6c</run_address>
         <size>0x59</size>
         <input_file_ref idref="fl-c0"/>
      </object_component>
      <object_component id="oc-1a6">
         <name>.debug_line</name>
         <load_address>0xac5</load_address>
         <run_address>0xac5</run_address>
         <size>0x47</size>
         <input_file_ref idref="fl-c0"/>
      </object_component>
      <object_component id="oc-1af">
[...]
         <cprec>
            <name>.data</name>
            <load_address>0x2c58</load_address>
            <load_size>0x66</load_size>
            <run_address>0x20001270</run_address>
            <run_size>0x1d5</run_size>
            <compression>lzss</compression>
         </cprec>
         <cprec>
            <name>.bss</name>
            <load_address>0x2cd0</load_address>
            <load_size>0x8</load_size>
            <run_address>0x20001448</run_address>
            <run_size>0x180</run_size>
            <compression>zero_init</compression>
         </cprec>
         <cprec>
            <name>.vtable</name>
            <load_address>0x2cd8</load_address>
            <load_size>0x8</load_size>
            <run_address>0x20000000</run_address>
            <run_size>0x26c</run_size>
            <compression>zero_init</compression>
         </cprec>
      </cptbl>
   </cptbl_list>
   <handler_table>
      <handler_table_name>__TI_handler_table</handler_table_name>
      <handler>
         <index>0x0</index>
         <name>__TI_zero_init</name>
      </handler>
      <handler>
         <index>0x1</index>
         <name>__TI_decompress_lzss</name>
      </handler>
      <handler>
         <index>0x2</index>
         <name>__TI_decompress_none</name>
      </handler>
   </handler_table>
   <symbol_table>
      <symbol id="sm-1">
         <name>__STACK_TOP</name>
         <value>0x20000470</value>
      </symbol>
      <symbol id="sm-2">
         <name>__start___llvm_prf_cnts</name>
         <value>0x20000000</value>
      </symbol>
      <symbol id="sm-3">
         <name>__stop___llvm_prf_cnts</name>
         <value>0x20000000</value>
      </symbol>
      <symbol id="sm-4">
         <name>__TI_CINIT_Base</name>
         <value>0x2ce0</value>
      </symbol>
      <symbol id="sm-5">
         <name>__TI_CINIT_Limit</name>
         <value>0x2cf8</value>
      </symbol>
      <symbol id="sm-6">
         <name>__TI_Handler_Table_Base</name>
         <value>0x2cc0</value>
      </symbol>
      <symbol id="sm-7">
         <name>__TI_Handler_Table_Limit</name>
         <value>0x2ccc</value>
      </symbol>
      <symbol id="sm-8">
         <name>binit</name>
         <value>0xffffffff</value>
      </symbol>
      <symbol id="sm-9">
         <name>__binit__</name>
         <value>0xffffffff</value>
      </symbol>
      <symbol id="sm-a">
         <name>__STACK_SIZE</name>
         <value>0x1000</value>
      </symbol>
      <symbol id="sm-b">
         <name>__STACK_END</name>
         <value>0x20001270</value>
      </symbol>
      <symbol id="sm-c">
         <name>__c_args__</name>
         <value>0xffffffff</value>
      </symbol>
      <symbol id="sm-d">
         <name>__TI_pprof_out_hndl</name>
         <value>0xffffffff</value>
      </symbol>
      <symbol id="sm-e">
         <name>__TI_prof_data_start</name>
         <value>0xffffffff</value>
      </symbol>
      <symbol id="sm-f">
         <name>__TI_prof_data_size</name>
         <value>0xffffffff</value>
      </symbol>
      <symbol id="sm-75">
         <name>_timeout_ticks</name>
         <value>0x200015c4</value>
      </symbol>
      <symbol id="sm-76">
         <name>timer_pause</name>
         <value>0x12f7</value>
         <object_component_ref idref="oc-c4"/>
      </symbol>
      <symbol id="sm-77">
         <name>timer_resume</name>
         <value>0x1309</value>
         <object_component_ref idref="oc-c4"/>
      </symbol>
      <symbol id="sm-78">
         <name>timer_getMillis</name>
         <value>0x131b</value>
         <object_component_ref idref="oc-c4"/>
      </symbol>
      <symbol id="sm-79">
         <name>_running</name>
         <value>0x20001444</value>
         <object_component_ref idref="oc-127"/>
      </symbol>
      <symbol id="sm-7a">
         <name>timer_init</name>
         <value>0x1255</value>
         <object_component_ref idref="oc-c4"/>
      </symbol>
      <symbol id="sm-7b">
         <name>timer_stop</name>
         <value>0x12cd</value>
         <object_component_ref idref="oc-c4"/>
      </symbol>
      <symbol id="sm-7c">
         <name>timer_getMicros</name>
         <value>0x1373</value>
         <object_component_ref idref="oc-c4"/>
      </symbol>
      <symbol id="sm-7d">
         <name>timer_waitMillis</name>
         <value>0x13ff</value>
         <object_component_ref idref="oc-c4"/>
      </symbol>
      <symbol id="sm-7e">
         <name>timer_waitMicros</name>
         <value>0x13cd</value>
         <object_component_ref idref="oc-c4"/>
      </symbol>
      <symbol id="sm-a7">
         <name>main</name>
         <value>0x1ccd</value>
         <object_component_ref idref="oc-9b"/>
      </symbol>
      <symbol id="sm-e4">
         <name>lcd_sendCommand</name>
         <value>0xe0f</value>
         <object_component_ref idref="oc-ca"/>
      </symbol>
      <symbol id="sm-e5">
         <name>lcd_sendNibble</name>
         <value>0xe4d</value>
         <object_component_ref idref="oc-ca"/>
      </symbol>
      <symbol id="sm-e6">
         <name>lcd_clear</name>
         <value>0x2b07</value>
         <object_component_ref idref="oc-12c"/>
      </symbol>
      <symbol id="sm-e7">
         <name>lcd_printf</name>
         <value>0xef7</value>
         <object_component_ref idref="oc-ca"/>
      </symbol>
      <symbol id="sm-e8">
         <name>lcd_setCursorPos</name>
         <value>0xeb9</value>
         <object_component_ref idref="oc-ca"/>
      </symbol>
      <symbol id="sm-e9">
         <name>lcd_init</name>
         <value>0xcf9</value>
         <object_component_ref idref="oc-ca"/>
      </symbol>
      <symbol id="sm-ea">
         <name>lcd_puts</name>
         <value>0xdf1</value>
         <object_component_ref idref="oc-ca"/>
      </symbol>
      <symbol id="sm-eb">
         <name>lcd_putc</name>
         <value>0xdb9</value>
         <object_component_ref idref="oc-ca"/>
      </symbol>
      <symbol id="sm-ec">
         <name>lcd_reverseNibble</name>
         <value>0xcbd</value>
         <object_component_ref idref="oc-ca"/>
      </symbol>
      <symbol id="sm-ed">
         <name>lcd_gotoLine</name>
         <value>0xe91</value>
         <object_component_ref idref="oc-ca"/>
      </symbol>
      <symbol id="sm-109">
         <name>ResetISR</name>
         <value>0x2b31</value>
         <object_component_ref idref="oc-27"/>
      </symbol>
      <symbol id="sm-10a">
         <name>g_pfnVectors</name>
         <value>0x0</value>
         <object_component_ref idref="oc-12"/>
      </symbol>
      <symbol id="sm-139">
         <name>vsnprintf</name>
         <value>0x2875</value>
         <object_component_ref idref="oc-133"/>
      </symbol>
      <symbol id="sm-15f">
         <name>__TI_doflush</name>
         <value>0x26c9</value>
         <object_component_ref idref="oc-151"/>
      </symbol>
      <symbol id="sm-160">
         <name>fflush</name>
         <value>0x21b9</value>
         <object_component_ref idref="oc-d6"/>
      </symbol>
      <symbol id="sm-17b">
         <name>memcpy</name>
         <value>0x1f7b</value>
         <object_component_ref idref="oc-3b"/>
      </symbol>
      <symbol id="sm-17c">
         <name>__aeabi_memcpy</name>
         <value>0x1f7b</value>
         <object_component_ref idref="oc-3b"/>
      </symbol>
      <symbol id="sm-17d">
         <name>__aeabi_memcpy8</name>
         <value>0x1f7b</value>
         <object_component_ref idref="oc-3b"/>
      </symbol>
      <symbol id="sm-17e">
         <name>__aeabi_memcpy4</name>
         <value>0x1f7b</value>
         <object_component_ref idref="oc-3b"/>
      </symbol>
      <symbol id="sm-18d">
         <name>__aeabi_memset</name>
         <value>0x2237</value>
         <object_component_ref idref="oc-8f"/>
      </symbol>
      <symbol id="sm-18e">
         <name>memset</name>
         <value>0x223d</value>
         <object_component_ref idref="oc-8f"/>
      </symbol>
      <symbol id="sm-18f">
         <name>__aeabi_memset8</name>
         <value>0x2237</value>
         <object_component_ref idref="oc-8f"/>
      </symbol>
      <symbol id="sm-190">
         <name>__aeabi_memset4</name>
         <value>0x2237</value>
         <object_component_ref idref="oc-8f"/>
      </symbol>
      <symbol id="sm-191">
         <name>__aeabi_memclr8</name>
         <value>0x2235</value>
         <object_component_ref idref="oc-8f"/>
      </symbol>
      <symbol id="sm-192">
         <name>__aeabi_memclr4</name>
         <value>0x2235</value>
         <object_component_ref idref="oc-8f"/>
      </symbol>
      <symbol id="sm-193">
         <name>__aeabi_memclr</name>
         <value>0x2235</value>
         <object_component_ref idref="oc-8f"/>
      </symbol>
      <symbol id="sm-1aa">
         <name>__TI_zero_init</name>
         <value>0x2b25</value>
         <object_component_ref idref="oc-4d"/>
      </symbol>
      <symbol id="sm-1c1">
         <name>__TI_decompress_none</name>
         <value>0x2b17</value>
         <object_component_ref idref="oc-1b"/>
      </symbol>
      <symbol id="sm-1e4">
         <name>__TI_decompress_lzss</name>
         <value>0x23f1</value>
         <object_component_ref idref="oc-15"/>
      </symbol>
      <symbol id="sm-1f9">
         <name>_nop</name>
         <value>0xcbb</value>
         <object_component_ref idref="oc-1c5"/>
      </symbol>
      <symbol id="sm-1fa">
         <name>_lock</name>
         <value>0x20001438</value>
         <object_component_ref idref="oc-157"/>
      </symbol>
      <symbol id="sm-1fb">
         <name>_unlock</name>
         <value>0x2000143c</value>
         <object_component_ref idref="oc-157"/>
      </symbol>
      <symbol id="sm-210">
         <name>__aeabi_stdout</name>
         <value>0x20001430</value>
         <object_component_ref idref="oc-15a"/>
      </symbol>
      <symbol id="sm-211">
         <name>__aeabi_stderr</name>
         <value>0x20001434</value>
         <object_component_ref idref="oc-15a"/>
      </symbol>
      <symbol id="sm-212">
         <name>__aeabi_stdin</name>
         <value>0x2000142c</value>
         <object_component_ref idref="oc-15a"/>
      </symbol>
      <symbol id="sm-213">
         <name>_ftable</name>
         <value>0x20001270</value>
         <object_component_ref idref="oc-dc"/>
      </symbol>
      <symbol id="sm-214">
         <name>__TI_ft_end</name>
         <value>0x20001428</value>
         <object_component_ref idref="oc-15a"/>
      </symbol>
      <symbol id="sm-223">
         <name>strcmp</name>
         <value>0x2a9f</value>
         <object_component_ref idref="oc-139"/>
      </symbol>
      <symbol id="sm-231">
         <name>strcpy</name>
         <value>0x2acd</value>
         <object_component_ref idref="oc-13f"/>
      </symbol>
      <symbol id="sm-23f">
         <name>strlen</name>
         <value>0x2ae1</value>
         <object_component_ref idref="oc-d0"/>
      </symbol>
      <symbol id="sm-252">
         <name>__stack</name>
         <value>0x20000270</value>
         <object_component_ref idref="oc-24"/>
      </symbol>
      <symbol id="sm-253">
         <name>_c_int00_noargs</name>
         <value>0x2995</value>
         <object_component_ref idref="oc-59"/>
      </symbol>
      <symbol id="sm-26d">
         <name>write</name>
         <value>0x2a29</value>
         <object_component_ref idref="oc-1be"/>
      </symbol>
      <symbol id="sm-27e">
         <name>_stream</name>
         <value>0x200013d8</value>
         <object_component_ref idref="oc-253"/>
      </symbol>
      <symbol id="sm-27f">
         <name>_device</name>
         <value>0x20001360</value>
         <object_component_ref idref="oc-2df"/>
      </symbol>
      <symbol id="sm-3e4">
         <name>__TI_printfi</name>
         <value>0x26d</value>
         <object_component_ref idref="oc-198"/>
      </symbol>
      <symbol id="sm-3fb">
         <name>__aeabi_dsub</name>
         <value>0x166d</value>
         <object_component_ref idref="oc-292"/>
      </symbol>
      <symbol id="sm-3fc">
         <name>__aeabi_dadd</name>
         <value>0x1677</value>
         <object_component_ref idref="oc-292"/>
      </symbol>
      <symbol id="sm-41e">
         <name>__aeabi_cdcmpeq</name>
         <value>0x20ad</value>
         <object_component_ref idref="oc-210"/>
      </symbol>
      <symbol id="sm-41f">
         <name>__aeabi_cdcmple</name>
         <value>0x20ad</value>
         <object_component_ref idref="oc-210"/>
      </symbol>
      <symbol id="sm-420">
         <name>__aeabi_cdrcmple</name>
         <value>0x2133</value>
         <object_component_ref idref="oc-27d"/>
      </symbol>
      <symbol id="sm-434">
         <name>__aeabi_ddiv</name>
         <value>0x1961</value>
         <object_component_ref idref="oc-278"/>
      </symbol>
      <symbol id="sm-43f">
         <name>__aeabi_dmul</name>
         <value>0x1dcd</value>
         <object_component_ref idref="oc-273"/>
      </symbol>
      <symbol id="sm-449">
         <name>__aeabi_d2iz</name>
         <value>0x2761</value>
         <object_component_ref idref="oc-282"/>
      </symbol>
      <symbol id="sm-453">
         <name>__aeabi_i2d</name>
         <value>0x29f9</value>
         <object_component_ref idref="oc-28d"/>
      </symbol>
      <symbol id="sm-460">
         <name>__aeabi_uldivmod</name>
         <value>0x2017</value>
         <object_component_ref idref="oc-26c"/>
      </symbol>
      <symbol id="sm-488">
         <name>__TI_auto_init_nobinit_nopinit</name>
         <value>0x2831</value>
         <object_component_ref idref="oc-ed"/>
      </symbol>
      <symbol id="sm-492">
         <name>_system_pre_init</name>
         <value>0x2b45</value>
         <object_component_ref idref="oc-95"/>
      </symbol>
      <symbol id="sm-49e">
         <name>C$$EXIT</name>
         <value>0x2b49</value>
         <object_component_ref idref="oc-e1"/>
      </symbol>
      <symbol id="sm-49f">
         <name>abort</name>
         <value>0x2b49</value>
         <object_component_ref idref="oc-e1"/>
      </symbol>
      <symbol id="sm-4ae">
         <name>__TI_ltoa</name>
         <value>0x2623</value>
         <object_component_ref idref="oc-287"/>
      </symbol>
      <symbol id="sm-4c5">
         <name>atoi</name>
         <value>0x2715</value>
         <object_component_ref idref="oc-204"/>
      </symbol>
      <symbol id="sm-4d0">
         <name>_ctypes_</name>
         <value>0x2b4c</value>
         <object_component_ref idref="oc-267"/>
      </symbol>
      <symbol id="sm-4e0">
         <name>memccpy</name>
         <value>0x2a51</value>
         <object_component_ref idref="oc-22d"/>
      </symbol>
      <symbol id="sm-4f0">
         <name>strchr</name>
         <value>0x2ab7</value>
         <object_component_ref idref="oc-2be"/>
      </symbol>
      <symbol id="sm-501">
         <name>HOSTclose</name>
         <value>0x27a9</value>
         <object_component_ref idref="oc-331"/>
      </symbol>
      <symbol id="sm-512">
         <name>HOSTlseek</name>
         <value>0x2389</value>
         <object_component_ref idref="oc-343"/>
      </symbol>
      <symbol id="sm-524">
         <name>parmbuf</name>
         <value>0x200015bc</value>
      </symbol>
      <symbol id="sm-525">
         <name>HOSTopen</name>
         <value>0x24bd</value>
         <object_component_ref idref="oc-32b"/>
      </symbol>
      <symbol id="sm-536">
         <name>HOSTread</name>
         <value>0x251d</value>
         <object_component_ref idref="oc-337"/>
      </symbol>
      <symbol id="sm-547">
         <name>HOSTrename</name>
         <value>0x231d</value>
         <object_component_ref idref="oc-34f"/>
      </symbol>
      <symbol id="sm-558">
         <name>HOSTunlink</name>
         <value>0x27ed</value>
         <object_component_ref idref="oc-349"/>
      </symbol>
      <symbol id="sm-569">
         <name>HOSTwrite</name>
         <value>0x2575</value>
         <object_component_ref idref="oc-33d"/>
      </symbol>
      <symbol id="sm-58d">
         <name>__TI_readmsg</name>
         <value>0x2961</value>
         <object_component_ref idref="oc-370"/>
      </symbol>
      <symbol id="sm-58e">
         <name>C$$IO$$</name>
         <value>0x2923</value>
         <object_component_ref idref="oc-36a"/>
      </symbol>
      <symbol id="sm-58f">
         <name>__CIOBUF_</name>
         <value>0x20001448</value>
         <object_component_ref idref="oc-386"/>
      </symbol>
      <symbol id="sm-590">
         <name>__TI_writemsg</name>
         <value>0x28f5</value>
         <object_component_ref idref="oc-36a"/>
      </symbol>
      <symbol id="sm-5a6">
         <name>__aeabi_errno_addr</name>
         <value>0x2b3d</value>
         <object_component_ref idref="oc-239"/>
      </symbol>
      <symbol id="sm-5a7">
         <name>errno</name>
         <value>0x20001440</value>
         <object_component_ref idref="oc-2ce"/>
      </symbol>
      <symbol id="sm-5c0">
         <name>wcslen</name>
         <value>0x2af5</value>
         <object_component_ref idref="oc-233"/>
      </symbol>
      <symbol id="sm-5e0">
         <name>frexpl</name>
         <value>0x2459</value>
         <object_component_ref idref="oc-2b2"/>
      </symbol>
      <symbol id="sm-5e1">
         <name>frexp</name>
         <value>0x2459</value>
         <object_component_ref idref="oc-2b2"/>
      </symbol>
      <symbol id="sm-5fe">
         <name>scalbn</name>
         <value>0x1bbd</value>
         <object_component_ref idref="oc-2b8"/>
      </symbol>
      <symbol id="sm-5ff">
         <name>scalbnl</name>
         <value>0x1bbd</value>
         <object_component_ref idref="oc-2b8"/>
      </symbol>
      <symbol id="sm-600">
         <name>ldexpl</name>
         <value>0x1bbd</value>
         <object_component_ref idref="oc-2b8"/>
      </symbol>
      <symbol id="sm-601">
         <name>ldexp</name>
         <value>0x1bbd</value>
         <object_component_ref idref="oc-2b8"/>
      </symbol>
      <symbol id="sm-60b">
         <name>__aeabi_idiv0</name>
         <value>0x1823</value>
         <object_component_ref idref="oc-2f6"/>
      </symbol>
      <symbol id="sm-60c">
         <name>__aeabi_ldiv0</name>
         <value>0x1823</value>
         <object_component_ref idref="oc-2f6"/>
      </symbol>
      <symbol id="sm-616">
         <name>copysign</name>
         <value>0x2a6d</value>
         <object_component_ref idref="oc-30f"/>
      </symbol>
      <symbol id="sm-617">
         <name>copysignl</name>
         <value>0x2a6d</value>
         <object_component_ref idref="oc-30f"/>
      </symbol>
      <symbol id="sm-642">
         <name>IntRegister</name>
         <value>0x292d</value>
         <object_component_ref idref="oc-121"/>
      </symbol>
      <symbol id="sm-643">
         <name>g_pfnRAMVectors</name>
         <value>0x20000000</value>
         <object_component_ref idref="oc-18c"/>
      </symbol>
      <symbol id="sm-645">
         <name>__TI_static_base__</name>
         <value>0x0</value>
      </symbol>
      <symbol id="sm-648">
         <name>__mpu_init</name>
         <value>0x0</value>
      </symbol>
      <symbol id="sm-649">
         <name>_system_post_cinit</name>
         <value>0x0</value>
      </symbol>
   </symbol_table>
   <title>Link successful</title>
</link_info>
