******************************************************************************
                  TI ARM Linker PC v20.2.7                     
******************************************************************************
>> Linked Wed Apr  9 15:43:23 2025

OUTPUT FILE NAME:   <Lab10.out>
ENTRY POINT SYMBOL: "_c_int00_noargs"  address: 000028a1


MEMORY CONFIGURATION

         name            origin    length      used     unused   attr    fill
----------------------  --------  ---------  --------  --------  ----  --------
  FLASH                 00000000   00040000  00002be1  0003d41f  R  X
  SRAM                  20000000   00008000  000022e1  00005d1f  RW X


SEGMENT ALLOCATION MAP

run origin  load origin   length   init length attrs members
----------  ----------- ---------- ----------- ----- -------
00000000    00000000    00002be8   00002be8    r-x
  00000000    00000000    0000026c   0000026c    r-- .intvecs
  0000026c    0000026c    00002824   00002824    r-x .text
  00002a90    00002a90    00000109   00000109    r-- .const
  00002ba0    00002ba0    00000048   00000048    r-- .cinit
20000000    20000000    000022e5   00000000    rw-
  20000000    20000000    0000026c   00000000    rw- .vtable
  20000270    20000270    00001800   00000000    rw- .stack
  20001a70    20001a70    00000800   00000000    rw- .sysmem
  20002270    20002270    00000068   00000000    rw- .bss
  200022d8    200022d8    0000000d   00000000    rw- .data


SECTION ALLOCATION MAP

 output                                  attributes/
section   page    origin      length       input sections
--------  ----  ----------  ----------   ----------------
.intvecs   0    00000000    0000026c     
                  00000000    0000026c     tm4c123gh6pm_startup_ccs.obj (.intvecs)

.text      0    0000026c    00002824     
                  0000026c    00000a4e     rtsv7M4_T_le_v4SPD16_eabi.lib : _printfi.c.obj (.text:__TI_printfi)
                  00000cba    00000002                                   : div0.asm.obj (.text)
                  00000cbc    00000328     lcd.obj (.text)
                  00000fe4    00000270     rtsv7M4_T_le_v4SPD16_eabi.lib : _printfi.c.obj (.text:_pconv_a)
                  00001254    00000248     Timer.obj (.text)
                  0000149c    00000208     ping_template3.obj (.text)
                  000016a4    000001d0     rtsv7M4_T_le_v4SPD16_eabi.lib : _printfi.c.obj (.text:_pconv_g)
                  00001874    000001b6                                   : fd_add_t2.asm.obj (.text)
                  00001a2a    00000002     --HOLE-- [fill = 0]
                  00001a2c    0000013c                                   : _printfi.c.obj (.text:_pconv_e)
                  00001b68    00000136                                   : fd_div_t2.asm.obj (.text)
                  00001c9e    00000002     --HOLE-- [fill = 0]
                  00001ca0    00000134     servo.obj (.text)
                  00001dd4    00000124     rtsv7M4_T_le_v4SPD16_eabi.lib : _printfi.c.obj (.text:fcvt)
                  00001ef8    00000110                                   : s_scalbn.c.obj (.text:scalbn)
                  00002008    000000fc                                   : fd_mul_t2.asm.obj (.text)
                  00002104    000000b1                                   : _printfi.c.obj (.text:_ltostr)
                  000021b5    00000001     --HOLE-- [fill = 0]
                  000021b6    0000009c                                   : memcpy_t2.asm.obj (.text)
                  00002252    00000096                                   : ull_div_t2.asm.obj (.text)
                  000022e8    00000086                                   : fd_cmp_t2.asm.obj (.text:__aeabi_cdcmple)
                  0000236e    00000086                                   : fd_cmp_t2.asm.obj (.text:__aeabi_cdrcmple)
                  000023f4    0000007a                                   : memset_t2.asm.obj (.text)
                  0000246e    0000006e                                   : _printfi.c.obj (.text:_mcpy)
                  000024dc    0000006e                                   : fd_tos_t2.asm.obj (.text)
                  0000254a    00000068                                   : copy_decompress_lzss.c.obj (.text:decompress:lzss:__TI_decompress_lzss)
                  000025b2    00000002     --HOLE-- [fill = 0]
                  000025b4    00000064                                   : s_frexp.c.obj (.text:frexp)
                  00002618    00000056                                   : _printfi.c.obj (.text:_pconv_f)
                  0000266e    00000054                                   : _ltoa.c.obj (.text:__TI_ltoa)
                  000026c2    00000052                                   : _printfi.c.obj (.text:_ecpy)
                  00002714    0000004c                                   : atoi.c.obj (.text:atoi)
                  00002760    00000048                                   : fd_toi_t2.asm.obj (.text)
                  000027a8    00000044                                   : autoinit.c.obj (.text:__TI_auto_init_nobinit_nopinit:__TI_auto_init_nobinit_nopinit)
                  000027ec    00000040                                   : vsnprintf.c.obj (.text:vsnprintf)
                  0000282c    0000003e                                   : _printfi.c.obj (.text:_fcpy)
                  0000286a    00000002     --HOLE-- [fill = 0]
                  0000286c    00000034     driverlib.lib : interrupt.obj (.text:IntRegister)
                  000028a0    00000034     rtsv7M4_T_le_v4SPD16_eabi.lib : boot_cortex_m.c.obj (.text:_c_int00_noargs:_c_int00_noargs)
                  000028d4    00000034     lab9_template.obj (.text)
                  00002908    00000030     rtsv7M4_T_le_v4SPD16_eabi.lib : vsnprintf.c.obj (.text:_outs)
                  00002938    0000002e                                   : i_tofd_t2.asm.obj (.text)
                  00002966    0000001c                                   : copy_zero_init.c.obj (.text:decompress:ZI:__TI_zero_init_nomemset:__TI_zero_init_nomemset)
                  00002982    0000001c                                   : memccpy.c.obj (.text:memccpy)
                  0000299e    0000001a                                   : s_copysign.c.obj (.text:copysign)
                  000029b8    00000018                                   : vsnprintf.c.obj (.text:_outc)
                  000029d0    00000018                                   : strcmp.c.obj (.text:strcmp)
                  000029e8    00000016                                   : strchr.c.obj (.text:strchr)
                  000029fe    00000014                                   : strcpy.c.obj (.text:strcpy)
                  00002a12    00000014                                   : strlen.c.obj (.text:strlen)
                  00002a26    00000012                                   : wcslen.c.obj (.text:wcslen)
                  00002a38    00000010     driverlib.lib : interrupt.obj (.text:IntMasterEnable)
                  00002a48    00000010     lcd.obj (.text:lcd_clear)
                  00002a58    0000000e     rtsv7M4_T_le_v4SPD16_eabi.lib : copy_decompress_none.c.obj (.text:decompress:none:__TI_decompress_none)
                  00002a66    0000000c     driverlib.lib : cpu.obj (.text:CPUcpsie)
                  00002a72    0000000c     tm4c123gh6pm_startup_ccs.obj (.text)
                  00002a7e    00000002     --HOLE-- [fill = 0]
                  00002a80    00000008     rtsv7M4_T_le_v4SPD16_eabi.lib : errno.c.obj (.text:__aeabi_errno_addr)
                  00002a88    00000004                                   : pre_init.c.obj (.text:_system_pre_init)
                  00002a8c    00000004                                   : exit.c.obj (.text:abort:abort)

.const     0    00002a90    00000109     
                  00002a90    00000101     rtsv7M4_T_le_v4SPD16_eabi.lib : ctype.c.obj (.const:.string:_ctypes_)
                  00002b91    00000004     lcd.obj (.const:.string:lineAddress$1)
                  00002b95    00000004     lcd.obj (.const:.string:lineAddresses$2)

.cinit     0    00002ba0    00000048     
                  00002ba0    0000000e     (.cinit..data.load) [load image, compression = lzss]
                  00002bae    00000002     --HOLE-- [fill = 0]
                  00002bb0    0000000c     (__TI_handler_table)
                  00002bbc    00000004     --HOLE-- [fill = 0]
                  00002bc0    00000008     (.cinit..bss.load) [load image, compression = zero_init]
                  00002bc8    00000008     (.cinit..vtable.load) [load image, compression = zero_init]
                  00002bd0    00000018     (__TI_cinit_table)

.init_array 
*          0    00000000    00000000     UNINITIALIZED

.vtable    0    20000000    0000026c     UNINITIALIZED
                  20000000    0000026c     driverlib.lib : interrupt.obj (.vtable)

.stack     0    20000270    00001800     UNINITIALIZED
                  20000270    00000004     rtsv7M4_T_le_v4SPD16_eabi.lib : boot_cortex_m.c.obj (.stack)
                  20000274    000017fc     --HOLE--

.sysmem    0    20001a70    00000800     UNINITIALIZED
                  20001a70    00000010     rtsv7M4_T_le_v4SPD16_eabi.lib : memory.c.obj (.sysmem)
                  20001a80    000007f0     --HOLE--

.bss       0    20002270    00000068     UNINITIALIZED
                  20002270    00000054     lcd.obj (.bss:lastbuffer$3)
                  200022c4    00000004     (.common:_timeout_ticks)
                  200022c8    00000004     (.common:ed)
                  200022cc    00000004     (.common:g_e_time)
                  200022d0    00000004     (.common:g_s_time)
                  200022d4    00000004     (.common:read)

.data      0    200022d8    0000000d     UNINITIALIZED
                  200022d8    00000008     servo.obj (.data)
                  200022e0    00000004     rtsv7M4_T_le_v4SPD16_eabi.lib : errno.c.obj (.data)
                  200022e4    00000001     Timer.obj (.data)

__llvm_prf_cnts 
*          0    20000000    00000000     UNINITIALIZED

MODULE SUMMARY

       Module                         code    ro data   rw data
       ------                         ----    -------   -------
    .\
       lcd.obj                        824     8         84     
       tm4c123gh6pm_startup_ccs.obj   12      620       0      
       Timer.obj                      584     0         5      
       ping_template3.obj             520     0         16     
       servo.obj                      308     0         8      
       lab9_template.obj              52      0         0      
    +--+------------------------------+-------+---------+---------+
       Total:                         2300    628       113    
                                                               
    C:/ti/TivaWare_C_Series-2.2.0.295/driverlib/ccs/Debug/driverlib.lib
       interrupt.obj                  68      0         620    
       cpu.obj                        12      0         0      
    +--+------------------------------+-------+---------+---------+
       Total:                         80      0         620    
                                                               
    C:\ti\ccs1271\ccs\tools\compiler\ti-cgt-arm_20.2.7.LTS\lib\rtsv7M4_T_le_v4SPD16_eabi.lib
       _printfi.c.obj                 4851    0         0      
       fd_add_t2.asm.obj              438     0         0      
       fd_div_t2.asm.obj              310     0         0      
       s_scalbn.c.obj                 272     0         0      
       fd_cmp_t2.asm.obj              268     0         0      
       ctype.c.obj                    0       257       0      
       fd_mul_t2.asm.obj              252     0         0      
       memcpy_t2.asm.obj              156     0         0      
       ull_div_t2.asm.obj             150     0         0      
       vsnprintf.c.obj                136     0         0      
       memset_t2.asm.obj              122     0         0      
       fd_tos_t2.asm.obj              110     0         0      
       copy_decompress_lzss.c.obj     104     0         0      
       s_frexp.c.obj                  100     0         0      
       _ltoa.c.obj                    84      0         0      
       atoi.c.obj                     76      0         0      
       fd_toi_t2.asm.obj              72      0         0      
       autoinit.c.obj                 68      0         0      
       boot_cortex_m.c.obj            52      0         0      
       i_tofd_t2.asm.obj              46      0         0      
       copy_zero_init.c.obj           28      0         0      
       memccpy.c.obj                  28      0         0      
       s_copysign.c.obj               26      0         0      
       strcmp.c.obj                   24      0         0      
       strchr.c.obj                   22      0         0      
       strcpy.c.obj                   20      0         0      
       strlen.c.obj                   20      0         0      
       wcslen.c.obj                   18      0         0      
       copy_decompress_none.c.obj     14      0         0      
       errno.c.obj                    8       0         4      
       exit.c.obj                     4       0         0      
       pre_init.c.obj                 4       0         0      
       div0.asm.obj                   2       0         0      
    +--+------------------------------+-------+---------+---------+
       Total:                         7885    257       4      
                                                               
       Heap:                          0       0         2048   
       Stack:                         0       0         6144   
       Linker Generated:              0       66        0      
    +--+------------------------------+-------+---------+---------+
       Grand Total:                   10265   951       8929   


LINKER GENERATED COPY TABLES

__TI_cinit_table @ 00002bd0 records: 3, size/record: 8, table size: 24
	.data: load addr=00002ba0, load size=0000000e bytes, run addr=200022d8, run size=0000000d bytes, compression=lzss
	.bss: load addr=00002bc0, load size=00000008 bytes, run addr=20002270, run size=00000068 bytes, compression=zero_init
	.vtable: load addr=00002bc8, load size=00000008 bytes, run addr=20000000, run size=0000026c bytes, compression=zero_init


LINKER GENERATED HANDLER TABLE

__TI_handler_table @ 00002bb0 records: 3, size/record: 4, table size: 12
	index: 0, handler: __TI_zero_init
	index: 1, handler: __TI_decompress_lzss
	index: 2, handler: __TI_decompress_none


GLOBAL SYMBOLS: SORTED ALPHABETICALLY BY Name 

address   name                          
-------   ----                          
00002a8d  C$$EXIT                       
00002a67  CPUcpsie                      
00002a39  IntMasterEnable               
0000286d  IntRegister                   
00002a73  ResetISR                      
000015eb  TIMER3B_Handler               
20001a70  __STACK_END                   
00001800  __STACK_SIZE                  
20000470  __STACK_TOP                   
00000800  __SYSMEM_SIZE                 
00002bd0  __TI_CINIT_Base               
00002be8  __TI_CINIT_Limit              
00002bb0  __TI_Handler_Table_Base       
00002bbc  __TI_Handler_Table_Limit      
000027a9  __TI_auto_init_nobinit_nopinit
0000254b  __TI_decompress_lzss          
00002a59  __TI_decompress_none          
0000266f  __TI_ltoa                     
ffffffff  __TI_pprof_out_hndl           
0000026d  __TI_printfi                  
ffffffff  __TI_prof_data_size           
ffffffff  __TI_prof_data_start          
00000000  __TI_static_base__            
00002967  __TI_zero_init_nomemset       
000022e9  __aeabi_cdcmpeq               
000022e9  __aeabi_cdcmple               
0000236f  __aeabi_cdrcmple              
000024dd  __aeabi_d2f                   
00002761  __aeabi_d2iz                  
0000187f  __aeabi_dadd                  
00001b69  __aeabi_ddiv                  
00002009  __aeabi_dmul                  
00001875  __aeabi_dsub                  
00002a81  __aeabi_errno_addr            
00002939  __aeabi_i2d                   
00000cbb  __aeabi_idiv0                 
00000cbb  __aeabi_ldiv0                 
000023f5  __aeabi_memclr                
000023f5  __aeabi_memclr4               
000023f5  __aeabi_memclr8               
000021b7  __aeabi_memcpy                
000021b7  __aeabi_memcpy4               
000021b7  __aeabi_memcpy8               
000023f7  __aeabi_memset                
000023f7  __aeabi_memset4               
000023f7  __aeabi_memset8               
00002253  __aeabi_uldivmod              
ffffffff  __binit__                     
ffffffff  __c_args__                    
UNDEFED   __mpu_init                    
20000270  __stack                       
20000000  __start___llvm_prf_cnts       
20000000  __stop___llvm_prf_cnts        
000028a1  _c_int00_noargs               
00002a90  _ctypes_                      
200022e4  _running                      
20001a70  _sys_memory                   
UNDEFED   _system_post_cinit            
00002a89  _system_pre_init              
200022c4  _timeout_ticks                
00002a8d  abort                         
00002715  atoi                          
ffffffff  binit                         
000015d1  check_of                      
0000299f  copysign                      
0000299f  copysignl                     
200022c8  ed                            
200022e0  errno                         
000025b5  frexp                         
000025b5  frexpl                        
200022cc  g_e_time                      
20000000  g_pfnRAMVectors               
00000000  g_pfnVectors                  
200022d0  g_s_time                      
00002a49  lcd_clear                     
00000e91  lcd_gotoLine                  
00000cf9  lcd_init                      
00000ef7  lcd_printf                    
00000db9  lcd_putc                      
00000df1  lcd_puts                      
00000cbd  lcd_reverseNibble             
00000e0f  lcd_sendCommand               
00000e4d  lcd_sendNibble                
00000eb9  lcd_setCursorPos              
00001ef9  ldexp                         
00001ef9  ldexpl                        
200022dc  m_w                           
000028d5  main                          
00002983  memccpy                       
000021b7  memcpy                        
000023fd  memset                        
200022d8  p_p                           
00001621  ping_getDistance              
0000149d  ping_init                     
00001543  ping_trigger                  
200022d4  read                          
00001ef9  scalbn                        
00001ef9  scalbnl                       
00001ca1  servo_init                    
00001d53  servo_move                    
000029e9  strchr                        
000029d1  strcmp                        
000029ff  strcpy                        
00002a13  strlen                        
00001373  timer_getMicros               
0000131b  timer_getMillis               
00001255  timer_init                    
000012f7  timer_pause                   
00001309  timer_resume                  
000012cd  timer_stop                    
000013cd  timer_waitMicros              
000013ff  timer_waitMillis              
000027ed  vsnprintf                     
00002a27  wcslen                        


GLOBAL SYMBOLS: SORTED BY Symbol Address 

address   name                          
-------   ----                          
00000000  __TI_static_base__            
00000000  g_pfnVectors                  
0000026d  __TI_printfi                  
00000800  __SYSMEM_SIZE                 
00000cbb  __aeabi_idiv0                 
00000cbb  __aeabi_ldiv0                 
00000cbd  lcd_reverseNibble             
00000cf9  lcd_init                      
00000db9  lcd_putc                      
00000df1  lcd_puts                      
00000e0f  lcd_sendCommand               
00000e4d  lcd_sendNibble                
00000e91  lcd_gotoLine                  
00000eb9  lcd_setCursorPos              
00000ef7  lcd_printf                    
00001255  timer_init                    
000012cd  timer_stop                    
000012f7  timer_pause                   
00001309  timer_resume                  
0000131b  timer_getMillis               
00001373  timer_getMicros               
000013cd  timer_waitMicros              
000013ff  timer_waitMillis              
0000149d  ping_init                     
00001543  ping_trigger                  
000015d1  check_of                      
000015eb  TIMER3B_Handler               
00001621  ping_getDistance              
00001800  __STACK_SIZE                  
00001875  __aeabi_dsub                  
0000187f  __aeabi_dadd                  
00001b69  __aeabi_ddiv                  
00001ca1  servo_init                    
00001d53  servo_move                    
00001ef9  ldexp                         
00001ef9  ldexpl                        
00001ef9  scalbn                        
00001ef9  scalbnl                       
00002009  __aeabi_dmul                  
000021b7  __aeabi_memcpy                
000021b7  __aeabi_memcpy4               
000021b7  __aeabi_memcpy8               
000021b7  memcpy                        
00002253  __aeabi_uldivmod              
000022e9  __aeabi_cdcmpeq               
000022e9  __aeabi_cdcmple               
0000236f  __aeabi_cdrcmple              
000023f5  __aeabi_memclr                
000023f5  __aeabi_memclr4               
000023f5  __aeabi_memclr8               
000023f7  __aeabi_memset                
000023f7  __aeabi_memset4               
000023f7  __aeabi_memset8               
000023fd  memset                        
000024dd  __aeabi_d2f                   
0000254b  __TI_decompress_lzss          
000025b5  frexp                         
000025b5  frexpl                        
0000266f  __TI_ltoa                     
00002715  atoi                          
00002761  __aeabi_d2iz                  
000027a9  __TI_auto_init_nobinit_nopinit
000027ed  vsnprintf                     
0000286d  IntRegister                   
000028a1  _c_int00_noargs               
000028d5  main                          
00002939  __aeabi_i2d                   
00002967  __TI_zero_init_nomemset       
00002983  memccpy                       
0000299f  copysign                      
0000299f  copysignl                     
000029d1  strcmp                        
000029e9  strchr                        
000029ff  strcpy                        
00002a13  strlen                        
00002a27  wcslen                        
00002a39  IntMasterEnable               
00002a49  lcd_clear                     
00002a59  __TI_decompress_none          
00002a67  CPUcpsie                      
00002a73  ResetISR                      
00002a81  __aeabi_errno_addr            
00002a89  _system_pre_init              
00002a8d  C$$EXIT                       
00002a8d  abort                         
00002a90  _ctypes_                      
00002bb0  __TI_Handler_Table_Base       
00002bbc  __TI_Handler_Table_Limit      
00002bd0  __TI_CINIT_Base               
00002be8  __TI_CINIT_Limit              
20000000  __start___llvm_prf_cnts       
20000000  __stop___llvm_prf_cnts        
20000000  g_pfnRAMVectors               
20000270  __stack                       
20000470  __STACK_TOP                   
20001a70  __STACK_END                   
20001a70  _sys_memory                   
200022c4  _timeout_ticks                
200022c8  ed                            
200022cc  g_e_time                      
200022d0  g_s_time                      
200022d4  read                          
200022d8  p_p                           
200022dc  m_w                           
200022e0  errno                         
200022e4  _running                      
ffffffff  __TI_pprof_out_hndl           
ffffffff  __TI_prof_data_size           
ffffffff  __TI_prof_data_start          
ffffffff  __binit__                     
ffffffff  __c_args__                    
ffffffff  binit                         
UNDEFED   __mpu_init                    
UNDEFED   _system_post_cinit            

[114 symbols]
