******************************************************************************
                  TI ARM Linker PC v20.2.7                     
******************************************************************************
>> Linked Wed Feb  5 14:33:34 2025

OUTPUT FILE NAME:   <Lab1.out>
ENTRY POINT SYMBOL: "_c_int00_noargs"  address: 00002995


MEMORY CONFIGURATION

         name            origin    length      used     unused   attr    fill
----------------------  --------  ---------  --------  --------  ----  --------
  FLASH                 00000000   00040000  00002cf5  0003d30b  R  X
  SRAM                  20000000   00008000  000015c1  00006a3f  RW X


SEGMENT ALLOCATION MAP

run origin  load origin   length   init length attrs members
----------  ----------- ---------- ----------- ----- -------
00000000    00000000    00002cf8   00002cf8    r-x
  00000000    00000000    0000026c   0000026c    r-- .intvecs
  0000026c    0000026c    000028e0   000028e0    r-x .text
  00002b4c    00002b4c    00000109   00000109    r-- .const
  00002c58    00002c58    000000a0   000000a0    r-- .cinit
20000000    20000000    000015c8   00000000    rw-
  20000000    20000000    0000026c   00000000    rw- .vtable
  20000270    20000270    00001000   00000000    rw- .stack
  20001270    20001270    000001d5   00000000    rw- .data
  20001448    20001448    00000180   00000000    rw- .bss


SECTION ALLOCATION MAP

 output                                  attributes/
section   page    origin      length       input sections
--------  ----  ----------  ----------   ----------------
.intvecs   0    00000000    0000026c     
                  00000000    0000026c     tm4c123gh6pm_startup_ccs.obj (.intvecs)

.text      0    0000026c    000028e0     
                  0000026c    00000a4e     rtsv7M4_T_le_v4SPD16_eabi.lib : _printfi.c.obj (.text:__TI_printfi)
                  00000cba    00000002                                   : _lock.c.obj (.text:_nop)
                  00000cbc    00000328     lcd.obj (.text)
                  00000fe4    00000270     rtsv7M4_T_le_v4SPD16_eabi.lib : _printfi.c.obj (.text:_pconv_a)
                  00001254    00000248     Timer.obj (.text)
                  0000149c    000001d0     rtsv7M4_T_le_v4SPD16_eabi.lib : _printfi.c.obj (.text:_pconv_g)
                  0000166c    000001b6                                   : fd_add_t2.asm.obj (.text)
                  00001822    00000002                                   : div0.asm.obj (.text)
                  00001824    0000013c                                   : _printfi.c.obj (.text:_pconv_e)
                  00001960    00000136                                   : fd_div_t2.asm.obj (.text)
                  00001a96    00000002     --HOLE-- [fill = 0]
                  00001a98    00000124                                   : _printfi.c.obj (.text:fcvt)
                  00001bbc    00000110                                   : s_scalbn.c.obj (.text:scalbn)
                  00001ccc    00000100     helloworld.obj (.text)
                  00001dcc    000000fc     rtsv7M4_T_le_v4SPD16_eabi.lib : fd_mul_t2.asm.obj (.text)
                  00001ec8    000000b1                                   : _printfi.c.obj (.text:_ltostr)
                  00001f79    00000001     --HOLE-- [fill = 0]
                  00001f7a    0000009c                                   : memcpy_t2.asm.obj (.text)
                  00002016    00000096                                   : ull_div_t2.asm.obj (.text)
                  000020ac    00000086                                   : fd_cmp_t2.asm.obj (.text:__aeabi_cdcmple)
                  00002132    00000086                                   : fd_cmp_t2.asm.obj (.text:__aeabi_cdrcmple)
                  000021b8    0000007c                                   : fflush.c.obj (.text:fflush)
                  00002234    0000007a                                   : memset_t2.asm.obj (.text)
                  000022ae    0000006e                                   : _printfi.c.obj (.text:_mcpy)
                  0000231c    0000006c                                   : hostrename.c.obj (.text:HOSTrename)
                  00002388    00000068                                   : hostlseek.c.obj (.text:HOSTlseek)
                  000023f0    00000068                                   : copy_decompress_lzss.c.obj (.text:decompress:lzss:__TI_decompress_lzss)
                  00002458    00000064                                   : s_frexp.c.obj (.text:frexp)
                  000024bc    00000060                                   : hostopen.c.obj (.text:HOSTopen)
                  0000251c    00000058                                   : hostread.c.obj (.text:HOSTread)
                  00002574    00000058                                   : hostwrite.c.obj (.text:HOSTwrite)
                  000025cc    00000056                                   : _printfi.c.obj (.text:_pconv_f)
                  00002622    00000054                                   : _ltoa.c.obj (.text:__TI_ltoa)
                  00002676    00000052                                   : _printfi.c.obj (.text:_ecpy)
                  000026c8    0000004c                                   : fflush.c.obj (.text:__TI_doflush)
                  00002714    0000004c                                   : atoi.c.obj (.text:atoi)
                  00002760    00000048                                   : fd_toi_t2.asm.obj (.text)
                  000027a8    00000044                                   : hostclose.c.obj (.text:HOSTclose)
                  000027ec    00000044                                   : hostunlink.c.obj (.text:HOSTunlink)
                  00002830    00000044                                   : autoinit.c.obj (.text:__TI_auto_init_nobinit_nopinit:__TI_auto_init_nobinit_nopinit)
                  00002874    00000040                                   : vsnprintf.c.obj (.text:vsnprintf)
                  000028b4    0000003e                                   : _printfi.c.obj (.text:_fcpy)
                  000028f2    00000002     --HOLE-- [fill = 0]
                  000028f4    00000038                                   : trgmsg.c.obj (.text:__TI_writemsg)
                  0000292c    00000034     driverlib.lib : interrupt.obj (.text:IntRegister)
                  00002960    00000034     rtsv7M4_T_le_v4SPD16_eabi.lib : trgmsg.c.obj (.text:__TI_readmsg)
                  00002994    00000034                                   : boot_cortex_m.c.obj (.text:_c_int00_noargs:_c_int00_noargs)
                  000029c8    00000030                                   : vsnprintf.c.obj (.text:_outs)
                  000029f8    0000002e                                   : i_tofd_t2.asm.obj (.text)
                  00002a26    00000002     --HOLE-- [fill = 0]
                  00002a28    00000028                                   : write.c.obj (.text:write)
                  00002a50    0000001c                                   : memccpy.c.obj (.text:memccpy)
                  00002a6c    0000001a                                   : s_copysign.c.obj (.text:copysign)
                  00002a86    00000018                                   : vsnprintf.c.obj (.text:_outc)
                  00002a9e    00000018                                   : strcmp.c.obj (.text:strcmp)
                  00002ab6    00000016                                   : strchr.c.obj (.text:strchr)
                  00002acc    00000014                                   : strcpy.c.obj (.text:strcpy)
                  00002ae0    00000014                                   : strlen.c.obj (.text:strlen)
                  00002af4    00000012                                   : wcslen.c.obj (.text:wcslen)
                  00002b06    00000010     lcd.obj (.text:lcd_clear)
                  00002b16    0000000e     rtsv7M4_T_le_v4SPD16_eabi.lib : copy_decompress_none.c.obj (.text:decompress:none:__TI_decompress_none)
                  00002b24    0000000c                                   : copy_zero_init.c.obj (.text:decompress:ZI:__TI_zero_init)
                  00002b30    0000000c     tm4c123gh6pm_startup_ccs.obj (.text)
                  00002b3c    00000008     rtsv7M4_T_le_v4SPD16_eabi.lib : errno.c.obj (.text:__aeabi_errno_addr)
                  00002b44    00000004                                   : pre_init.c.obj (.text:_system_pre_init)
                  00002b48    00000004                                   : exit.c.obj (.text:abort:abort)

.const     0    00002b4c    00000109     
                  00002b4c    00000101     rtsv7M4_T_le_v4SPD16_eabi.lib : ctype.c.obj (.const:.string:_ctypes_)
                  00002c4d    00000004     lcd.obj (.const:.string:lineAddress$1)
                  00002c51    00000004     lcd.obj (.const:.string:lineAddresses$2)

.cinit     0    00002c58    000000a0     
                  00002c58    00000066     (.cinit..data.load) [load image, compression = lzss]
                  00002cbe    00000002     --HOLE-- [fill = 0]
                  00002cc0    0000000c     (__TI_handler_table)
                  00002ccc    00000004     --HOLE-- [fill = 0]
                  00002cd0    00000008     (.cinit..bss.load) [load image, compression = zero_init]
                  00002cd8    00000008     (.cinit..vtable.load) [load image, compression = zero_init]
                  00002ce0    00000018     (__TI_cinit_table)

.init_array 
*          0    00000000    00000000     UNINITIALIZED

.vtable    0    20000000    0000026c     UNINITIALIZED
                  20000000    0000026c     driverlib.lib : interrupt.obj (.vtable)

.data      0    20001270    000001d5     UNINITIALIZED
                  20001270    000000f0     rtsv7M4_T_le_v4SPD16_eabi.lib : defs.c.obj (.data:_ftable)
                  20001360    00000078                                   : host_device.c.obj (.data:_device)
                  200013d8    00000050                                   : host_device.c.obj (.data:_stream)
                  20001428    00000010                                   : defs.c.obj (.data)
                  20001438    00000008                                   : _lock.c.obj (.data:$O1$$)
                  20001440    00000004                                   : errno.c.obj (.data)
                  20001444    00000001     Timer.obj (.data)

.bss       0    20001448    00000180     UNINITIALIZED
                  20001448    00000120     rtsv7M4_T_le_v4SPD16_eabi.lib : trgmsg.c.obj (.bss:_CIOBUF_)
                  20001568    00000054     lcd.obj (.bss:lastbuffer$3)
                  200015bc    00000008     (.common:parmbuf)
                  200015c4    00000004     (.common:_timeout_ticks)

.stack     0    20000270    00001000     UNINITIALIZED
                  20000270    00000004     rtsv7M4_T_le_v4SPD16_eabi.lib : boot_cortex_m.c.obj (.stack)
                  20000274    00000ffc     --HOLE--

__llvm_prf_cnts 
*          0    20000000    00000000     UNINITIALIZED

MODULE SUMMARY

       Module                         code    ro data   rw data
       ------                         ----    -------   -------
    .\
       lcd.obj                        824     8         84     
       tm4c123gh6pm_startup_ccs.obj   12      620       0      
       Timer.obj                      584     0         5      
       helloworld.obj                 256     0         0      
    +--+------------------------------+-------+---------+---------+
       Total:                         1676    628       89     
                                                               
    C:/ti/TivaWare_C_Series-2.2.0.295/driverlib/ccs/Debug/driverlib.lib
       interrupt.obj                  52      0         620    
    +--+------------------------------+-------+---------+---------+
       Total:                         52      0         620    
                                                               
    C:\ti\ccs1271\ccs\tools\compiler\ti-cgt-arm_20.2.7.LTS\lib\rtsv7M4_T_le_v4SPD16_eabi.lib
       _printfi.c.obj                 4851    0         0      
       fd_add_t2.asm.obj              438     0         0      
       trgmsg.c.obj                   108     0         288    
       fd_div_t2.asm.obj              310     0         0      
       s_scalbn.c.obj                 272     0         0      
       fd_cmp_t2.asm.obj              268     0         0      
       ctype.c.obj                    0       257       0      
       defs.c.obj                     0       0         256    
       fd_mul_t2.asm.obj              252     0         0      
       fflush.c.obj                   200     0         0      
       host_device.c.obj              0       0         200    
       memcpy_t2.asm.obj              156     0         0      
       ull_div_t2.asm.obj             150     0         0      
       vsnprintf.c.obj                136     0         0      
       memset_t2.asm.obj              122     0         0      
       hostrename.c.obj               108     0         0      
       copy_decompress_lzss.c.obj     104     0         0      
       hostlseek.c.obj                104     0         0      
       hostopen.c.obj                 96      0         8      
       s_frexp.c.obj                  100     0         0      
       hostread.c.obj                 88      0         0      
       hostwrite.c.obj                88      0         0      
       _ltoa.c.obj                    84      0         0      
       atoi.c.obj                     76      0         0      
       fd_toi_t2.asm.obj              72      0         0      
       autoinit.c.obj                 68      0         0      
       hostclose.c.obj                68      0         0      
       hostunlink.c.obj               68      0         0      
       boot_cortex_m.c.obj            52      0         0      
       i_tofd_t2.asm.obj              46      0         0      
       write.c.obj                    40      0         0      
       memccpy.c.obj                  28      0         0      
       s_copysign.c.obj               26      0         0      
       strcmp.c.obj                   24      0         0      
       strchr.c.obj                   22      0         0      
       strcpy.c.obj                   20      0         0      
       strlen.c.obj                   20      0         0      
       wcslen.c.obj                   18      0         0      
       copy_decompress_none.c.obj     14      0         0      
       copy_zero_init.c.obj           12      0         0      
       errno.c.obj                    8       0         4      
       _lock.c.obj                    2       0         8      
       exit.c.obj                     4       0         0      
       pre_init.c.obj                 4       0         0      
       div0.asm.obj                   2       0         0      
    +--+------------------------------+-------+---------+---------+
       Total:                         8729    257       764    
                                                               
       Stack:                         0       0         4096   
       Linker Generated:              0       154       0      
    +--+------------------------------+-------+---------+---------+
       Grand Total:                   10457   1039      5569   


LINKER GENERATED COPY TABLES

__TI_cinit_table @ 00002ce0 records: 3, size/record: 8, table size: 24
	.data: load addr=00002c58, load size=00000066 bytes, run addr=20001270, run size=000001d5 bytes, compression=lzss
	.bss: load addr=00002cd0, load size=00000008 bytes, run addr=20001448, run size=00000180 bytes, compression=zero_init
	.vtable: load addr=00002cd8, load size=00000008 bytes, run addr=20000000, run size=0000026c bytes, compression=zero_init


LINKER GENERATED HANDLER TABLE

__TI_handler_table @ 00002cc0 records: 3, size/record: 4, table size: 12
	index: 0, handler: __TI_zero_init
	index: 1, handler: __TI_decompress_lzss
	index: 2, handler: __TI_decompress_none


GLOBAL SYMBOLS: SORTED ALPHABETICALLY BY Name 

address   name                          
-------   ----                          
00002b49  C$$EXIT                       
00002923  C$$IO$$                       
000027a9  HOSTclose                     
00002389  HOSTlseek                     
000024bd  HOSTopen                      
0000251d  HOSTread                      
0000231d  HOSTrename                    
000027ed  HOSTunlink                    
00002575  HOSTwrite                     
0000292d  IntRegister                   
00002b31  ResetISR                      
20001448  __CIOBUF_                     
20001270  __STACK_END                   
00001000  __STACK_SIZE                  
20000470  __STACK_TOP                   
00002ce0  __TI_CINIT_Base               
00002cf8  __TI_CINIT_Limit              
00002cc0  __TI_Handler_Table_Base       
00002ccc  __TI_Handler_Table_Limit      
00002831  __TI_auto_init_nobinit_nopinit
000023f1  __TI_decompress_lzss          
00002b17  __TI_decompress_none          
000026c9  __TI_doflush                  
20001428  __TI_ft_end                   
00002623  __TI_ltoa                     
ffffffff  __TI_pprof_out_hndl           
0000026d  __TI_printfi                  
ffffffff  __TI_prof_data_size           
ffffffff  __TI_prof_data_start          
00002961  __TI_readmsg                  
00000000  __TI_static_base__            
000028f5  __TI_writemsg                 
00002b25  __TI_zero_init                
000020ad  __aeabi_cdcmpeq               
000020ad  __aeabi_cdcmple               
00002133  __aeabi_cdrcmple              
00002761  __aeabi_d2iz                  
00001677  __aeabi_dadd                  
00001961  __aeabi_ddiv                  
00001dcd  __aeabi_dmul                  
0000166d  __aeabi_dsub                  
00002b3d  __aeabi_errno_addr            
000029f9  __aeabi_i2d                   
00001823  __aeabi_idiv0                 
00001823  __aeabi_ldiv0                 
00002235  __aeabi_memclr                
00002235  __aeabi_memclr4               
00002235  __aeabi_memclr8               
00001f7b  __aeabi_memcpy                
00001f7b  __aeabi_memcpy4               
00001f7b  __aeabi_memcpy8               
00002237  __aeabi_memset                
00002237  __aeabi_memset4               
00002237  __aeabi_memset8               
20001434  __aeabi_stderr                
2000142c  __aeabi_stdin                 
20001430  __aeabi_stdout                
00002017  __aeabi_uldivmod              
ffffffff  __binit__                     
ffffffff  __c_args__                    
UNDEFED   __mpu_init                    
20000270  __stack                       
20000000  __start___llvm_prf_cnts       
20000000  __stop___llvm_prf_cnts        
00002995  _c_int00_noargs               
00002b4c  _ctypes_                      
20001360  _device                       
20001270  _ftable                       
20001438  _lock                         
00000cbb  _nop                          
20001444  _running                      
200013d8  _stream                       
UNDEFED   _system_post_cinit            
00002b45  _system_pre_init              
200015c4  _timeout_ticks                
2000143c  _unlock                       
00002b49  abort                         
00002715  atoi                          
ffffffff  binit                         
00002a6d  copysign                      
00002a6d  copysignl                     
20001440  errno                         
000021b9  fflush                        
00002459  frexp                         
00002459  frexpl                        
20000000  g_pfnRAMVectors               
00000000  g_pfnVectors                  
00002b07  lcd_clear                     
00000e91  lcd_gotoLine                  
00000cf9  lcd_init                      
00000ef7  lcd_printf                    
00000db9  lcd_putc                      
00000df1  lcd_puts                      
00000cbd  lcd_reverseNibble             
00000e0f  lcd_sendCommand               
00000e4d  lcd_sendNibble                
00000eb9  lcd_setCursorPos              
00001bbd  ldexp                         
00001bbd  ldexpl                        
00001ccd  main                          
00002a51  memccpy                       
00001f7b  memcpy                        
0000223d  memset                        
200015bc  parmbuf                       
00001bbd  scalbn                        
00001bbd  scalbnl                       
00002ab7  strchr                        
00002a9f  strcmp                        
00002acd  strcpy                        
00002ae1  strlen                        
00001373  timer_getMicros               
0000131b  timer_getMillis               
00001255  timer_init                    
000012f7  timer_pause                   
00001309  timer_resume                  
000012cd  timer_stop                    
000013cd  timer_waitMicros              
000013ff  timer_waitMillis              
00002875  vsnprintf                     
00002af5  wcslen                        
00002a29  write                         


GLOBAL SYMBOLS: SORTED BY Symbol Address 

address   name                          
-------   ----                          
00000000  __TI_static_base__            
00000000  g_pfnVectors                  
0000026d  __TI_printfi                  
00000cbb  _nop                          
00000cbd  lcd_reverseNibble             
00000cf9  lcd_init                      
00000db9  lcd_putc                      
00000df1  lcd_puts                      
00000e0f  lcd_sendCommand               
00000e4d  lcd_sendNibble                
00000e91  lcd_gotoLine                  
00000eb9  lcd_setCursorPos              
00000ef7  lcd_printf                    
00001000  __STACK_SIZE                  
00001255  timer_init                    
000012cd  timer_stop                    
000012f7  timer_pause                   
00001309  timer_resume                  
0000131b  timer_getMillis               
00001373  timer_getMicros               
000013cd  timer_waitMicros              
000013ff  timer_waitMillis              
0000166d  __aeabi_dsub                  
00001677  __aeabi_dadd                  
00001823  __aeabi_idiv0                 
00001823  __aeabi_ldiv0                 
00001961  __aeabi_ddiv                  
00001bbd  ldexp                         
00001bbd  ldexpl                        
00001bbd  scalbn                        
00001bbd  scalbnl                       
00001ccd  main                          
00001dcd  __aeabi_dmul                  
00001f7b  __aeabi_memcpy                
00001f7b  __aeabi_memcpy4               
00001f7b  __aeabi_memcpy8               
00001f7b  memcpy                        
00002017  __aeabi_uldivmod              
000020ad  __aeabi_cdcmpeq               
000020ad  __aeabi_cdcmple               
00002133  __aeabi_cdrcmple              
000021b9  fflush                        
00002235  __aeabi_memclr                
00002235  __aeabi_memclr4               
00002235  __aeabi_memclr8               
00002237  __aeabi_memset                
00002237  __aeabi_memset4               
00002237  __aeabi_memset8               
0000223d  memset                        
0000231d  HOSTrename                    
00002389  HOSTlseek                     
000023f1  __TI_decompress_lzss          
00002459  frexp                         
00002459  frexpl                        
000024bd  HOSTopen                      
0000251d  HOSTread                      
00002575  HOSTwrite                     
00002623  __TI_ltoa                     
000026c9  __TI_doflush                  
00002715  atoi                          
00002761  __aeabi_d2iz                  
000027a9  HOSTclose                     
000027ed  HOSTunlink                    
00002831  __TI_auto_init_nobinit_nopinit
00002875  vsnprintf                     
000028f5  __TI_writemsg                 
00002923  C$$IO$$                       
0000292d  IntRegister                   
00002961  __TI_readmsg                  
00002995  _c_int00_noargs               
000029f9  __aeabi_i2d                   
00002a29  write                         
00002a51  memccpy                       
00002a6d  copysign                      
00002a6d  copysignl                     
00002a9f  strcmp                        
00002ab7  strchr                        
00002acd  strcpy                        
00002ae1  strlen                        
00002af5  wcslen                        
00002b07  lcd_clear                     
00002b17  __TI_decompress_none          
00002b25  __TI_zero_init                
00002b31  ResetISR                      
00002b3d  __aeabi_errno_addr            
00002b45  _system_pre_init              
00002b49  C$$EXIT                       
00002b49  abort                         
00002b4c  _ctypes_                      
00002cc0  __TI_Handler_Table_Base       
00002ccc  __TI_Handler_Table_Limit      
00002ce0  __TI_CINIT_Base               
00002cf8  __TI_CINIT_Limit              
20000000  __start___llvm_prf_cnts       
20000000  __stop___llvm_prf_cnts        
20000000  g_pfnRAMVectors               
20000270  __stack                       
20000470  __STACK_TOP                   
20001270  __STACK_END                   
20001270  _ftable                       
20001360  _device                       
200013d8  _stream                       
20001428  __TI_ft_end                   
2000142c  __aeabi_stdin                 
20001430  __aeabi_stdout                
20001434  __aeabi_stderr                
20001438  _lock                         
2000143c  _unlock                       
20001440  errno                         
20001444  _running                      
20001448  __CIOBUF_                     
200015bc  parmbuf                       
200015c4  _timeout_ticks                
ffffffff  __TI_pprof_out_hndl           
ffffffff  __TI_prof_data_size           
ffffffff  __TI_prof_data_start          
ffffffff  __binit__                     
ffffffff  __c_args__                    
ffffffff  binit                         
UNDEFED   __mpu_init                    
UNDEFED   _system_post_cinit            

[121 symbols]
