******************************************************************************
                  TI ARM Linker PC v20.2.7                     
******************************************************************************
>> Linked Mon Feb 10 14:20:38 2025

OUTPUT FILE NAME:   <Lab2.out>
ENTRY POINT SYMBOL: "_c_int00_noargs"  address: 00003809


MEMORY CONFIGURATION

         name            origin    length      used     unused   attr    fill
----------------------  --------  ---------  --------  --------  ----  --------
  FLASH                 00000000   00040000  00003bb0  0003c450  R  X
  SRAM                  20000000   00008000  00002311  00005cef  RW X


SEGMENT ALLOCATION MAP

run origin  load origin   length   init length attrs members
----------  ----------- ---------- ----------- ----- -------
00000000    00000000    00003bb0   00003bb0    r-x
  00000000    00000000    0000026c   0000026c    r-- .intvecs
  0000026c    0000026c    000037dc   000037dc    r-x .text
  00003a48    00003a48    00000118   00000118    r-- .const
  00003b60    00003b60    00000050   00000050    r-- .cinit
20000000    20000000    00002315   00000000    rw-
  20000000    20000000    0000026c   00000000    rw- .vtable
  20000270    20000270    00001000   00000000    rw- .stack
  20001270    20001270    00001000   00000000    rw- .sysmem
  20002270    20002270    00000070   00000000    rw- .bss
  200022e0    200022e0    00000035   00000000    rw- .data


SECTION ALLOCATION MAP

 output                                  attributes/
section   page    origin      length       input sections
--------  ----  ----------  ----------   ----------------
.intvecs   0    00000000    0000026c     
                  00000000    0000026c     tm4c123gh6pm_startup_ccs.obj (.intvecs)

.text      0    0000026c    000037dc     
                  0000026c    00000c20     open_interface.obj (.text)
                  00000e8c    00000a4e     rtsv7M4_T_le_v4SPD16_eabi.lib : _printfi.c.obj (.text:__TI_printfi)
                  000018da    00000002                                   : _lock.c.obj (.text:_nop)
                  000018dc    00000328     lcd.obj (.text)
                  00001c04    00000270     rtsv7M4_T_le_v4SPD16_eabi.lib : _printfi.c.obj (.text:_pconv_a)
                  00001e74    00000248     Timer.obj (.text)
                  000020bc    000001fc     movement.obj (.text)
                  000022b8    000001d0     rtsv7M4_T_le_v4SPD16_eabi.lib : _printfi.c.obj (.text:_pconv_g)
                  00002488    000001c4     helloworld.obj (.text)
                  0000264c    000001b6     rtsv7M4_T_le_v4SPD16_eabi.lib : fd_add_t2.asm.obj (.text)
                  00002802    00000002                                   : div0.asm.obj (.text)
                  00002804    0000013c                                   : _printfi.c.obj (.text:_pconv_e)
                  00002940    00000136                                   : fd_div_t2.asm.obj (.text)
                  00002a76    00000002     --HOLE-- [fill = 0]
                  00002a78    00000124                                   : _printfi.c.obj (.text:fcvt)
                  00002b9c    00000110                                   : s_scalbn.c.obj (.text:scalbn)
                  00002cac    00000100                                   : memory.c.obj (.text:aligned_alloc)
                  00002dac    000000fc                                   : fd_mul_t2.asm.obj (.text)
                  00002ea8    000000e4                                   : memory.c.obj (.text:free)
                  00002f8c    000000b1                                   : _printfi.c.obj (.text:_ltostr)
                  0000303d    00000001     --HOLE-- [fill = 0]
                  0000303e    0000009c                                   : memcpy_t2.asm.obj (.text)
                  000030da    00000096                                   : ull_div_t2.asm.obj (.text)
                  00003170    00000086                                   : fd_cmp_t2.asm.obj (.text:__aeabi_cdcmple)
                  000031f6    00000086                                   : fd_cmp_t2.asm.obj (.text:__aeabi_cdrcmple)
                  0000327c    0000007a                                   : memset_t2.asm.obj (.text)
                  000032f6    00000002     --HOLE-- [fill = 0]
                  000032f8    00000070                                   : memory.c.obj (.text:split)
                  00003368    0000006e                                   : _printfi.c.obj (.text:_mcpy)
                  000033d6    0000006e                                   : fd_tos_t2.asm.obj (.text)
                  00003444    00000068                                   : copy_decompress_lzss.c.obj (.text:decompress:lzss:__TI_decompress_lzss)
                  000034ac    00000064                                   : s_frexp.c.obj (.text:frexp)
                  00003510    00000056                                   : _printfi.c.obj (.text:_pconv_f)
                  00003566    00000054                                   : _ltoa.c.obj (.text:__TI_ltoa)
                  000035ba    00000052                                   : _printfi.c.obj (.text:_ecpy)
                  0000360c    0000004c                                   : atoi.c.obj (.text:atoi)
                  00003658    00000048                                   : fd_toi_t2.asm.obj (.text)
                  000036a0    00000044                                   : autoinit.c.obj (.text:__TI_auto_init_nobinit_nopinit:__TI_auto_init_nobinit_nopinit)
                  000036e4    00000040                                   : vsnprintf.c.obj (.text:vsnprintf)
                  00003724    0000003e                                   : _printfi.c.obj (.text:_fcpy)
                  00003762    00000002     --HOLE-- [fill = 0]
                  00003764    00000038                                   : memory.c.obj (.text:calloc)
                  0000379c    00000038                                   : fs_tod_t2.asm.obj (.text)
                  000037d4    00000034     driverlib.lib : interrupt.obj (.text:IntRegister)
                  00003808    00000034     rtsv7M4_T_le_v4SPD16_eabi.lib : boot_cortex_m.c.obj (.text:_c_int00_noargs:_c_int00_noargs)
                  0000383c    00000030                                   : vsnprintf.c.obj (.text:_outs)
                  0000386c    0000002e                                   : i_tofd_t2.asm.obj (.text)
                  0000389a    00000002     --HOLE-- [fill = 0]
                  0000389c    00000028                                   : memory.c.obj (.text:free_list_insert)
                  000038c4    00000020                                   : u_tofd_t2.asm.obj (.text)
                  000038e4    0000001c                                   : copy_zero_init.c.obj (.text:decompress:ZI:__TI_zero_init_nomemset:__TI_zero_init_nomemset)
                  00003900    0000001c                                   : memory.c.obj (.text:free_list_remove)
                  0000391c    0000001c                                   : memccpy.c.obj (.text:memccpy)
                  00003938    0000001a                                   : s_copysign.c.obj (.text:copysign)
                  00003952    00000018                                   : vsnprintf.c.obj (.text:_outc)
                  0000396a    00000018     open_interface.obj (.text:oi_parseInt)
                  00003982    00000018     rtsv7M4_T_le_v4SPD16_eabi.lib : strcmp.c.obj (.text:strcmp)
                  0000399a    00000016                                   : strchr.c.obj (.text:strchr)
                  000039b0    00000014                                   : strcpy.c.obj (.text:strcpy)
                  000039c4    00000014                                   : strlen.c.obj (.text:strlen)
                  000039d8    00000012                                   : wcslen.c.obj (.text:wcslen)
                  000039ea    00000010     driverlib.lib : interrupt.obj (.text:IntMasterEnable)
                  000039fa    00000010     lcd.obj (.text:lcd_clear)
                  00003a0a    0000000e     rtsv7M4_T_le_v4SPD16_eabi.lib : copy_decompress_none.c.obj (.text:decompress:none:__TI_decompress_none)
                  00003a18    0000000c     driverlib.lib : cpu.obj (.text:CPUcpsie)
                  00003a24    0000000c     tm4c123gh6pm_startup_ccs.obj (.text)
                  00003a30    00000008     rtsv7M4_T_le_v4SPD16_eabi.lib : errno.c.obj (.text:__aeabi_errno_addr)
                  00003a38    00000008                                   : memory.c.obj (.text:malloc)
                  00003a40    00000004                                   : pre_init.c.obj (.text:_system_pre_init)
                  00003a44    00000004                                   : exit.c.obj (.text:abort:abort)

.const     0    00003a48    00000118     
                  00003a48    00000101     rtsv7M4_T_le_v4SPD16_eabi.lib : ctype.c.obj (.const:.string:_ctypes_)
                  00003b49    0000000f     open_interface.obj (.const:.string:$P$T0$3)
                  00003b58    00000004     lcd.obj (.const:.string:lineAddress$1)
                  00003b5c    00000004     lcd.obj (.const:.string:lineAddresses$2)

.cinit     0    00003b60    00000050     
                  00003b60    00000018     (.cinit..data.load) [load image, compression = lzss]
                  00003b78    0000000c     (__TI_handler_table)
                  00003b84    00000004     --HOLE-- [fill = 0]
                  00003b88    00000008     (.cinit..bss.load) [load image, compression = zero_init]
                  00003b90    00000008     (.cinit..vtable.load) [load image, compression = zero_init]
                  00003b98    00000018     (__TI_cinit_table)

.init_array 
*          0    00000000    00000000     UNINITIALIZED

.vtable    0    20000000    0000026c     UNINITIALIZED
                  20000000    0000026c     driverlib.lib : interrupt.obj (.vtable)

.stack     0    20000270    00001000     UNINITIALIZED
                  20000270    00000004     rtsv7M4_T_le_v4SPD16_eabi.lib : boot_cortex_m.c.obj (.stack)
                  20000274    00000ffc     --HOLE--

.sysmem    0    20001270    00001000     UNINITIALIZED
                  20001270    00000010     rtsv7M4_T_le_v4SPD16_eabi.lib : memory.c.obj (.sysmem)
                  20001280    00000ff0     --HOLE--

.bss       0    20002270    00000070     UNINITIALIZED
                  20002270    00000054     lcd.obj (.bss:lastbuffer$3)
                  200022c4    00000018     open_interface.obj (.bss:firmware$2)
                  200022dc    00000004     (.common:_timeout_ticks)

.data      0    200022e0    00000035     UNINITIALIZED
                  200022e0    00000020     open_interface.obj (.data)
                  20002300    00000008     rtsv7M4_T_le_v4SPD16_eabi.lib : _lock.c.obj (.data:$O1$$)
                  20002308    00000008                                   : memory.c.obj (.data:$O1$$)
                  20002310    00000004                                   : errno.c.obj (.data)
                  20002314    00000001     Timer.obj (.data)

__llvm_prf_cnts 
*          0    20000000    00000000     UNINITIALIZED

MODULE SUMMARY

       Module                         code    ro data   rw data
       ------                         ----    -------   -------
    .\
       open_interface.obj             3128    15        56     
       lcd.obj                        824     8         84     
       tm4c123gh6pm_startup_ccs.obj   12      620       0      
       Timer.obj                      584     0         5      
       movement.obj                   508     0         0      
       helloworld.obj                 452     0         0      
    +--+------------------------------+-------+---------+---------+
       Total:                         5508    643       145    
                                                               
    C:/ti/TivaWare_C_Series-2.2.0.295/driverlib/ccs/Debug/driverlib.lib
       interrupt.obj                  68      0         620    
       cpu.obj                        12      0         0      
    +--+------------------------------+-------+---------+---------+
       Total:                         80      0         620    
                                                               
    C:\ti\ccs1271\ccs\tools\compiler\ti-cgt-arm_20.2.7.LTS\lib\rtsv7M4_T_le_v4SPD16_eabi.lib
       _printfi.c.obj                 4851    0         0      
       memory.c.obj                   728     0         8      
       fd_add_t2.asm.obj              438     0         0      
       fd_div_t2.asm.obj              310     0         0      
       s_scalbn.c.obj                 272     0         0      
       fd_cmp_t2.asm.obj              268     0         0      
       ctype.c.obj                    0       257       0      
       fd_mul_t2.asm.obj              252     0         0      
       memcpy_t2.asm.obj              156     0         0      
       ull_div_t2.asm.obj             150     0         0      
       vsnprintf.c.obj                136     0         0      
       memset_t2.asm.obj              122     0         0      
       fd_tos_t2.asm.obj              110     0         0      
       copy_decompress_lzss.c.obj     104     0         0      
       s_frexp.c.obj                  100     0         0      
       _ltoa.c.obj                    84      0         0      
       atoi.c.obj                     76      0         0      
       fd_toi_t2.asm.obj              72      0         0      
       autoinit.c.obj                 68      0         0      
       fs_tod_t2.asm.obj              56      0         0      
       boot_cortex_m.c.obj            52      0         0      
       i_tofd_t2.asm.obj              46      0         0      
       u_tofd_t2.asm.obj              32      0         0      
       copy_zero_init.c.obj           28      0         0      
       memccpy.c.obj                  28      0         0      
       s_copysign.c.obj               26      0         0      
       strcmp.c.obj                   24      0         0      
       strchr.c.obj                   22      0         0      
       strcpy.c.obj                   20      0         0      
       strlen.c.obj                   20      0         0      
       wcslen.c.obj                   18      0         0      
       copy_decompress_none.c.obj     14      0         0      
       errno.c.obj                    8       0         4      
       _lock.c.obj                    2       0         8      
       exit.c.obj                     4       0         0      
       pre_init.c.obj                 4       0         0      
       div0.asm.obj                   2       0         0      
    +--+------------------------------+-------+---------+---------+
       Total:                         8703    257       20     
                                                               
       Heap:                          0       0         4096   
       Stack:                         0       0         4096   
       Linker Generated:              0       76        0      
    +--+------------------------------+-------+---------+---------+
       Grand Total:                   14291   976       8977   


LINKER GENERATED COPY TABLES

__TI_cinit_table @ 00003b98 records: 3, size/record: 8, table size: 24
	.data: load addr=00003b60, load size=00000018 bytes, run addr=200022e0, run size=00000035 bytes, compression=lzss
	.bss: load addr=00003b88, load size=00000008 bytes, run addr=20002270, run size=00000070 bytes, compression=zero_init
	.vtable: load addr=00003b90, load size=00000008 bytes, run addr=20000000, run size=0000026c bytes, compression=zero_init


LINKER GENERATED HANDLER TABLE

__TI_handler_table @ 00003b78 records: 3, size/record: 4, table size: 12
	index: 0, handler: __TI_zero_init
	index: 1, handler: __TI_decompress_lzss
	index: 2, handler: __TI_decompress_none


GLOBAL SYMBOLS: SORTED ALPHABETICALLY BY Name 

address   name                          
-------   ----                          
00003a45  C$$EXIT                       
00003a19  CPUcpsie                      
00000bc3  GPIOF_Handler                 
000039eb  IntMasterEnable               
000037d5  IntRegister                   
00003a25  ResetISR                      
20001270  __STACK_END                   
00001000  __STACK_SIZE                  
20000470  __STACK_TOP                   
00001000  __SYSMEM_SIZE                 
00003b98  __TI_CINIT_Base               
00003bb0  __TI_CINIT_Limit              
00003b78  __TI_Handler_Table_Base       
00003b84  __TI_Handler_Table_Limit      
000036a1  __TI_auto_init_nobinit_nopinit
00003445  __TI_decompress_lzss          
00003a0b  __TI_decompress_none          
00003567  __TI_ltoa                     
ffffffff  __TI_pprof_out_hndl           
00000e8d  __TI_printfi                  
ffffffff  __TI_prof_data_size           
ffffffff  __TI_prof_data_start          
00000000  __TI_static_base__            
000038e5  __TI_zero_init_nomemset       
00003171  __aeabi_cdcmpeq               
00003171  __aeabi_cdcmple               
000031f7  __aeabi_cdrcmple              
000033d7  __aeabi_d2f                   
00003659  __aeabi_d2iz                  
00002657  __aeabi_dadd                  
00002941  __aeabi_ddiv                  
00002dad  __aeabi_dmul                  
0000264d  __aeabi_dsub                  
00003a31  __aeabi_errno_addr            
0000379d  __aeabi_f2d                   
0000386d  __aeabi_i2d                   
00002803  __aeabi_idiv0                 
00002803  __aeabi_ldiv0                 
0000327d  __aeabi_memclr                
0000327d  __aeabi_memclr4               
0000327d  __aeabi_memclr8               
0000303f  __aeabi_memcpy                
0000303f  __aeabi_memcpy4               
0000303f  __aeabi_memcpy8               
0000327f  __aeabi_memset                
0000327f  __aeabi_memset4               
0000327f  __aeabi_memset8               
000038c5  __aeabi_ui2d                  
000030db  __aeabi_uldivmod              
ffffffff  __binit__                     
ffffffff  __c_args__                    
UNDEFED   __mpu_init                    
20000270  __stack                       
20000000  __start___llvm_prf_cnts       
20000000  __stop___llvm_prf_cnts        
00003809  _c_int00_noargs               
00003a48  _ctypes_                      
20002300  _lock                         
000018db  _nop                          
20002314  _running                      
20001270  _sys_memory                   
UNDEFED   _system_post_cinit            
00003a41  _system_pre_init              
200022dc  _timeout_ticks                
20002304  _unlock                       
00003a45  abort                         
00002cad  aligned_alloc                 
0000360d  atoi                          
ffffffff  binit                         
00003765  calloc                        
00003939  copysign                      
00003939  copysignl                     
20002310  errno                         
00002ea9  free                          
000034ad  frexp                         
000034ad  frexpl                        
20000000  g_pfnRAMVectors               
00000000  g_pfnVectors                  
0000097f  go_charge                     
000039fb  lcd_clear                     
00001ab1  lcd_gotoLine                  
00001919  lcd_init                      
00001b17  lcd_printf                    
000019d9  lcd_putc                      
00001a11  lcd_puts                      
000018dd  lcd_reverseNibble             
00001a2f  lcd_sendCommand               
00001a6d  lcd_sendNibble                
00001ad9  lcd_setCursorPos              
00002b9d  ldexp                         
00002b9d  ldexpl                        
00002489  main                          
00003a39  malloc                        
00002cad  memalign                      
0000391d  memccpy                       
0000303f  memcpy                        
00003285  memset                        
200022e0  motor_cal_factor_L            
200022e4  motor_cal_factor_R            
00002121  move_backward                 
000020bd  move_forward                  
0000026d  oi_alloc                      
00000aa9  oi_checkFirmware              
000002c7  oi_close                      
00000279  oi_free                       
00000ded  oi_getMotorCalibrationLeft    
00000e01  oi_getMotorCalibrationRight   
000002b1  oi_init                       
00000289  oi_init_noupdate              
00000915  oi_loadSong                   
0000396b  oi_parseInt                   
0000032b  oi_parsePacket                
0000096b  oi_play_song                  
0000084b  oi_setLeds                    
00000db1  oi_setMotorCalibration        
0000088f  oi_setWheels                  
00000b51  oi_shutoff_init               
0000098d  oi_uartInit                   
00000a31  oi_uartReceive                
00000a77  oi_uartSendBuff               
00000a15  oi_uartSendChar               
00000a59  oi_uartSendStr                
000002d9  oi_update                     
00002b9d  scalbn                        
00002b9d  scalbnl                       
0000399b  strchr                        
00003983  strcmp                        
000039b1  strcpy                        
000039c5  strlen                        
00001f93  timer_getMicros               
00001f3b  timer_getMillis               
00001e75  timer_init                    
00001f17  timer_pause                   
00001f29  timer_resume                  
00001eed  timer_stop                    
00001fed  timer_waitMicros              
0000201f  timer_waitMillis              
00002189  turn_left                     
00002209  turn_right                    
000036e5  vsnprintf                     
000039d9  wcslen                        


GLOBAL SYMBOLS: SORTED BY Symbol Address 

address   name                          
-------   ----                          
00000000  __TI_static_base__            
00000000  g_pfnVectors                  
0000026d  oi_alloc                      
00000279  oi_free                       
00000289  oi_init_noupdate              
000002b1  oi_init                       
000002c7  oi_close                      
000002d9  oi_update                     
0000032b  oi_parsePacket                
0000084b  oi_setLeds                    
0000088f  oi_setWheels                  
00000915  oi_loadSong                   
0000096b  oi_play_song                  
0000097f  go_charge                     
0000098d  oi_uartInit                   
00000a15  oi_uartSendChar               
00000a31  oi_uartReceive                
00000a59  oi_uartSendStr                
00000a77  oi_uartSendBuff               
00000aa9  oi_checkFirmware              
00000b51  oi_shutoff_init               
00000bc3  GPIOF_Handler                 
00000db1  oi_setMotorCalibration        
00000ded  oi_getMotorCalibrationLeft    
00000e01  oi_getMotorCalibrationRight   
00000e8d  __TI_printfi                  
00001000  __STACK_SIZE                  
00001000  __SYSMEM_SIZE                 
000018db  _nop                          
000018dd  lcd_reverseNibble             
00001919  lcd_init                      
000019d9  lcd_putc                      
00001a11  lcd_puts                      
00001a2f  lcd_sendCommand               
00001a6d  lcd_sendNibble                
00001ab1  lcd_gotoLine                  
00001ad9  lcd_setCursorPos              
00001b17  lcd_printf                    
00001e75  timer_init                    
00001eed  timer_stop                    
00001f17  timer_pause                   
00001f29  timer_resume                  
00001f3b  timer_getMillis               
00001f93  timer_getMicros               
00001fed  timer_waitMicros              
0000201f  timer_waitMillis              
000020bd  move_forward                  
00002121  move_backward                 
00002189  turn_left                     
00002209  turn_right                    
00002489  main                          
0000264d  __aeabi_dsub                  
00002657  __aeabi_dadd                  
00002803  __aeabi_idiv0                 
00002803  __aeabi_ldiv0                 
00002941  __aeabi_ddiv                  
00002b9d  ldexp                         
00002b9d  ldexpl                        
00002b9d  scalbn                        
00002b9d  scalbnl                       
00002cad  aligned_alloc                 
00002cad  memalign                      
00002dad  __aeabi_dmul                  
00002ea9  free                          
0000303f  __aeabi_memcpy                
0000303f  __aeabi_memcpy4               
0000303f  __aeabi_memcpy8               
0000303f  memcpy                        
000030db  __aeabi_uldivmod              
00003171  __aeabi_cdcmpeq               
00003171  __aeabi_cdcmple               
000031f7  __aeabi_cdrcmple              
0000327d  __aeabi_memclr                
0000327d  __aeabi_memclr4               
0000327d  __aeabi_memclr8               
0000327f  __aeabi_memset                
0000327f  __aeabi_memset4               
0000327f  __aeabi_memset8               
00003285  memset                        
000033d7  __aeabi_d2f                   
00003445  __TI_decompress_lzss          
000034ad  frexp                         
000034ad  frexpl                        
00003567  __TI_ltoa                     
0000360d  atoi                          
00003659  __aeabi_d2iz                  
000036a1  __TI_auto_init_nobinit_nopinit
000036e5  vsnprintf                     
00003765  calloc                        
0000379d  __aeabi_f2d                   
000037d5  IntRegister                   
00003809  _c_int00_noargs               
0000386d  __aeabi_i2d                   
000038c5  __aeabi_ui2d                  
000038e5  __TI_zero_init_nomemset       
0000391d  memccpy                       
00003939  copysign                      
00003939  copysignl                     
0000396b  oi_parseInt                   
00003983  strcmp                        
0000399b  strchr                        
000039b1  strcpy                        
000039c5  strlen                        
000039d9  wcslen                        
000039eb  IntMasterEnable               
000039fb  lcd_clear                     
00003a0b  __TI_decompress_none          
00003a19  CPUcpsie                      
00003a25  ResetISR                      
00003a31  __aeabi_errno_addr            
00003a39  malloc                        
00003a41  _system_pre_init              
00003a45  C$$EXIT                       
00003a45  abort                         
00003a48  _ctypes_                      
00003b78  __TI_Handler_Table_Base       
00003b84  __TI_Handler_Table_Limit      
00003b98  __TI_CINIT_Base               
00003bb0  __TI_CINIT_Limit              
20000000  __start___llvm_prf_cnts       
20000000  __stop___llvm_prf_cnts        
20000000  g_pfnRAMVectors               
20000270  __stack                       
20000470  __STACK_TOP                   
20001270  __STACK_END                   
20001270  _sys_memory                   
200022dc  _timeout_ticks                
200022e0  motor_cal_factor_L            
200022e4  motor_cal_factor_R            
20002300  _lock                         
20002304  _unlock                       
20002310  errno                         
20002314  _running                      
ffffffff  __TI_pprof_out_hndl           
ffffffff  __TI_prof_data_size           
ffffffff  __TI_prof_data_start          
ffffffff  __binit__                     
ffffffff  __c_args__                    
ffffffff  binit                         
UNDEFED   __mpu_init                    
UNDEFED   _system_post_cinit            

[141 symbols]
