<?xml version="1.0" encoding="ISO-8859-1" ?>
<link_info>
   <banner>TI ARM Linker PC v20.2.7.LTS</banner>
   <copyright>Copyright (c) 1996-2018 Texas Instruments Incorporated</copyright>
   <link_time>0x67b63b79</link_time>
   <link_errors>0x0</link_errors>
   <output_file>Lab3.out</output_file>
   <entry_point>
      <name>_c_int00_noargs</name>
      <address>0x4991</address>
   </entry_point>
   <input_file_list>
      <input_file id="fl-2">
         <path>.\</path>
         <kind>object</kind>
         <file>Timer.obj</file>
         <name>Timer.obj</name>
      </input_file>
      <input_file id="fl-3">
         <path>.\</path>
         <kind>object</kind>
         <file>helloworld.obj</file>
         <name>helloworld.obj</name>
      </input_file>
      <input_file id="fl-4">
         <path>.\</path>
         <kind>object</kind>
         <file>lcd.obj</file>
         <name>lcd.obj</name>
      </input_file>
      <input_file id="fl-5">
         <path>.\</path>
         <kind>object</kind>
         <file>movement.obj</file>
         <name>movement.obj</name>
      </input_file>
      <input_file id="fl-6">
         <path>.\</path>
         <kind>object</kind>
         <file>open_interface.obj</file>
         <name>open_interface.obj</name>
      </input_file>
      <input_file id="fl-7">
         <path>.\</path>
         <kind>object</kind>
         <file>tm4c123gh6pm_startup_ccs.obj</file>
         <name>tm4c123gh6pm_startup_ccs.obj</name>
      </input_file>
      <input_file id="fl-e">
         <kind>object</kind>
         <file>&lt;internal&gt;</file>
         <name>&lt;internal&gt;</name>
      </input_file>
      <input_file id="fl-f">
         <path>..\</path>
         <kind>archive</kind>
         <file>libcybotScan.lib</file>
         <name>cyBot_Scan.obj</name>
      </input_file>
      <input_file id="fl-10">
         <path>..\</path>
         <kind>archive</kind>
         <file>libcybotScan.lib</file>
         <name>ir.obj</name>
      </input_file>
      <input_file id="fl-11">
         <path>..\</path>
         <kind>archive</kind>
         <file>libcybotScan.lib</file>
         <name>ping.obj</name>
      </input_file>
      <input_file id="fl-12">
         <path>..\</path>
         <kind>archive</kind>
         <file>libcybotScan.lib</file>
         <name>servo.obj</name>
      </input_file>
      <input_file id="fl-13">
         <path>..\</path>
         <kind>archive</kind>
         <file>libcybotUART.lib</file>
         <name>uart.obj</name>
      </input_file>
      <input_file id="fl-c9">
         <path>C:\ti\ccs1271\ccs\tools\compiler\ti-cgt-arm_20.2.7.LTS\lib\</path>
         <kind>archive</kind>
         <file>rtsv7M4_T_le_v4SPD16_eabi.lib</file>
         <name>sprintf.c.obj</name>
      </input_file>
      <input_file id="fl-ca">
         <path>C:\ti\ccs1271\ccs\tools\compiler\ti-cgt-arm_20.2.7.LTS\lib\</path>
         <kind>archive</kind>
         <file>rtsv7M4_T_le_v4SPD16_eabi.lib</file>
         <name>vsnprintf.c.obj</name>
      </input_file>
      <input_file id="fl-cb">
         <path>C:\ti\ccs1271\ccs\tools\compiler\ti-cgt-arm_20.2.7.LTS\lib\</path>
         <kind>archive</kind>
         <file>rtsv7M4_T_le_v4SPD16_eabi.lib</file>
         <name>fflush.c.obj</name>
      </input_file>
      <input_file id="fl-cc">
         <path>C:\ti\ccs1271\ccs\tools\compiler\ti-cgt-arm_20.2.7.LTS\lib\</path>
         <kind>archive</kind>
         <file>rtsv7M4_T_le_v4SPD16_eabi.lib</file>
         <name>fd_add_t2.asm.obj</name>
      </input_file>
      <input_file id="fl-cd">
         <path>C:\ti\ccs1271\ccs\tools\compiler\ti-cgt-arm_20.2.7.LTS\lib\</path>
         <kind>archive</kind>
         <file>rtsv7M4_T_le_v4SPD16_eabi.lib</file>
         <name>fd_cmp_t2.asm.obj</name>
      </input_file>
      <input_file id="fl-ce">
         <path>C:\ti\ccs1271\ccs\tools\compiler\ti-cgt-arm_20.2.7.LTS\lib\</path>
         <kind>archive</kind>
         <file>rtsv7M4_T_le_v4SPD16_eabi.lib</file>
         <name>fd_div_t2.asm.obj</name>
      </input_file>
      <input_file id="fl-cf">
         <path>C:\ti\ccs1271\ccs\tools\compiler\ti-cgt-arm_20.2.7.LTS\lib\</path>
         <kind>archive</kind>
         <file>rtsv7M4_T_le_v4SPD16_eabi.lib</file>
         <name>fd_mul_t2.asm.obj</name>
      </input_file>
      <input_file id="fl-d0">
         <path>C:\ti\ccs1271\ccs\tools\compiler\ti-cgt-arm_20.2.7.LTS\lib\</path>
         <kind>archive</kind>
         <file>rtsv7M4_T_le_v4SPD16_eabi.lib</file>
         <name>fd_toi_t2.asm.obj</name>
      </input_file>
      <input_file id="fl-d1">
         <path>C:\ti\ccs1271\ccs\tools\compiler\ti-cgt-arm_20.2.7.LTS\lib\</path>
         <kind>archive</kind>
         <file>rtsv7M4_T_le_v4SPD16_eabi.lib</file>
         <name>fd_tos_t2.asm.obj</name>
      </input_file>
      <input_file id="fl-d2">
         <path>C:\ti\ccs1271\ccs\tools\compiler\ti-cgt-arm_20.2.7.LTS\lib\</path>
         <kind>archive</kind>
         <file>rtsv7M4_T_le_v4SPD16_eabi.lib</file>
         <name>fs_tod_t2.asm.obj</name>
      </input_file>
      <input_file id="fl-d3">
         <path>C:\ti\ccs1271\ccs\tools\compiler\ti-cgt-arm_20.2.7.LTS\lib\</path>
         <kind>archive</kind>
         <file>rtsv7M4_T_le_v4SPD16_eabi.lib</file>
         <name>i_tofd_t2.asm.obj</name>
      </input_file>
      <input_file id="fl-d4">
         <path>C:\ti\ccs1271\ccs\tools\compiler\ti-cgt-arm_20.2.7.LTS\lib\</path>
         <kind>archive</kind>
         <file>rtsv7M4_T_le_v4SPD16_eabi.lib</file>
         <name>memcpy_t2.asm.obj</name>
      </input_file>
      <input_file id="fl-d5">
         <path>C:\ti\ccs1271\ccs\tools\compiler\ti-cgt-arm_20.2.7.LTS\lib\</path>
         <kind>archive</kind>
         <file>rtsv7M4_T_le_v4SPD16_eabi.lib</file>
         <name>memset_t2.asm.obj</name>
      </input_file>
      <input_file id="fl-d6">
         <path>C:\ti\ccs1271\ccs\tools\compiler\ti-cgt-arm_20.2.7.LTS\lib\</path>
         <kind>archive</kind>
         <file>rtsv7M4_T_le_v4SPD16_eabi.lib</file>
         <name>copy_zero_init.c.obj</name>
      </input_file>
      <input_file id="fl-d7">
         <path>C:\ti\ccs1271\ccs\tools\compiler\ti-cgt-arm_20.2.7.LTS\lib\</path>
         <kind>archive</kind>
         <file>rtsv7M4_T_le_v4SPD16_eabi.lib</file>
         <name>copy_decompress_none.c.obj</name>
      </input_file>
      <input_file id="fl-d8">
         <path>C:\ti\ccs1271\ccs\tools\compiler\ti-cgt-arm_20.2.7.LTS\lib\</path>
         <kind>archive</kind>
         <file>rtsv7M4_T_le_v4SPD16_eabi.lib</file>
         <name>copy_decompress_lzss.c.obj</name>
      </input_file>
      <input_file id="fl-d9">
         <path>C:\ti\ccs1271\ccs\tools\compiler\ti-cgt-arm_20.2.7.LTS\lib\</path>
         <kind>archive</kind>
         <file>rtsv7M4_T_le_v4SPD16_eabi.lib</file>
         <name>_lock.c.obj</name>
      </input_file>
      <input_file id="fl-da">
         <path>C:\ti\ccs1271\ccs\tools\compiler\ti-cgt-arm_20.2.7.LTS\lib\</path>
         <kind>archive</kind>
         <file>rtsv7M4_T_le_v4SPD16_eabi.lib</file>
         <name>defs.c.obj</name>
      </input_file>
      <input_file id="fl-db">
         <path>C:\ti\ccs1271\ccs\tools\compiler\ti-cgt-arm_20.2.7.LTS\lib\</path>
         <kind>archive</kind>
         <file>rtsv7M4_T_le_v4SPD16_eabi.lib</file>
         <name>memory.c.obj</name>
      </input_file>
      <input_file id="fl-dc">
         <path>C:\ti\ccs1271\ccs\tools\compiler\ti-cgt-arm_20.2.7.LTS\lib\</path>
         <kind>archive</kind>
         <file>rtsv7M4_T_le_v4SPD16_eabi.lib</file>
         <name>strcmp.c.obj</name>
      </input_file>
      <input_file id="fl-dd">
         <path>C:\ti\ccs1271\ccs\tools\compiler\ti-cgt-arm_20.2.7.LTS\lib\</path>
         <kind>archive</kind>
         <file>rtsv7M4_T_le_v4SPD16_eabi.lib</file>
         <name>strcpy.c.obj</name>
      </input_file>
      <input_file id="fl-de">
         <path>C:\ti\ccs1271\ccs\tools\compiler\ti-cgt-arm_20.2.7.LTS\lib\</path>
         <kind>archive</kind>
         <file>rtsv7M4_T_le_v4SPD16_eabi.lib</file>
         <name>strlen.c.obj</name>
      </input_file>
      <input_file id="fl-df">
         <path>C:\ti\ccs1271\ccs\tools\compiler\ti-cgt-arm_20.2.7.LTS\lib\</path>
         <kind>archive</kind>
         <file>rtsv7M4_T_le_v4SPD16_eabi.lib</file>
         <name>boot_cortex_m.c.obj</name>
      </input_file>
      <input_file id="fl-e0">
         <path>C:\ti\ccs1271\ccs\tools\compiler\ti-cgt-arm_20.2.7.LTS\lib\</path>
         <kind>archive</kind>
         <file>rtsv7M4_T_le_v4SPD16_eabi.lib</file>
         <name>write.c.obj</name>
      </input_file>
      <input_file id="fl-e1">
         <path>C:\ti\ccs1271\ccs\tools\compiler\ti-cgt-arm_20.2.7.LTS\lib\</path>
         <kind>archive</kind>
         <file>rtsv7M4_T_le_v4SPD16_eabi.lib</file>
         <name>host_device.c.obj</name>
      </input_file>
      <input_file id="fl-e2">
         <path>C:\ti\ccs1271\ccs\tools\compiler\ti-cgt-arm_20.2.7.LTS\lib\</path>
         <kind>archive</kind>
         <file>rtsv7M4_T_le_v4SPD16_eabi.lib</file>
         <name>_printfi.c.obj</name>
      </input_file>
      <input_file id="fl-e3">
         <path>C:\ti\ccs1271\ccs\tools\compiler\ti-cgt-arm_20.2.7.LTS\lib\</path>
         <kind>archive</kind>
         <file>rtsv7M4_T_le_v4SPD16_eabi.lib</file>
         <name>ull_div_t2.asm.obj</name>
      </input_file>
      <input_file id="fl-e4">
         <path>C:\ti\ccs1271\ccs\tools\compiler\ti-cgt-arm_20.2.7.LTS\lib\</path>
         <kind>archive</kind>
         <file>rtsv7M4_T_le_v4SPD16_eabi.lib</file>
         <name>autoinit.c.obj</name>
      </input_file>
      <input_file id="fl-e5">
         <path>C:\ti\ccs1271\ccs\tools\compiler\ti-cgt-arm_20.2.7.LTS\lib\</path>
         <kind>archive</kind>
         <file>rtsv7M4_T_le_v4SPD16_eabi.lib</file>
         <name>pre_init.c.obj</name>
      </input_file>
      <input_file id="fl-e6">
         <path>C:\ti\ccs1271\ccs\tools\compiler\ti-cgt-arm_20.2.7.LTS\lib\</path>
         <kind>archive</kind>
         <file>rtsv7M4_T_le_v4SPD16_eabi.lib</file>
         <name>cpy_tbl.c.obj</name>
      </input_file>
      <input_file id="fl-e7">
         <path>C:\ti\ccs1271\ccs\tools\compiler\ti-cgt-arm_20.2.7.LTS\lib\</path>
         <kind>archive</kind>
         <file>rtsv7M4_T_le_v4SPD16_eabi.lib</file>
         <name>exit.c.obj</name>
      </input_file>
      <input_file id="fl-e8">
         <path>C:\ti\ccs1271\ccs\tools\compiler\ti-cgt-arm_20.2.7.LTS\lib\</path>
         <kind>archive</kind>
         <file>rtsv7M4_T_le_v4SPD16_eabi.lib</file>
         <name>_ltoa.c.obj</name>
      </input_file>
      <input_file id="fl-e9">
         <path>C:\ti\ccs1271\ccs\tools\compiler\ti-cgt-arm_20.2.7.LTS\lib\</path>
         <kind>archive</kind>
         <file>rtsv7M4_T_le_v4SPD16_eabi.lib</file>
         <name>args_main.c.obj</name>
      </input_file>
      <input_file id="fl-ea">
         <path>C:\ti\ccs1271\ccs\tools\compiler\ti-cgt-arm_20.2.7.LTS\lib\</path>
         <kind>archive</kind>
         <file>rtsv7M4_T_le_v4SPD16_eabi.lib</file>
         <name>atoi.c.obj</name>
      </input_file>
      <input_file id="fl-eb">
         <path>C:\ti\ccs1271\ccs\tools\compiler\ti-cgt-arm_20.2.7.LTS\lib\</path>
         <kind>archive</kind>
         <file>rtsv7M4_T_le_v4SPD16_eabi.lib</file>
         <name>ctype.c.obj</name>
      </input_file>
      <input_file id="fl-ec">
         <path>C:\ti\ccs1271\ccs\tools\compiler\ti-cgt-arm_20.2.7.LTS\lib\</path>
         <kind>archive</kind>
         <file>rtsv7M4_T_le_v4SPD16_eabi.lib</file>
         <name>memccpy.c.obj</name>
      </input_file>
      <input_file id="fl-ed">
         <path>C:\ti\ccs1271\ccs\tools\compiler\ti-cgt-arm_20.2.7.LTS\lib\</path>
         <kind>archive</kind>
         <file>rtsv7M4_T_le_v4SPD16_eabi.lib</file>
         <name>strchr.c.obj</name>
      </input_file>
      <input_file id="fl-ee">
         <path>C:\ti\ccs1271\ccs\tools\compiler\ti-cgt-arm_20.2.7.LTS\lib\</path>
         <kind>archive</kind>
         <file>rtsv7M4_T_le_v4SPD16_eabi.lib</file>
         <name>hostclose.c.obj</name>
      </input_file>
      <input_file id="fl-ef">
         <path>C:\ti\ccs1271\ccs\tools\compiler\ti-cgt-arm_20.2.7.LTS\lib\</path>
         <kind>archive</kind>
         <file>rtsv7M4_T_le_v4SPD16_eabi.lib</file>
         <name>hostlseek.c.obj</name>
      </input_file>
      <input_file id="fl-f0">
         <path>C:\ti\ccs1271\ccs\tools\compiler\ti-cgt-arm_20.2.7.LTS\lib\</path>
         <kind>archive</kind>
         <file>rtsv7M4_T_le_v4SPD16_eabi.lib</file>
         <name>hostopen.c.obj</name>
      </input_file>
      <input_file id="fl-f1">
         <path>C:\ti\ccs1271\ccs\tools\compiler\ti-cgt-arm_20.2.7.LTS\lib\</path>
         <kind>archive</kind>
         <file>rtsv7M4_T_le_v4SPD16_eabi.lib</file>
         <name>hostread.c.obj</name>
      </input_file>
      <input_file id="fl-f2">
         <path>C:\ti\ccs1271\ccs\tools\compiler\ti-cgt-arm_20.2.7.LTS\lib\</path>
         <kind>archive</kind>
         <file>rtsv7M4_T_le_v4SPD16_eabi.lib</file>
         <name>hostrename.c.obj</name>
      </input_file>
      <input_file id="fl-f3">
         <path>C:\ti\ccs1271\ccs\tools\compiler\ti-cgt-arm_20.2.7.LTS\lib\</path>
         <kind>archive</kind>
         <file>rtsv7M4_T_le_v4SPD16_eabi.lib</file>
         <name>hostunlink.c.obj</name>
      </input_file>
      <input_file id="fl-f4">
         <path>C:\ti\ccs1271\ccs\tools\compiler\ti-cgt-arm_20.2.7.LTS\lib\</path>
         <kind>archive</kind>
         <file>rtsv7M4_T_le_v4SPD16_eabi.lib</file>
         <name>hostwrite.c.obj</name>
      </input_file>
      <input_file id="fl-f5">
         <path>C:\ti\ccs1271\ccs\tools\compiler\ti-cgt-arm_20.2.7.LTS\lib\</path>
         <kind>archive</kind>
         <file>rtsv7M4_T_le_v4SPD16_eabi.lib</file>
         <name>trgmsg.c.obj</name>
      </input_file>
      <input_file id="fl-f6">
         <path>C:\ti\ccs1271\ccs\tools\compiler\ti-cgt-arm_20.2.7.LTS\lib\</path>
         <kind>archive</kind>
         <file>rtsv7M4_T_le_v4SPD16_eabi.lib</file>
         <name>errno.c.obj</name>
      </input_file>
      <input_file id="fl-f7">
         <path>C:\ti\ccs1271\ccs\tools\compiler\ti-cgt-arm_20.2.7.LTS\lib\</path>
         <kind>archive</kind>
         <file>rtsv7M4_T_le_v4SPD16_eabi.lib</file>
         <name>wcslen.c.obj</name>
      </input_file>
      <input_file id="fl-f8">
         <path>C:\ti\ccs1271\ccs\tools\compiler\ti-cgt-arm_20.2.7.LTS\lib\</path>
         <kind>archive</kind>
         <file>rtsv7M4_T_le_v4SPD16_eabi.lib</file>
         <name>s_frexp.c.obj</name>
      </input_file>
      <input_file id="fl-f9">
         <path>C:\ti\ccs1271\ccs\tools\compiler\ti-cgt-arm_20.2.7.LTS\lib\</path>
         <kind>archive</kind>
         <file>rtsv7M4_T_le_v4SPD16_eabi.lib</file>
         <name>s_scalbn.c.obj</name>
      </input_file>
      <input_file id="fl-fa">
         <path>C:\ti\ccs1271\ccs\tools\compiler\ti-cgt-arm_20.2.7.LTS\lib\</path>
         <kind>archive</kind>
         <file>rtsv7M4_T_le_v4SPD16_eabi.lib</file>
         <name>div0.asm.obj</name>
      </input_file>
      <input_file id="fl-fb">
         <path>C:\ti\ccs1271\ccs\tools\compiler\ti-cgt-arm_20.2.7.LTS\lib\</path>
         <kind>archive</kind>
         <file>rtsv7M4_T_le_v4SPD16_eabi.lib</file>
         <name>s_copysign.c.obj</name>
      </input_file>
      <input_file id="fl-fc">
         <path>C:\ti\TivaWare_C_Series-2.2.0.295\driverlib\ccs\Debug\</path>
         <kind>archive</kind>
         <file>driverlib.lib</file>
         <name>interrupt.obj</name>
      </input_file>
      <input_file id="fl-fd">
         <path>C:\ti\TivaWare_C_Series-2.2.0.295\driverlib\ccs\Debug\</path>
         <kind>archive</kind>
         <file>driverlib.lib</file>
         <name>cpu.obj</name>
      </input_file>
   </input_file_list>
   <object_component_list>
      <object_component id="oc-12">
         <name>.intvecs</name>
         <load_address>0x0</load_address>
         <run_address>0x0</run_address>
         <size>0x26c</size>
         <input_file_ref idref="fl-7"/>
      </object_component>
      <object_component id="oc-fe">
         <name>.text</name>
         <load_address>0x26c</load_address>
         <run_address>0x26c</run_address>
         <size>0xc20</size>
         <input_file_ref idref="fl-6"/>
      </object_component>
      <object_component id="oc-22d">
         <name>.text:__TI_printfi</name>
         <load_address>0xe8c</load_address>
         <run_address>0xe8c</run_address>
         <size>0xa4e</size>
         <input_file_ref idref="fl-e2"/>
      </object_component>
      <object_component id="oc-28d">
         <name>.text:_nop</name>
         <load_address>0x18da</load_address>
         <run_address>0x18da</run_address>
         <size>0x2</size>
         <input_file_ref idref="fl-d9"/>
      </object_component>
      <object_component id="oc-a2">
         <name>.text</name>
         <load_address>0x18dc</load_address>
         <run_address>0x18dc</run_address>
         <size>0x778</size>
         <input_file_ref idref="fl-3"/>
      </object_component>
      <object_component id="oc-dd">
         <name>.text</name>
         <load_address>0x2054</load_address>
         <run_address>0x2054</run_address>
         <size>0x328</size>
         <input_file_ref idref="fl-4"/>
      </object_component>
      <object_component id="oc-30b">
         <name>.text:_pconv_a</name>
         <load_address>0x237c</load_address>
         <run_address>0x237c</run_address>
         <size>0x270</size>
         <input_file_ref idref="fl-e2"/>
      </object_component>
      <object_component id="oc-f8">
         <name>.text</name>
         <load_address>0x25ec</load_address>
         <run_address>0x25ec</run_address>
         <size>0x260</size>
         <input_file_ref idref="fl-f"/>
      </object_component>
      <object_component id="oc-e9">
         <name>.text</name>
         <load_address>0x284c</load_address>
         <run_address>0x284c</run_address>
         <size>0x248</size>
         <input_file_ref idref="fl-2"/>
      </object_component>
      <object_component id="oc-1d1">
         <name>.text</name>
         <load_address>0x2a94</load_address>
         <run_address>0x2a94</run_address>
         <size>0x1ec</size>
         <input_file_ref idref="fl-11"/>
      </object_component>
      <object_component id="oc-131">
         <name>.text</name>
         <load_address>0x2c80</load_address>
         <run_address>0x2c80</run_address>
         <size>0x1d8</size>
         <input_file_ref idref="fl-5"/>
      </object_component>
      <object_component id="oc-2f9">
         <name>.text:_pconv_g</name>
         <load_address>0x2e58</load_address>
         <run_address>0x2e58</run_address>
         <size>0x1d0</size>
         <input_file_ref idref="fl-e2"/>
      </object_component>
      <object_component id="oc-124">
         <name>.text</name>
         <load_address>0x3028</load_address>
         <run_address>0x3028</run_address>
         <size>0x1b6</size>
         <input_file_ref idref="fl-cc"/>
      </object_component>
      <object_component id="oc-405">
         <name>.text</name>
         <load_address>0x31de</load_address>
         <run_address>0x31de</run_address>
         <size>0x2</size>
         <input_file_ref idref="fl-fa"/>
      </object_component>
      <object_component id="oc-ef">
         <name>.text</name>
         <load_address>0x31e0</load_address>
         <run_address>0x31e0</run_address>
         <size>0x15c</size>
         <input_file_ref idref="fl-13"/>
      </object_component>
      <object_component id="oc-1cb">
         <name>.text</name>
         <load_address>0x333c</load_address>
         <run_address>0x333c</run_address>
         <size>0x158</size>
         <input_file_ref idref="fl-12"/>
      </object_component>
      <object_component id="oc-305">
         <name>.text:_pconv_e</name>
         <load_address>0x3494</load_address>
         <run_address>0x3494</run_address>
         <size>0x13c</size>
         <input_file_ref idref="fl-e2"/>
      </object_component>
      <object_component id="oc-202">
         <name>.text</name>
         <load_address>0x35d0</load_address>
         <run_address>0x35d0</run_address>
         <size>0x136</size>
         <input_file_ref idref="fl-ce"/>
      </object_component>
      <object_component id="oc-39e">
         <name>.text:fcvt</name>
         <load_address>0x3708</load_address>
         <run_address>0x3708</run_address>
         <size>0x124</size>
         <input_file_ref idref="fl-e2"/>
      </object_component>
      <object_component id="oc-1d7">
         <name>.text</name>
         <load_address>0x382c</load_address>
         <run_address>0x382c</run_address>
         <size>0x118</size>
         <input_file_ref idref="fl-10"/>
      </object_component>
      <object_component id="oc-3b2">
         <name>.text:scalbn</name>
         <load_address>0x3944</load_address>
         <run_address>0x3944</run_address>
         <size>0x110</size>
         <input_file_ref idref="fl-f9"/>
      </object_component>
      <object_component id="oc-373">
         <name>.text:aligned_alloc</name>
         <load_address>0x3a54</load_address>
         <run_address>0x3a54</run_address>
         <size>0x100</size>
         <input_file_ref idref="fl-db"/>
      </object_component>
      <object_component id="oc-137">
         <name>.text</name>
         <load_address>0x3b54</load_address>
         <run_address>0x3b54</run_address>
         <size>0xfc</size>
         <input_file_ref idref="fl-cf"/>
      </object_component>
      <object_component id="oc-1ec">
         <name>.text:free</name>
         <load_address>0x3c50</load_address>
         <run_address>0x3c50</run_address>
         <size>0xe4</size>
         <input_file_ref idref="fl-db"/>
      </object_component>
      <object_component id="oc-2f3">
         <name>.text:_ltostr</name>
         <load_address>0x3d34</load_address>
         <run_address>0x3d34</run_address>
         <size>0xb1</size>
         <input_file_ref idref="fl-e2"/>
      </object_component>
      <object_component id="oc-3e">
         <name>.text</name>
         <load_address>0x3de6</load_address>
         <run_address>0x3de6</run_address>
         <size>0x9c</size>
         <input_file_ref idref="fl-d4"/>
      </object_component>
      <object_component id="oc-385">
         <name>.text</name>
         <load_address>0x3e82</load_address>
         <run_address>0x3e82</run_address>
         <size>0x96</size>
         <input_file_ref idref="fl-e3"/>
      </object_component>
      <object_component id="oc-114">
         <name>.text:__aeabi_cdcmple</name>
         <load_address>0x3f18</load_address>
         <run_address>0x3f18</run_address>
         <size>0x86</size>
         <input_file_ref idref="fl-cd"/>
      </object_component>
      <object_component id="oc-129">
         <name>.text:__aeabi_cdrcmple</name>
         <load_address>0x3f9e</load_address>
         <run_address>0x3f9e</run_address>
         <size>0x86</size>
         <input_file_ref idref="fl-cd"/>
      </object_component>
      <object_component id="oc-e3">
         <name>.text:fflush</name>
         <load_address>0x4024</load_address>
         <run_address>0x4024</run_address>
         <size>0x7c</size>
         <input_file_ref idref="fl-cb"/>
      </object_component>
      <object_component id="oc-96">
         <name>.text</name>
         <load_address>0x40a0</load_address>
         <run_address>0x40a0</run_address>
         <size>0x7a</size>
         <input_file_ref idref="fl-d5"/>
      </object_component>
      <object_component id="oc-3f7">
         <name>.text:split</name>
         <load_address>0x411c</load_address>
         <run_address>0x411c</run_address>
         <size>0x70</size>
         <input_file_ref idref="fl-db"/>
      </object_component>
      <object_component id="oc-397">
         <name>.text:_mcpy</name>
         <load_address>0x418c</load_address>
         <run_address>0x418c</run_address>
         <size>0x6e</size>
         <input_file_ref idref="fl-e2"/>
      </object_component>
      <object_component id="oc-20a">
         <name>.text</name>
         <load_address>0x41fa</load_address>
         <run_address>0x41fa</run_address>
         <size>0x6e</size>
         <input_file_ref idref="fl-d1"/>
      </object_component>
      <object_component id="oc-458">
         <name>.text:HOSTrename</name>
         <load_address>0x4268</load_address>
         <run_address>0x4268</run_address>
         <size>0x6c</size>
         <input_file_ref idref="fl-f2"/>
      </object_component>
      <object_component id="oc-44c">
         <name>.text:HOSTlseek</name>
         <load_address>0x42d4</load_address>
         <run_address>0x42d4</run_address>
         <size>0x68</size>
         <input_file_ref idref="fl-ef"/>
      </object_component>
      <object_component id="oc-15">
         <name>.text:decompress:lzss:__TI_decompress_lzss</name>
         <load_address>0x433c</load_address>
         <run_address>0x433c</run_address>
         <size>0x68</size>
         <input_file_ref idref="fl-d8"/>
      </object_component>
      <object_component id="oc-3ac">
         <name>.text:frexp</name>
         <load_address>0x43a4</load_address>
         <run_address>0x43a4</run_address>
         <size>0x64</size>
         <input_file_ref idref="fl-f8"/>
      </object_component>
      <object_component id="oc-434">
         <name>.text:HOSTopen</name>
         <load_address>0x4408</load_address>
         <run_address>0x4408</run_address>
         <size>0x60</size>
         <input_file_ref idref="fl-f0"/>
      </object_component>
      <object_component id="oc-440">
         <name>.text:HOSTread</name>
         <load_address>0x4468</load_address>
         <run_address>0x4468</run_address>
         <size>0x58</size>
         <input_file_ref idref="fl-f1"/>
      </object_component>
      <object_component id="oc-446">
         <name>.text:HOSTwrite</name>
         <load_address>0x44c0</load_address>
         <run_address>0x44c0</run_address>
         <size>0x58</size>
         <input_file_ref idref="fl-f4"/>
      </object_component>
      <object_component id="oc-2ff">
         <name>.text:_pconv_f</name>
         <load_address>0x4518</load_address>
         <run_address>0x4518</run_address>
         <size>0x56</size>
         <input_file_ref idref="fl-e2"/>
      </object_component>
      <object_component id="oc-38b">
         <name>.text:__TI_ltoa</name>
         <load_address>0x456e</load_address>
         <run_address>0x456e</run_address>
         <size>0x54</size>
         <input_file_ref idref="fl-e8"/>
      </object_component>
      <object_component id="oc-391">
         <name>.text:_ecpy</name>
         <load_address>0x45c2</load_address>
         <run_address>0x45c2</run_address>
         <size>0x52</size>
         <input_file_ref idref="fl-e2"/>
      </object_component>
      <object_component id="oc-1a7">
         <name>.text:__TI_doflush</name>
         <load_address>0x4614</load_address>
         <run_address>0x4614</run_address>
         <size>0x4c</size>
         <input_file_ref idref="fl-cb"/>
      </object_component>
      <object_component id="oc-2ed">
         <name>.text:atoi</name>
         <load_address>0x4660</load_address>
         <run_address>0x4660</run_address>
         <size>0x4c</size>
         <input_file_ref idref="fl-ea"/>
      </object_component>
      <object_component id="oc-10a">
         <name>.text</name>
         <load_address>0x46ac</load_address>
         <run_address>0x46ac</run_address>
         <size>0x48</size>
         <input_file_ref idref="fl-d0"/>
      </object_component>
      <object_component id="oc-43a">
         <name>.text:HOSTclose</name>
         <load_address>0x46f4</load_address>
         <run_address>0x46f4</run_address>
         <size>0x44</size>
         <input_file_ref idref="fl-ee"/>
      </object_component>
      <object_component id="oc-452">
         <name>.text:HOSTunlink</name>
         <load_address>0x4738</load_address>
         <run_address>0x4738</run_address>
         <size>0x44</size>
         <input_file_ref idref="fl-f3"/>
      </object_component>
      <object_component id="oc-14e">
         <name>.text:__TI_auto_init_nobinit_nopinit:__TI_auto_init_nobinit_nopinit</name>
         <load_address>0x477c</load_address>
         <run_address>0x477c</run_address>
         <size>0x44</size>
         <input_file_ref idref="fl-e4"/>
      </object_component>
      <object_component id="oc-119">
         <name>.text:sprintf</name>
         <load_address>0x47c0</load_address>
         <run_address>0x47c0</run_address>
         <size>0x40</size>
         <input_file_ref idref="fl-c9"/>
      </object_component>
      <object_component id="oc-18b">
         <name>.text:vsnprintf</name>
         <load_address>0x4800</load_address>
         <run_address>0x4800</run_address>
         <size>0x40</size>
         <input_file_ref idref="fl-ca"/>
      </object_component>
      <object_component id="oc-3a4">
         <name>.text:_fcpy</name>
         <load_address>0x4840</load_address>
         <run_address>0x4840</run_address>
         <size>0x3e</size>
         <input_file_ref idref="fl-e2"/>
      </object_component>
      <object_component id="oc-474">
         <name>.text:__TI_writemsg</name>
         <load_address>0x4880</load_address>
         <run_address>0x4880</run_address>
         <size>0x38</size>
         <input_file_ref idref="fl-f5"/>
      </object_component>
      <object_component id="oc-1e6">
         <name>.text:calloc</name>
         <load_address>0x48b8</load_address>
         <run_address>0x48b8</run_address>
         <size>0x38</size>
         <input_file_ref idref="fl-db"/>
      </object_component>
      <object_component id="oc-11f">
         <name>.text</name>
         <load_address>0x48f0</load_address>
         <run_address>0x48f0</run_address>
         <size>0x38</size>
         <input_file_ref idref="fl-d2"/>
      </object_component>
      <object_component id="oc-1b5">
         <name>.text:IntRegister</name>
         <load_address>0x4928</load_address>
         <run_address>0x4928</run_address>
         <size>0x34</size>
         <input_file_ref idref="fl-fc"/>
      </object_component>
      <object_component id="oc-47a">
         <name>.text:__TI_readmsg</name>
         <load_address>0x495c</load_address>
         <run_address>0x495c</run_address>
         <size>0x34</size>
         <input_file_ref idref="fl-f5"/>
      </object_component>
      <object_component id="oc-5c">
         <name>.text:_c_int00_noargs:_c_int00_noargs</name>
         <load_address>0x4990</load_address>
         <run_address>0x4990</run_address>
         <size>0x34</size>
         <input_file_ref idref="fl-df"/>
      </object_component>
      <object_component id="oc-268">
         <name>.text:_outs</name>
         <load_address>0x49c4</load_address>
         <run_address>0x49c4</run_address>
         <size>0x30</size>
         <input_file_ref idref="fl-ca"/>
      </object_component>
      <object_component id="oc-10f">
         <name>.text</name>
         <load_address>0x49f4</load_address>
         <run_address>0x49f4</run_address>
         <size>0x2e</size>
         <input_file_ref idref="fl-d3"/>
      </object_component>
      <object_component id="oc-2d7">
         <name>.text:free_list_insert</name>
         <load_address>0x4a24</load_address>
         <run_address>0x4a24</run_address>
         <size>0x28</size>
         <input_file_ref idref="fl-db"/>
      </object_component>
      <object_component id="oc-286">
         <name>.text:write</name>
         <load_address>0x4a4c</load_address>
         <run_address>0x4a4c</run_address>
         <size>0x28</size>
         <input_file_ref idref="fl-e0"/>
      </object_component>
      <object_component id="oc-2d1">
         <name>.text:free_list_remove</name>
         <load_address>0x4a74</load_address>
         <run_address>0x4a74</run_address>
         <size>0x1c</size>
         <input_file_ref idref="fl-db"/>
      </object_component>
      <object_component id="oc-311">
         <name>.text:memccpy</name>
         <load_address>0x4a90</load_address>
         <run_address>0x4a90</run_address>
         <size>0x1c</size>
         <input_file_ref idref="fl-ec"/>
      </object_component>
      <object_component id="oc-418">
         <name>.text:copysign</name>
         <load_address>0x4aac</load_address>
         <run_address>0x4aac</run_address>
         <size>0x1a</size>
         <input_file_ref idref="fl-fb"/>
      </object_component>
      <object_component id="oc-26e">
         <name>.text:_outc</name>
         <load_address>0x4ac6</load_address>
         <run_address>0x4ac6</run_address>
         <size>0x18</size>
         <input_file_ref idref="fl-ca"/>
      </object_component>
      <object_component id="oc-233">
         <name>.text:_outs</name>
         <load_address>0x4ade</load_address>
         <run_address>0x4ade</run_address>
         <size>0x18</size>
         <input_file_ref idref="fl-c9"/>
      </object_component>
      <object_component id="oc-1f2">
         <name>.text:oi_parseInt</name>
         <load_address>0x4af6</load_address>
         <run_address>0x4af6</run_address>
         <size>0x18</size>
         <input_file_ref idref="fl-6"/>
      </object_component>
      <object_component id="oc-191">
         <name>.text:strcmp</name>
         <load_address>0x4b0e</load_address>
         <run_address>0x4b0e</run_address>
         <size>0x18</size>
         <input_file_ref idref="fl-dc"/>
      </object_component>
      <object_component id="oc-3b8">
         <name>.text:strchr</name>
         <load_address>0x4b26</load_address>
         <run_address>0x4b26</run_address>
         <size>0x16</size>
         <input_file_ref idref="fl-ed"/>
      </object_component>
      <object_component id="oc-197">
         <name>.text:strcpy</name>
         <load_address>0x4b3c</load_address>
         <run_address>0x4b3c</run_address>
         <size>0x14</size>
         <input_file_ref idref="fl-dd"/>
      </object_component>
      <object_component id="oc-d7">
         <name>.text:strlen</name>
         <load_address>0x4b50</load_address>
         <run_address>0x4b50</run_address>
         <size>0x14</size>
         <input_file_ref idref="fl-de"/>
      </object_component>
      <object_component id="oc-317">
         <name>.text:wcslen</name>
         <load_address>0x4b64</load_address>
         <run_address>0x4b64</run_address>
         <size>0x12</size>
         <input_file_ref idref="fl-f7"/>
      </object_component>
      <object_component id="oc-1f9">
         <name>.text:IntMasterEnable</name>
         <load_address>0x4b76</load_address>
         <run_address>0x4b76</run_address>
         <size>0x10</size>
         <input_file_ref idref="fl-fc"/>
      </object_component>
      <object_component id="oc-184">
         <name>.text:lcd_clear</name>
         <load_address>0x4b86</load_address>
         <run_address>0x4b86</run_address>
         <size>0x10</size>
         <input_file_ref idref="fl-4"/>
      </object_component>
      <object_component id="oc-1b">
         <name>.text:decompress:none:__TI_decompress_none</name>
         <load_address>0x4b96</load_address>
         <run_address>0x4b96</run_address>
         <size>0xe</size>
         <input_file_ref idref="fl-d7"/>
      </object_component>
      <object_component id="oc-2de">
         <name>.text:CPUcpsie</name>
         <load_address>0x4ba4</load_address>
         <run_address>0x4ba4</run_address>
         <size>0xc</size>
         <input_file_ref idref="fl-fd"/>
      </object_component>
      <object_component id="oc-50">
         <name>.text:decompress:ZI:__TI_zero_init</name>
         <load_address>0x4bb0</load_address>
         <run_address>0x4bb0</run_address>
         <size>0xc</size>
         <input_file_ref idref="fl-d6"/>
      </object_component>
      <object_component id="oc-2a">
         <name>.text</name>
         <load_address>0x4bbc</load_address>
         <run_address>0x4bbc</run_address>
         <size>0xc</size>
         <input_file_ref idref="fl-7"/>
      </object_component>
      <object_component id="oc-239">
         <name>.text:_outc</name>
         <load_address>0x4bc8</load_address>
         <run_address>0x4bc8</run_address>
         <size>0xa</size>
         <input_file_ref idref="fl-c9"/>
      </object_component>
      <object_component id="oc-31d">
         <name>.text:__aeabi_errno_addr</name>
         <load_address>0x4bd4</load_address>
         <run_address>0x4bd4</run_address>
         <size>0x8</size>
         <input_file_ref idref="fl-f6"/>
      </object_component>
      <object_component id="oc-2ca">
         <name>.text:malloc</name>
         <load_address>0x4bdc</load_address>
         <run_address>0x4bdc</run_address>
         <size>0x8</size>
         <input_file_ref idref="fl-db"/>
      </object_component>
      <object_component id="oc-9c">
         <name>.text:_system_pre_init</name>
         <load_address>0x4be4</load_address>
         <run_address>0x4be4</run_address>
         <size>0x4</size>
         <input_file_ref idref="fl-e5"/>
      </object_component>
      <object_component id="oc-142">
         <name>.text:abort:abort</name>
         <load_address>0x4be8</load_address>
         <run_address>0x4be8</run_address>
         <size>0x4</size>
         <input_file_ref idref="fl-e7"/>
      </object_component>
      <object_component id="oc-380">
         <name>.const:.string:_ctypes_</name>
         <load_address>0x4bf0</load_address>
         <run_address>0x4bf0</run_address>
         <size>0x101</size>
         <input_file_ref idref="fl-eb"/>
      </object_component>
      <object_component id="oc-19d">
         <name>.const:.string:lineAddress$1</name>
         <load_address>0x4cf1</load_address>
         <run_address>0x4cf1</run_address>
         <size>0x4</size>
         <input_file_ref idref="fl-4"/>
      </object_component>
      <object_component id="oc-12e">
         <name>.const:$P$T0$1</name>
         <load_address>0x4cf8</load_address>
         <run_address>0x4cf8</run_address>
         <size>0x50</size>
         <input_file_ref idref="fl-3"/>
      </object_component>
      <object_component id="oc-207">
         <name>.const:.string:$P$T0$3</name>
         <load_address>0x4d48</load_address>
         <run_address>0x4d48</run_address>
         <size>0xf</size>
         <input_file_ref idref="fl-6"/>
      </object_component>
      <object_component id="oc-19e">
         <name>.const:.string:lineAddresses$2</name>
         <load_address>0x4d57</load_address>
         <run_address>0x4d57</run_address>
         <size>0x4</size>
         <input_file_ref idref="fl-4"/>
      </object_component>
      <object_component id="oc-4d4">
         <name>.cinit..data.load</name>
         <load_address>0x4d60</load_address>
         <run_address>0x4d60</run_address>
         <size>0x70</size>
      </object_component>
      <object_component id="oc-4d1">
         <name>__TI_handler_table</name>
         <load_address>0x4dd0</load_address>
         <run_address>0x4dd0</run_address>
         <size>0xc</size>
      </object_component>
      <object_component id="oc-4d5">
         <name>.cinit..bss.load</name>
         <load_address>0x4de0</load_address>
         <run_address>0x4de0</run_address>
         <size>0x8</size>
      </object_component>
      <object_component id="oc-4d3">
         <name>.cinit..vtable.load</name>
         <load_address>0x4de8</load_address>
         <run_address>0x4de8</run_address>
         <size>0x8</size>
      </object_component>
      <object_component id="oc-4d2">
         <name>__TI_cinit_table</name>
         <load_address>0x4df0</load_address>
         <run_address>0x4df0</run_address>
         <size>0x18</size>
      </object_component>
      <object_component id="oc-2a0">
         <name>.vtable</name>
         <uninitialized>true</uninitialized>
         <run_address>0x20000000</run_address>
         <size>0x26c</size>
         <input_file_ref idref="fl-fc"/>
      </object_component>
      <object_component id="oc-1bb">
         <name>.data</name>
         <load_address>0x20002474</load_address>
         <run_address>0x20002474</run_address>
         <size>0x1</size>
         <input_file_ref idref="fl-2"/>
      </object_component>
      <object_component id="oc-1ff">
         <name>.data</name>
         <load_address>0x20002428</load_address>
         <run_address>0x20002428</run_address>
         <size>0x20</size>
         <input_file_ref idref="fl-6"/>
      </object_component>
      <object_component id="oc-1dd">
         <name>.data</name>
         <load_address>0x20002468</load_address>
         <run_address>0x20002468</run_address>
         <size>0x4</size>
         <input_file_ref idref="fl-f"/>
      </object_component>
      <object_component id="oc-1c3">
         <name>.data</name>
         <load_address>0x2000246c</load_address>
         <run_address>0x2000246c</run_address>
         <size>0x4</size>
         <input_file_ref idref="fl-13"/>
      </object_component>
      <object_component id="oc-1ad">
         <name>.data:$O1$$</name>
         <load_address>0x20002458</load_address>
         <run_address>0x20002458</run_address>
         <size>0x8</size>
         <input_file_ref idref="fl-d9"/>
      </object_component>
      <object_component id="oc-f5">
         <name>.data:_ftable</name>
         <load_address>0x20002270</load_address>
         <run_address>0x20002270</run_address>
         <size>0xf0</size>
         <input_file_ref idref="fl-da"/>
      </object_component>
      <object_component id="oc-1b0">
         <name>.data</name>
         <load_address>0x20002448</load_address>
         <run_address>0x20002448</run_address>
         <size>0x10</size>
         <input_file_ref idref="fl-da"/>
      </object_component>
      <object_component id="oc-37a">
         <name>.data:$O1$$</name>
         <load_address>0x20002460</load_address>
         <run_address>0x20002460</run_address>
         <size>0x8</size>
         <input_file_ref idref="fl-db"/>
      </object_component>
      <object_component id="oc-3e5">
         <name>.data:_device</name>
         <load_address>0x20002360</load_address>
         <run_address>0x20002360</run_address>
         <size>0x78</size>
         <input_file_ref idref="fl-e1"/>
      </object_component>
      <object_component id="oc-354">
         <name>.data:_stream</name>
         <load_address>0x200023d8</load_address>
         <run_address>0x200023d8</run_address>
         <size>0x50</size>
         <input_file_ref idref="fl-e1"/>
      </object_component>
      <object_component id="oc-3c8">
         <name>.data</name>
         <load_address>0x20002470</load_address>
         <run_address>0x20002470</run_address>
         <size>0x4</size>
         <input_file_ref idref="fl-f6"/>
      </object_component>
      <object_component id="oc-19f">
         <name>.bss:lastbuffer$3</name>
         <uninitialized>true</uninitialized>
         <run_address>0x20002598</run_address>
         <size>0x54</size>
         <input_file_ref idref="fl-4"/>
      </object_component>
      <object_component id="oc-20f">
         <name>.bss:firmware$2</name>
         <uninitialized>true</uninitialized>
         <run_address>0x20002620</run_address>
         <size>0x18</size>
         <input_file_ref idref="fl-6"/>
      </object_component>
      <object_component id="oc-490">
         <name>.bss:_CIOBUF_</name>
         <uninitialized>true</uninitialized>
         <run_address>0x20002478</run_address>
         <size>0x120</size>
         <input_file_ref idref="fl-f5"/>
      </object_component>
      <object_component id="oc-1be">
         <name>.common:_timeout_ticks</name>
         <uninitialized>true</uninitialized>
         <run_address>0x20002640</run_address>
         <size>0x4</size>
      </object_component>
      <object_component id="oc-104">
         <name>.common:right_calibration_value</name>
         <uninitialized>true</uninitialized>
         <run_address>0x20002654</run_address>
         <size>0x4</size>
      </object_component>
      <object_component id="oc-109">
         <name>.common:left_calibration_value</name>
         <uninitialized>true</uninitialized>
         <run_address>0x2000264c</run_address>
         <size>0x4</size>
      </object_component>
      <object_component id="oc-2c4">
         <name>.common:isr_int_value</name>
         <uninitialized>true</uninitialized>
         <run_address>0x20002648</run_address>
         <size>0x4</size>
      </object_component>
      <object_component id="oc-2c0">
         <name>.common:risingEdge</name>
         <uninitialized>true</uninitialized>
         <run_address>0x20002658</run_address>
         <size>0x4</size>
      </object_component>
      <object_component id="oc-2c1">
         <name>.common:fallingEdge</name>
         <uninitialized>true</uninitialized>
         <run_address>0x20002644</run_address>
         <size>0x4</size>
      </object_component>
      <object_component id="oc-2c2">
         <name>.common:pulseLength</name>
         <uninitialized>true</uninitialized>
         <run_address>0x20002650</run_address>
         <size>0x4</size>
      </object_component>
      <object_component id="oc-2bd">
         <name>.common:isRisingEdge</name>
         <uninitialized>true</uninitialized>
         <run_address>0x2000265c</run_address>
         <size>0x1</size>
      </object_component>
      <object_component id="oc-1c0">
         <name>.common:isr_char_buffer</name>
         <uninitialized>true</uninitialized>
         <run_address>0x200025ec</run_address>
         <size>0x34</size>
      </object_component>
      <object_component id="oc-480">
         <name>.common:parmbuf</name>
         <uninitialized>true</uninitialized>
         <run_address>0x20002638</run_address>
         <size>0x8</size>
      </object_component>
      <object_component id="oc-24">
         <name>.sysmem</name>
         <uninitialized>true</uninitialized>
         <run_address>0x20001270</run_address>
         <size>0x10</size>
         <input_file_ref idref="fl-db"/>
      </object_component>
      <object_component id="oc-4d8">
         <name>.sysmem</name>
         <uninitialized>true</uninitialized>
         <run_address>0x20001270</run_address>
         <size>0x0</size>
      </object_component>
      <object_component id="oc-27">
         <name>.stack</name>
         <uninitialized>true</uninitialized>
         <run_address>0x20000270</run_address>
         <size>0x4</size>
         <input_file_ref idref="fl-df"/>
      </object_component>
      <object_component id="oc-4d7">
         <name>.stack</name>
         <uninitialized>true</uninitialized>
         <run_address>0x20000270</run_address>
         <size>0x0</size>
      </object_component>
      <object_component id="oc-c5">
         <name>.debug_info</name>
         <load_address>0x0</load_address>
         <run_address>0x0</run_address>
         <size>0x2b1</size>
         <input_file_ref idref="fl-2"/>
      </object_component>
      <object_component id="oc-1bc">
         <name>.debug_info</name>
         <load_address>0x2b1</load_address>
         <run_address>0x2b1</run_address>
         <size>0xbf</size>
         <input_file_ref idref="fl-2"/>
      </object_component>
      <object_component id="oc-ea">
         <name>.debug_info</name>
         <load_address>0x370</load_address>
         <run_address>0x370</run_address>
         <size>0x507</size>
         <input_file_ref idref="fl-2"/>
      </object_component>
      <object_component id="oc-77">
         <name>.debug_info</name>
         <load_address>0x877</load_address>
         <run_address>0x877</run_address>
         <size>0x26b</size>
         <input_file_ref idref="fl-2"/>
      </object_component>
      <object_component id="oc-39">
         <name>.debug_info</name>
         <load_address>0xae2</load_address>
         <run_address>0xae2</run_address>
         <size>0x84</size>
         <input_file_ref idref="fl-2"/>
      </object_component>
      <object_component id="oc-c0">
         <name>.debug_info</name>
         <load_address>0xb66</load_address>
         <run_address>0xb66</run_address>
         <size>0x2a4</size>
         <input_file_ref idref="fl-2"/>
      </object_component>
      <object_component id="oc-7c">
         <name>.debug_info</name>
         <load_address>0xe0a</load_address>
         <run_address>0xe0a</run_address>
         <size>0xbb</size>
         <input_file_ref idref="fl-2"/>
      </object_component>
      <object_component id="oc-105">
         <name>.debug_info</name>
         <load_address>0xec5</load_address>
         <run_address>0xec5</run_address>
         <size>0x693</size>
         <input_file_ref idref="fl-3"/>
      </object_component>
      <object_component id="oc-12f">
         <name>.debug_info</name>
         <load_address>0x1558</load_address>
         <run_address>0x1558</run_address>
         <size>0xc1</size>
         <input_file_ref idref="fl-3"/>
      </object_component>
      <object_component id="oc-a3">
         <name>.debug_info</name>
         <load_address>0x1619</load_address>
         <run_address>0x1619</run_address>
         <size>0x93a</size>
         <input_file_ref idref="fl-3"/>
      </object_component>
      <object_component id="oc-219">
         <name>.debug_info</name>
         <load_address>0x1f53</load_address>
         <run_address>0x1f53</run_address>
         <size>0x5aa</size>
         <input_file_ref idref="fl-3"/>
      </object_component>
      <object_component id="oc-13d">
         <name>.debug_info</name>
         <load_address>0x24fd</load_address>
         <run_address>0x24fd</run_address>
         <size>0x9d</size>
         <input_file_ref idref="fl-3"/>
      </object_component>
      <object_component id="oc-21e">
         <name>.debug_info</name>
         <load_address>0x259a</load_address>
         <run_address>0x259a</run_address>
         <size>0xcc</size>
         <input_file_ref idref="fl-3"/>
      </object_component>
      <object_component id="oc-1a2">
         <name>.debug_info</name>
         <load_address>0x2666</load_address>
         <run_address>0x2666</run_address>
         <size>0x2c</size>
         <input_file_ref idref="fl-3"/>
      </object_component>
      <object_component id="oc-223">
         <name>.debug_info</name>
         <load_address>0x2692</load_address>
         <run_address>0x2692</run_address>
         <size>0x35</size>
         <input_file_ref idref="fl-3"/>
      </object_component>
      <object_component id="oc-1a1">
         <name>.debug_info</name>
         <load_address>0x26c7</load_address>
         <run_address>0x26c7</run_address>
         <size>0x37f</size>
         <input_file_ref idref="fl-4"/>
      </object_component>
      <object_component id="oc-185">
         <name>.debug_info</name>
         <load_address>0x2a46</load_address>
         <run_address>0x2a46</run_address>
         <size>0x114</size>
         <input_file_ref idref="fl-4"/>
      </object_component>
      <object_component id="oc-de">
         <name>.debug_info</name>
         <load_address>0x2b5a</load_address>
         <run_address>0x2b5a</run_address>
         <size>0x8a0</size>
         <input_file_ref idref="fl-4"/>
      </object_component>
      <object_component id="oc-247">
         <name>.debug_info</name>
         <load_address>0x33fa</load_address>
         <run_address>0x33fa</run_address>
         <size>0x2e0</size>
         <input_file_ref idref="fl-5"/>
      </object_component>
      <object_component id="oc-132">
         <name>.debug_info</name>
         <load_address>0x36da</load_address>
         <run_address>0x36da</run_address>
         <size>0x616</size>
         <input_file_ref idref="fl-5"/>
      </object_component>
      <object_component id="oc-211">
         <name>.debug_info</name>
         <load_address>0x3cf0</load_address>
         <run_address>0x3cf0</run_address>
         <size>0x3fc</size>
         <input_file_ref idref="fl-6"/>
      </object_component>
      <object_component id="oc-200">
         <name>.debug_info</name>
         <load_address>0x40ec</load_address>
         <run_address>0x40ec</run_address>
         <size>0x111</size>
         <input_file_ref idref="fl-6"/>
      </object_component>
      <object_component id="oc-208">
         <name>.debug_info</name>
         <load_address>0x41fd</load_address>
         <run_address>0x41fd</run_address>
         <size>0xc6</size>
         <input_file_ref idref="fl-6"/>
      </object_component>
      <object_component id="oc-1f4">
         <name>.debug_info</name>
         <load_address>0x42c3</load_address>
         <run_address>0x42c3</run_address>
         <size>0x13e</size>
         <input_file_ref idref="fl-6"/>
      </object_component>
      <object_component id="oc-101">
         <name>.debug_info</name>
         <load_address>0x4401</load_address>
         <run_address>0x4401</run_address>
         <size>0x1988</size>
         <input_file_ref idref="fl-6"/>
      </object_component>
      <object_component id="oc-212">
         <name>.debug_info</name>
         <load_address>0x5d89</load_address>
         <run_address>0x5d89</run_address>
         <size>0x8b</size>
         <input_file_ref idref="fl-6"/>
      </object_component>
      <object_component id="oc-32">
         <name>.debug_info</name>
         <load_address>0x5e14</load_address>
         <run_address>0x5e14</run_address>
         <size>0x29b</size>
         <input_file_ref idref="fl-7"/>
      </object_component>
      <object_component id="oc-13">
         <name>.debug_info</name>
         <load_address>0x60af</load_address>
         <run_address>0x60af</run_address>
         <size>0xda</size>
         <input_file_ref idref="fl-7"/>
      </object_component>
      <object_component id="oc-2e">
         <name>.debug_info</name>
         <load_address>0x6189</load_address>
         <run_address>0x6189</run_address>
         <size>0x256</size>
         <input_file_ref idref="fl-7"/>
      </object_component>
      <object_component id="oc-107">
         <name>.debug_info</name>
         <load_address>0x63df</load_address>
         <run_address>0x63df</run_address>
         <size>0x485</size>
         <input_file_ref idref="fl-f"/>
      </object_component>
      <object_component id="oc-1de">
         <name>.debug_info</name>
         <load_address>0x6864</load_address>
         <run_address>0x6864</run_address>
         <size>0x114</size>
         <input_file_ref idref="fl-f"/>
      </object_component>
      <object_component id="oc-f9">
         <name>.debug_info</name>
         <load_address>0x6978</load_address>
         <run_address>0x6978</run_address>
         <size>0x4ce</size>
         <input_file_ref idref="fl-f"/>
      </object_component>
      <object_component id="oc-1e1">
         <name>.debug_info</name>
         <load_address>0x6e46</load_address>
         <run_address>0x6e46</run_address>
         <size>0x9d</size>
         <input_file_ref idref="fl-f"/>
      </object_component>
      <object_component id="oc-2c5">
         <name>.debug_info</name>
         <load_address>0x6ee3</load_address>
         <run_address>0x6ee3</run_address>
         <size>0x2b7</size>
         <input_file_ref idref="fl-10"/>
      </object_component>
      <object_component id="oc-1d8">
         <name>.debug_info</name>
         <load_address>0x719a</load_address>
         <run_address>0x719a</run_address>
         <size>0x266</size>
         <input_file_ref idref="fl-10"/>
      </object_component>
      <object_component id="oc-2be">
         <name>.debug_info</name>
         <load_address>0x7400</load_address>
         <run_address>0x7400</run_address>
         <size>0x3ba</size>
         <input_file_ref idref="fl-11"/>
      </object_component>
      <object_component id="oc-1d2">
         <name>.debug_info</name>
         <load_address>0x77ba</load_address>
         <run_address>0x77ba</run_address>
         <size>0x270</size>
         <input_file_ref idref="fl-11"/>
      </object_component>
      <object_component id="oc-1cc">
         <name>.debug_info</name>
         <load_address>0x7a2a</load_address>
         <run_address>0x7a2a</run_address>
         <size>0x296</size>
         <input_file_ref idref="fl-12"/>
      </object_component>
      <object_component id="oc-1c1">
         <name>.debug_info</name>
         <load_address>0x7cc0</load_address>
         <run_address>0x7cc0</run_address>
         <size>0x326</size>
         <input_file_ref idref="fl-13"/>
      </object_component>
      <object_component id="oc-1c4">
         <name>.debug_info</name>
         <load_address>0x7fe6</load_address>
         <run_address>0x7fe6</run_address>
         <size>0xee</size>
         <input_file_ref idref="fl-13"/>
      </object_component>
      <object_component id="oc-f2">
         <name>.debug_info</name>
         <load_address>0x80d4</load_address>
         <run_address>0x80d4</run_address>
         <size>0x43b</size>
         <input_file_ref idref="fl-13"/>
      </object_component>
      <object_component id="oc-2b3">
         <name>.debug_info</name>
         <load_address>0x850f</load_address>
         <run_address>0x850f</run_address>
         <size>0x26b</size>
         <input_file_ref idref="fl-13"/>
      </object_component>
      <object_component id="oc-36a">
         <name>.debug_info</name>
         <load_address>0x877a</load_address>
         <run_address>0x877a</run_address>
         <size>0x297</size>
         <input_file_ref idref="fl-13"/>
      </object_component>
      <object_component id="oc-2ae">
         <name>.debug_info</name>
         <load_address>0x8a11</load_address>
         <run_address>0x8a11</run_address>
         <size>0xbb</size>
         <input_file_ref idref="fl-13"/>
      </object_component>
      <object_component id="oc-240">
         <name>.debug_info</name>
         <load_address>0x8acc</load_address>
         <run_address>0x8acc</run_address>
         <size>0x333</size>
         <input_file_ref idref="fl-c9"/>
      </object_component>
      <object_component id="oc-11b">
         <name>.debug_info</name>
         <load_address>0x8dff</load_address>
         <run_address>0x8dff</run_address>
         <size>0x1d1</size>
         <input_file_ref idref="fl-c9"/>
      </object_component>
      <object_component id="oc-234">
         <name>.debug_info</name>
         <load_address>0x8fd0</load_address>
         <run_address>0x8fd0</run_address>
         <size>0x18d</size>
         <input_file_ref idref="fl-c9"/>
      </object_component>
      <object_component id="oc-23d">
         <name>.debug_info</name>
         <load_address>0x915d</load_address>
         <run_address>0x915d</run_address>
         <size>0x16d</size>
         <input_file_ref idref="fl-c9"/>
      </object_component>
      <object_component id="oc-276">
         <name>.debug_info</name>
         <load_address>0x92ca</load_address>
         <run_address>0x92ca</run_address>
         <size>0x2c</size>
         <input_file_ref idref="fl-c9"/>
      </object_component>
      <object_component id="oc-275">
         <name>.debug_info</name>
         <load_address>0x92f6</load_address>
         <run_address>0x92f6</run_address>
         <size>0x340</size>
         <input_file_ref idref="fl-ca"/>
      </object_component>
      <object_component id="oc-18c">
         <name>.debug_info</name>
         <load_address>0x9636</load_address>
         <run_address>0x9636</run_address>
         <size>0x208</size>
         <input_file_ref idref="fl-ca"/>
      </object_component>
      <object_component id="oc-26b">
         <name>.debug_info</name>
         <load_address>0x983e</load_address>
         <run_address>0x983e</run_address>
         <size>0x1c6</size>
         <input_file_ref idref="fl-ca"/>
      </object_component>
      <object_component id="oc-271">
         <name>.debug_info</name>
         <load_address>0x9a04</load_address>
         <run_address>0x9a04</run_address>
         <size>0x179</size>
         <input_file_ref idref="fl-ca"/>
      </object_component>
      <object_component id="oc-27b">
         <name>.debug_info</name>
         <load_address>0x9b7d</load_address>
         <run_address>0x9b7d</run_address>
         <size>0x69</size>
         <input_file_ref idref="fl-ca"/>
      </object_component>
      <object_component id="oc-1b4">
         <name>.debug_info</name>
         <load_address>0x9be6</load_address>
         <run_address>0x9be6</run_address>
         <size>0x347</size>
         <input_file_ref idref="fl-cb"/>
      </object_component>
      <object_component id="oc-1a8">
         <name>.debug_info</name>
         <load_address>0x9f2d</load_address>
         <run_address>0x9f2d</run_address>
         <size>0x18a</size>
         <input_file_ref idref="fl-cb"/>
      </object_component>
      <object_component id="oc-e4">
         <name>.debug_info</name>
         <load_address>0xa0b7</load_address>
         <run_address>0xa0b7</run_address>
         <size>0x1c8</size>
         <input_file_ref idref="fl-cb"/>
      </object_component>
      <object_component id="oc-29b">
         <name>.debug_info</name>
         <load_address>0xa27f</load_address>
         <run_address>0xa27f</run_address>
         <size>0xb2</size>
         <input_file_ref idref="fl-cb"/>
      </object_component>
      <object_component id="oc-127">
         <name>.debug_info</name>
         <load_address>0xa331</load_address>
         <run_address>0xa331</run_address>
         <size>0x14c</size>
         <input_file_ref idref="fl-cc"/>
      </object_component>
      <object_component id="oc-115">
         <name>.debug_info</name>
         <load_address>0xa47d</load_address>
         <run_address>0xa47d</run_address>
         <size>0x128</size>
         <input_file_ref idref="fl-cd"/>
      </object_component>
      <object_component id="oc-12b">
         <name>.debug_info</name>
         <load_address>0xa5a5</load_address>
         <run_address>0xa5a5</run_address>
         <size>0x12a</size>
         <input_file_ref idref="fl-cd"/>
      </object_component>
      <object_component id="oc-205">
         <name>.debug_info</name>
         <load_address>0xa6cf</load_address>
         <run_address>0xa6cf</run_address>
         <size>0x13a</size>
         <input_file_ref idref="fl-ce"/>
      </object_component>
      <object_component id="oc-13a">
         <name>.debug_info</name>
         <load_address>0xa809</load_address>
         <run_address>0xa809</run_address>
         <size>0x13a</size>
         <input_file_ref idref="fl-cf"/>
      </object_component>
      <object_component id="oc-10d">
         <name>.debug_info</name>
         <load_address>0xa943</load_address>
         <run_address>0xa943</run_address>
         <size>0x12e</size>
         <input_file_ref idref="fl-d0"/>
      </object_component>
      <object_component id="oc-20b">
         <name>.debug_info</name>
         <load_address>0xaa71</load_address>
         <run_address>0xaa71</run_address>
         <size>0x13e</size>
         <input_file_ref idref="fl-d1"/>
      </object_component>
      <object_component id="oc-122">
         <name>.debug_info</name>
         <load_address>0xabaf</load_address>
         <run_address>0xabaf</run_address>
         <size>0x12c</size>
         <input_file_ref idref="fl-d2"/>
      </object_component>
      <object_component id="oc-111">
         <name>.debug_info</name>
         <load_address>0xacdb</load_address>
         <run_address>0xacdb</run_address>
         <size>0x12c</size>
         <input_file_ref idref="fl-d3"/>
      </object_component>
      <object_component id="oc-40">
         <name>.debug_info</name>
         <load_address>0xae07</load_address>
         <run_address>0xae07</run_address>
         <size>0x119</size>
         <input_file_ref idref="fl-d4"/>
      </object_component>
      <object_component id="oc-98">
         <name>.debug_info</name>
         <load_address>0xaf20</load_address>
         <run_address>0xaf20</run_address>
         <size>0x147</size>
         <input_file_ref idref="fl-d5"/>
      </object_component>
      <object_component id="oc-95">
         <name>.debug_info</name>
         <load_address>0xb067</load_address>
         <run_address>0xb067</run_address>
         <size>0x2d4</size>
         <input_file_ref idref="fl-d6"/>
      </object_component>
      <object_component id="oc-53">
         <name>.debug_info</name>
         <load_address>0xb33b</load_address>
         <run_address>0xb33b</run_address>
         <size>0x1b5</size>
         <input_file_ref idref="fl-d6"/>
      </object_component>
      <object_component id="oc-90">
         <name>.debug_info</name>
         <load_address>0xb4f0</load_address>
         <run_address>0xb4f0</run_address>
         <size>0x46</size>
         <input_file_ref idref="fl-d6"/>
      </object_component>
      <object_component id="oc-ce">
         <name>.debug_info</name>
         <load_address>0xb536</load_address>
         <run_address>0xb536</run_address>
         <size>0x2c</size>
         <input_file_ref idref="fl-d6"/>
      </object_component>
      <object_component id="oc-49">
         <name>.debug_info</name>
         <load_address>0xb562</load_address>
         <run_address>0xb562</run_address>
         <size>0x2a8</size>
         <input_file_ref idref="fl-d7"/>
      </object_component>
      <object_component id="oc-1e">
         <name>.debug_info</name>
         <load_address>0xb80a</load_address>
         <run_address>0xb80a</run_address>
         <size>0x1ea</size>
         <input_file_ref idref="fl-d7"/>
      </object_component>
      <object_component id="oc-44">
         <name>.debug_info</name>
         <load_address>0xb9f4</load_address>
         <run_address>0xb9f4</run_address>
         <size>0x46</size>
         <input_file_ref idref="fl-d7"/>
      </object_component>
      <object_component id="oc-88">
         <name>.debug_info</name>
         <load_address>0xba3a</load_address>
         <run_address>0xba3a</run_address>
         <size>0x2c</size>
         <input_file_ref idref="fl-d7"/>
      </object_component>
      <object_component id="oc-86">
         <name>.debug_info</name>
         <load_address>0xba66</load_address>
         <run_address>0xba66</run_address>
         <size>0x29e</size>
         <input_file_ref idref="fl-d8"/>
      </object_component>
      <object_component id="oc-16">
         <name>.debug_info</name>
         <load_address>0xbd04</load_address>
         <run_address>0xbd04</run_address>
         <size>0x250</size>
         <input_file_ref idref="fl-d8"/>
      </object_component>
      <object_component id="oc-34">
         <name>.debug_info</name>
         <load_address>0xbf54</load_address>
         <run_address>0xbf54</run_address>
         <size>0x60</size>
         <input_file_ref idref="fl-d8"/>
      </object_component>
      <object_component id="oc-c7">
         <name>.debug_info</name>
         <load_address>0xbfb4</load_address>
         <run_address>0xbfb4</run_address>
         <size>0x46</size>
         <input_file_ref idref="fl-d8"/>
      </object_component>
      <object_component id="oc-81">
         <name>.debug_info</name>
         <load_address>0xbffa</load_address>
         <run_address>0xbffa</run_address>
         <size>0x39</size>
         <input_file_ref idref="fl-d8"/>
      </object_component>
      <object_component id="oc-295">
         <name>.debug_info</name>
         <load_address>0xc033</load_address>
         <run_address>0xc033</run_address>
         <size>0x2c9</size>
         <input_file_ref idref="fl-d9"/>
      </object_component>
      <object_component id="oc-1ae">
         <name>.debug_info</name>
         <load_address>0xc2fc</load_address>
         <run_address>0xc2fc</run_address>
         <size>0x11e</size>
         <input_file_ref idref="fl-d9"/>
      </object_component>
      <object_component id="oc-291">
         <name>.debug_info</name>
         <load_address>0xc41a</load_address>
         <run_address>0xc41a</run_address>
         <size>0x12e</size>
         <input_file_ref idref="fl-d9"/>
      </object_component>
      <object_component id="oc-1c9">
         <name>.debug_info</name>
         <load_address>0xc548</load_address>
         <run_address>0xc548</run_address>
         <size>0x144</size>
         <input_file_ref idref="fl-da"/>
      </object_component>
      <object_component id="oc-f6">
         <name>.debug_info</name>
         <load_address>0xc68c</load_address>
         <run_address>0xc68c</run_address>
         <size>0x102</size>
         <input_file_ref idref="fl-da"/>
      </object_component>
      <object_component id="oc-1b1">
         <name>.debug_info</name>
         <load_address>0xc78e</load_address>
         <run_address>0xc78e</run_address>
         <size>0x18f</size>
         <input_file_ref idref="fl-da"/>
      </object_component>
      <object_component id="oc-70">
         <name>.debug_info</name>
         <load_address>0xc91d</load_address>
         <run_address>0xc91d</run_address>
         <size>0x3b2</size>
         <input_file_ref idref="fl-db"/>
      </object_component>
      <object_component id="oc-25">
         <name>.debug_info</name>
         <load_address>0xcccf</load_address>
         <run_address>0xcccf</run_address>
         <size>0x10c</size>
         <input_file_ref idref="fl-db"/>
      </object_component>
      <object_component id="oc-37b">
         <name>.debug_info</name>
         <load_address>0xcddb</load_address>
         <run_address>0xcddb</run_address>
         <size>0x13f</size>
         <input_file_ref idref="fl-db"/>
      </object_component>
      <object_component id="oc-2ce">
         <name>.debug_info</name>
         <load_address>0xcf1a</load_address>
         <run_address>0xcf1a</run_address>
         <size>0x168</size>
         <input_file_ref idref="fl-db"/>
      </object_component>
      <object_component id="oc-2d5">
         <name>.debug_info</name>
         <load_address>0xd082</load_address>
         <run_address>0xd082</run_address>
         <size>0x18e</size>
         <input_file_ref idref="fl-db"/>
      </object_component>
      <object_component id="oc-2da">
         <name>.debug_info</name>
         <load_address>0xd210</load_address>
         <run_address>0xd210</run_address>
         <size>0x19f</size>
         <input_file_ref idref="fl-db"/>
      </object_component>
      <object_component id="oc-1f0">
         <name>.debug_info</name>
         <load_address>0xd3af</load_address>
         <run_address>0xd3af</run_address>
         <size>0x203</size>
         <input_file_ref idref="fl-db"/>
      </object_component>
      <object_component id="oc-3fb">
         <name>.debug_info</name>
         <load_address>0xd5b2</load_address>
         <run_address>0xd5b2</run_address>
         <size>0x1db</size>
         <input_file_ref idref="fl-db"/>
      </object_component>
      <object_component id="oc-1e8">
         <name>.debug_info</name>
         <load_address>0xd78d</load_address>
         <run_address>0xd78d</run_address>
         <size>0x1a5</size>
         <input_file_ref idref="fl-db"/>
      </object_component>
      <object_component id="oc-375">
         <name>.debug_info</name>
         <load_address>0xd932</load_address>
         <run_address>0xd932</run_address>
         <size>0x299</size>
         <input_file_ref idref="fl-db"/>
      </object_component>
      <object_component id="oc-bb">
         <name>.debug_info</name>
         <load_address>0xdbcb</load_address>
         <run_address>0xdbcb</run_address>
         <size>0xb2</size>
         <input_file_ref idref="fl-db"/>
      </object_component>
      <object_component id="oc-b6">
         <name>.debug_info</name>
         <load_address>0xdc7d</load_address>
         <run_address>0xdc7d</run_address>
         <size>0x2c</size>
         <input_file_ref idref="fl-db"/>
      </object_component>
      <object_component id="oc-281">
         <name>.debug_info</name>
         <load_address>0xdca9</load_address>
         <run_address>0xdca9</run_address>
         <size>0x28a</size>
         <input_file_ref idref="fl-dc"/>
      </object_component>
      <object_component id="oc-193">
         <name>.debug_info</name>
         <load_address>0xdf33</load_address>
         <run_address>0xdf33</run_address>
         <size>0x273</size>
         <input_file_ref idref="fl-dc"/>
      </object_component>
      <object_component id="oc-283">
         <name>.debug_info</name>
         <load_address>0xe1a6</load_address>
         <run_address>0xe1a6</run_address>
         <size>0x2a4</size>
         <input_file_ref idref="fl-dd"/>
      </object_component>
      <object_component id="oc-198">
         <name>.debug_info</name>
         <load_address>0xe44a</load_address>
         <run_address>0xe44a</run_address>
         <size>0x24d</size>
         <input_file_ref idref="fl-dd"/>
      </object_component>
      <object_component id="oc-183">
         <name>.debug_info</name>
         <load_address>0xe697</load_address>
         <run_address>0xe697</run_address>
         <size>0x28f</size>
         <input_file_ref idref="fl-de"/>
      </object_component>
      <object_component id="oc-db">
         <name>.debug_info</name>
         <load_address>0xe926</load_address>
         <run_address>0xe926</run_address>
         <size>0x245</size>
         <input_file_ref idref="fl-de"/>
      </object_component>
      <object_component id="oc-28">
         <name>.debug_info</name>
         <load_address>0xeb6b</load_address>
         <run_address>0xeb6b</run_address>
         <size>0x10b</size>
         <input_file_ref idref="fl-df"/>
      </object_component>
      <object_component id="oc-5f">
         <name>.debug_info</name>
         <load_address>0xec76</load_address>
         <run_address>0xec76</run_address>
         <size>0x1a9</size>
         <input_file_ref idref="fl-df"/>
      </object_component>
      <object_component id="oc-358">
         <name>.debug_info</name>
         <load_address>0xee1f</load_address>
         <run_address>0xee1f</run_address>
         <size>0x397</size>
         <input_file_ref idref="fl-e0"/>
      </object_component>
      <object_component id="oc-287">
         <name>.debug_info</name>
         <load_address>0xf1b6</load_address>
         <run_address>0xf1b6</run_address>
         <size>0x18f</size>
         <input_file_ref idref="fl-e0"/>
      </object_component>
      <object_component id="oc-3ed">
         <name>.debug_info</name>
         <load_address>0xf345</load_address>
         <run_address>0xf345</run_address>
         <size>0x120</size>
         <input_file_ref idref="fl-e0"/>
      </object_component>
      <object_component id="oc-3f2">
         <name>.debug_info</name>
         <load_address>0xf465</load_address>
         <run_address>0xf465</run_address>
         <size>0x2c</size>
         <input_file_ref idref="fl-e0"/>
      </object_component>
      <object_component id="oc-3ea">
         <name>.debug_info</name>
         <load_address>0xf491</load_address>
         <run_address>0xf491</run_address>
         <size>0x337</size>
         <input_file_ref idref="fl-e1"/>
      </object_component>
      <object_component id="oc-3e6">
         <name>.debug_info</name>
         <load_address>0xf7c8</load_address>
         <run_address>0xf7c8</run_address>
         <size>0x109</size>
         <input_file_ref idref="fl-e1"/>
      </object_component>
      <object_component id="oc-355">
         <name>.debug_info</name>
         <load_address>0xf8d1</load_address>
         <run_address>0xf8d1</run_address>
         <size>0x109</size>
         <input_file_ref idref="fl-e1"/>
      </object_component>
      <object_component id="oc-324">
         <name>.debug_info</name>
         <load_address>0xf9da</load_address>
         <run_address>0xf9da</run_address>
         <size>0x590</size>
         <input_file_ref idref="fl-e2"/>
      </object_component>
      <object_component id="oc-2f4">
         <name>.debug_info</name>
         <load_address>0xff6a</load_address>
         <run_address>0xff6a</run_address>
         <size>0x21e</size>
         <input_file_ref idref="fl-e2"/>
      </object_component>
      <object_component id="oc-392">
         <name>.debug_info</name>
         <load_address>0x10188</load_address>
         <run_address>0x10188</run_address>
         <size>0x1b3</size>
         <input_file_ref idref="fl-e2"/>
      </object_component>
      <object_component id="oc-398">
         <name>.debug_info</name>
         <load_address>0x1033b</load_address>
         <run_address>0x1033b</run_address>
         <size>0x21b</size>
         <input_file_ref idref="fl-e2"/>
      </object_component>
      <object_component id="oc-2fa">
         <name>.debug_info</name>
         <load_address>0x10556</load_address>
         <run_address>0x10556</run_address>
         <size>0x3c0</size>
         <input_file_ref idref="fl-e2"/>
      </object_component>
      <object_component id="oc-39f">
         <name>.debug_info</name>
         <load_address>0x10916</load_address>
         <run_address>0x10916</run_address>
         <size>0x30a</size>
         <input_file_ref idref="fl-e2"/>
      </object_component>
      <object_component id="oc-3a5">
         <name>.debug_info</name>
         <load_address>0x10c20</load_address>
         <run_address>0x10c20</run_address>
         <size>0x215</size>
         <input_file_ref idref="fl-e2"/>
[...]
      </symbol>
      <symbol id="sm-29c">
         <name>cyBOT_SERVO_cal</name>
         <value>0x26c5</value>
         <object_component_ref idref="oc-f8"/>
      </symbol>
      <symbol id="sm-29d">
         <name>cyBOT_Scan</name>
         <value>0x2653</value>
         <object_component_ref idref="oc-f8"/>
      </symbol>
      <symbol id="sm-29e">
         <name>cyBOT_scan_features</name>
         <value>0x20002468</value>
         <object_component_ref idref="oc-1dd"/>
      </symbol>
      <symbol id="sm-29f">
         <name>cyBOT_scan_version</name>
         <value>0x25ed</value>
         <object_component_ref idref="oc-f8"/>
      </symbol>
      <symbol id="sm-2a0">
         <name>cyBOT_init_Scan</name>
         <value>0x25fb</value>
         <object_component_ref idref="oc-f8"/>
      </symbol>
      <symbol id="sm-2c7">
         <name>isr_int_value</name>
         <value>0x20002648</value>
      </symbol>
      <symbol id="sm-2c8">
         <name>ir_enableInterrupt</name>
         <value>0x38db</value>
         <object_component_ref idref="oc-1d7"/>
      </symbol>
      <symbol id="sm-2c9">
         <name>ir_getDistance</name>
         <value>0x38bd</value>
         <object_component_ref idref="oc-1d7"/>
      </symbol>
      <symbol id="sm-2ca">
         <name>ir_init</name>
         <value>0x382d</value>
         <object_component_ref idref="oc-1d7"/>
      </symbol>
      <symbol id="sm-2cb">
         <name>ADC0SS0_Handler</name>
         <value>0x38c5</value>
         <object_component_ref idref="oc-1d7"/>
      </symbol>
      <symbol id="sm-2cc">
         <name>ir_getValue</name>
         <value>0x3895</value>
         <object_component_ref idref="oc-1d7"/>
      </symbol>
      <symbol id="sm-2fb">
         <name>risingEdge</name>
         <value>0x20002658</value>
      </symbol>
      <symbol id="sm-2fc">
         <name>fallingEdge</name>
         <value>0x20002644</value>
      </symbol>
      <symbol id="sm-2fd">
         <name>pulseLength</name>
         <value>0x20002650</value>
      </symbol>
      <symbol id="sm-2fe">
         <name>isRisingEdge</name>
         <value>0x2000265c</value>
      </symbol>
      <symbol id="sm-2ff">
         <name>TIMER3B_Handler</name>
         <value>0x2b85</value>
         <object_component_ref idref="oc-1d1"/>
      </symbol>
      <symbol id="sm-300">
         <name>ping_init</name>
         <value>0x2a95</value>
         <object_component_ref idref="oc-1d1"/>
      </symbol>
      <symbol id="sm-301">
         <name>ping_getDistance</name>
         <value>0x2bd7</value>
         <object_component_ref idref="oc-1d1"/>
      </symbol>
      <symbol id="sm-302">
         <name>ping_trigger</name>
         <value>0x2b1b</value>
         <object_component_ref idref="oc-1d1"/>
      </symbol>
      <symbol id="sm-324">
         <name>servo_move</name>
         <value>0x33cd</value>
         <object_component_ref idref="oc-1cb"/>
      </symbol>
      <symbol id="sm-325">
         <name>servo_init</name>
         <value>0x333d</value>
         <object_component_ref idref="oc-1cb"/>
      </symbol>
      <symbol id="sm-326">
         <name>servo_stop</name>
         <value>0x33c1</value>
         <object_component_ref idref="oc-1cb"/>
      </symbol>
      <symbol id="sm-327">
         <name>servo_setPWM</name>
         <value>0x342d</value>
         <object_component_ref idref="oc-1cb"/>
      </symbol>
      <symbol id="sm-363">
         <name>isr_char_buffer</name>
         <value>0x200025ec</value>
      </symbol>
      <symbol id="sm-364">
         <name>cyBot_getByte</name>
         <value>0x32cf</value>
         <object_component_ref idref="oc-ef"/>
      </symbol>
      <symbol id="sm-365">
         <name>cyBot_sendByte</name>
         <value>0x31e1</value>
         <object_component_ref idref="oc-ef"/>
      </symbol>
      <symbol id="sm-366">
         <name>cyBot_uart_sendStr</name>
         <value>0x31ed</value>
         <object_component_ref idref="oc-ef"/>
      </symbol>
      <symbol id="sm-367">
         <name>isr_counter</name>
         <value>0x2000246c</value>
         <object_component_ref idref="oc-1c3"/>
      </symbol>
      <symbol id="sm-368">
         <name>cyBot_uart_sendBuffer</name>
         <value>0x3207</value>
         <object_component_ref idref="oc-ef"/>
      </symbol>
      <symbol id="sm-369">
         <name>cyBot_uart_flush</name>
         <value>0x32b1</value>
         <object_component_ref idref="oc-ef"/>
      </symbol>
      <symbol id="sm-36a">
         <name>cyBot_UART1_Handler</name>
         <value>0x32e9</value>
         <object_component_ref idref="oc-ef"/>
      </symbol>
      <symbol id="sm-36b">
         <name>cyBot_uart_init</name>
         <value>0x321f</value>
         <object_component_ref idref="oc-ef"/>
      </symbol>
      <symbol id="sm-392">
         <name>sprintf</name>
         <value>0x47c1</value>
         <object_component_ref idref="oc-119"/>
      </symbol>
      <symbol id="sm-3bc">
         <name>vsnprintf</name>
         <value>0x4801</value>
         <object_component_ref idref="oc-18b"/>
      </symbol>
      <symbol id="sm-3e2">
         <name>__TI_doflush</name>
         <value>0x4615</value>
         <object_component_ref idref="oc-1a7"/>
      </symbol>
      <symbol id="sm-3e3">
         <name>fflush</name>
         <value>0x4025</value>
         <object_component_ref idref="oc-e3"/>
      </symbol>
      <symbol id="sm-3fa">
         <name>__aeabi_dsub</name>
         <value>0x3029</value>
         <object_component_ref idref="oc-124"/>
      </symbol>
      <symbol id="sm-3fb">
         <name>__aeabi_dadd</name>
         <value>0x3033</value>
         <object_component_ref idref="oc-124"/>
      </symbol>
      <symbol id="sm-41d">
         <name>__aeabi_cdcmpeq</name>
         <value>0x3f19</value>
         <object_component_ref idref="oc-114"/>
      </symbol>
      <symbol id="sm-41e">
         <name>__aeabi_cdcmple</name>
         <value>0x3f19</value>
         <object_component_ref idref="oc-114"/>
      </symbol>
      <symbol id="sm-41f">
         <name>__aeabi_cdrcmple</name>
         <value>0x3f9f</value>
         <object_component_ref idref="oc-129"/>
      </symbol>
      <symbol id="sm-433">
         <name>__aeabi_ddiv</name>
         <value>0x35d1</value>
         <object_component_ref idref="oc-202"/>
      </symbol>
      <symbol id="sm-43e">
         <name>__aeabi_dmul</name>
         <value>0x3b55</value>
         <object_component_ref idref="oc-137"/>
      </symbol>
      <symbol id="sm-448">
         <name>__aeabi_d2iz</name>
         <value>0x46ad</value>
         <object_component_ref idref="oc-10a"/>
      </symbol>
      <symbol id="sm-454">
         <name>__aeabi_d2f</name>
         <value>0x41fb</value>
         <object_component_ref idref="oc-20a"/>
      </symbol>
      <symbol id="sm-45f">
         <name>__aeabi_f2d</name>
         <value>0x48f1</value>
         <object_component_ref idref="oc-11f"/>
      </symbol>
      <symbol id="sm-469">
         <name>__aeabi_i2d</name>
         <value>0x49f5</value>
         <object_component_ref idref="oc-10f"/>
      </symbol>
      <symbol id="sm-484">
         <name>memcpy</name>
         <value>0x3de7</value>
         <object_component_ref idref="oc-3e"/>
      </symbol>
      <symbol id="sm-485">
         <name>__aeabi_memcpy</name>
         <value>0x3de7</value>
         <object_component_ref idref="oc-3e"/>
      </symbol>
      <symbol id="sm-486">
         <name>__aeabi_memcpy8</name>
         <value>0x3de7</value>
         <object_component_ref idref="oc-3e"/>
      </symbol>
      <symbol id="sm-487">
         <name>__aeabi_memcpy4</name>
         <value>0x3de7</value>
         <object_component_ref idref="oc-3e"/>
      </symbol>
      <symbol id="sm-496">
         <name>__aeabi_memset</name>
         <value>0x40a3</value>
         <object_component_ref idref="oc-96"/>
      </symbol>
      <symbol id="sm-497">
         <name>memset</name>
         <value>0x40a9</value>
         <object_component_ref idref="oc-96"/>
      </symbol>
      <symbol id="sm-498">
         <name>__aeabi_memset8</name>
         <value>0x40a3</value>
         <object_component_ref idref="oc-96"/>
      </symbol>
      <symbol id="sm-499">
         <name>__aeabi_memset4</name>
         <value>0x40a3</value>
         <object_component_ref idref="oc-96"/>
      </symbol>
      <symbol id="sm-49a">
         <name>__aeabi_memclr8</name>
         <value>0x40a1</value>
         <object_component_ref idref="oc-96"/>
      </symbol>
      <symbol id="sm-49b">
         <name>__aeabi_memclr4</name>
         <value>0x40a1</value>
         <object_component_ref idref="oc-96"/>
      </symbol>
      <symbol id="sm-49c">
         <name>__aeabi_memclr</name>
         <value>0x40a1</value>
         <object_component_ref idref="oc-96"/>
      </symbol>
      <symbol id="sm-4b3">
         <name>__TI_zero_init</name>
         <value>0x4bb1</value>
         <object_component_ref idref="oc-50"/>
      </symbol>
      <symbol id="sm-4ca">
         <name>__TI_decompress_none</name>
         <value>0x4b97</value>
         <object_component_ref idref="oc-1b"/>
      </symbol>
      <symbol id="sm-4ed">
         <name>__TI_decompress_lzss</name>
         <value>0x433d</value>
         <object_component_ref idref="oc-15"/>
      </symbol>
      <symbol id="sm-502">
         <name>_nop</name>
         <value>0x18db</value>
         <object_component_ref idref="oc-28d"/>
      </symbol>
      <symbol id="sm-503">
         <name>_lock</name>
         <value>0x20002458</value>
         <object_component_ref idref="oc-1ad"/>
      </symbol>
      <symbol id="sm-504">
         <name>_unlock</name>
         <value>0x2000245c</value>
         <object_component_ref idref="oc-1ad"/>
      </symbol>
      <symbol id="sm-519">
         <name>__aeabi_stdout</name>
         <value>0x20002450</value>
         <object_component_ref idref="oc-1b0"/>
      </symbol>
      <symbol id="sm-51a">
         <name>__aeabi_stderr</name>
         <value>0x20002454</value>
         <object_component_ref idref="oc-1b0"/>
      </symbol>
      <symbol id="sm-51b">
         <name>__aeabi_stdin</name>
         <value>0x2000244c</value>
         <object_component_ref idref="oc-1b0"/>
      </symbol>
      <symbol id="sm-51c">
         <name>_ftable</name>
         <value>0x20002270</value>
         <object_component_ref idref="oc-f5"/>
      </symbol>
      <symbol id="sm-51d">
         <name>__TI_ft_end</name>
         <value>0x20002448</value>
         <object_component_ref idref="oc-1b0"/>
      </symbol>
      <symbol id="sm-5b2">
         <name>_sys_memory</name>
         <value>0x20001270</value>
         <object_component_ref idref="oc-24"/>
      </symbol>
      <symbol id="sm-5b3">
         <name>free</name>
         <value>0x3c51</value>
         <object_component_ref idref="oc-1ec"/>
      </symbol>
      <symbol id="sm-5b4">
         <name>memalign</name>
         <value>0x3a55</value>
         <object_component_ref idref="oc-373"/>
      </symbol>
      <symbol id="sm-5b5">
         <name>calloc</name>
         <value>0x48b9</value>
         <object_component_ref idref="oc-1e6"/>
      </symbol>
      <symbol id="sm-5b6">
         <name>malloc</name>
         <value>0x4bdd</value>
         <object_component_ref idref="oc-2ca"/>
      </symbol>
      <symbol id="sm-5b7">
         <name>aligned_alloc</name>
         <value>0x3a55</value>
         <object_component_ref idref="oc-373"/>
      </symbol>
      <symbol id="sm-5c6">
         <name>strcmp</name>
         <value>0x4b0f</value>
         <object_component_ref idref="oc-191"/>
      </symbol>
      <symbol id="sm-5d4">
         <name>strcpy</name>
         <value>0x4b3d</value>
         <object_component_ref idref="oc-197"/>
      </symbol>
      <symbol id="sm-5e2">
         <name>strlen</name>
         <value>0x4b51</value>
         <object_component_ref idref="oc-d7"/>
      </symbol>
      <symbol id="sm-5f5">
         <name>__stack</name>
         <value>0x20000270</value>
         <object_component_ref idref="oc-27"/>
      </symbol>
      <symbol id="sm-5f6">
         <name>_c_int00_noargs</name>
         <value>0x4991</value>
         <object_component_ref idref="oc-5c"/>
      </symbol>
      <symbol id="sm-610">
         <name>write</name>
         <value>0x4a4d</value>
         <object_component_ref idref="oc-286"/>
      </symbol>
      <symbol id="sm-621">
         <name>_stream</name>
         <value>0x200023d8</value>
         <object_component_ref idref="oc-354"/>
      </symbol>
      <symbol id="sm-622">
         <name>_device</name>
         <value>0x20002360</value>
         <object_component_ref idref="oc-3e5"/>
      </symbol>
      <symbol id="sm-787">
         <name>__TI_printfi</name>
         <value>0xe8d</value>
         <object_component_ref idref="oc-22d"/>
      </symbol>
      <symbol id="sm-794">
         <name>__aeabi_uldivmod</name>
         <value>0x3e83</value>
         <object_component_ref idref="oc-385"/>
      </symbol>
      <symbol id="sm-7bc">
         <name>__TI_auto_init_nobinit_nopinit</name>
         <value>0x477d</value>
         <object_component_ref idref="oc-14e"/>
      </symbol>
      <symbol id="sm-7c6">
         <name>_system_pre_init</name>
         <value>0x4be5</value>
         <object_component_ref idref="oc-9c"/>
      </symbol>
      <symbol id="sm-7d2">
         <name>C$$EXIT</name>
         <value>0x4be9</value>
         <object_component_ref idref="oc-142"/>
      </symbol>
      <symbol id="sm-7d3">
         <name>abort</name>
         <value>0x4be9</value>
         <object_component_ref idref="oc-142"/>
      </symbol>
      <symbol id="sm-7e2">
         <name>__TI_ltoa</name>
         <value>0x456f</value>
         <object_component_ref idref="oc-38b"/>
      </symbol>
      <symbol id="sm-7f9">
         <name>atoi</name>
         <value>0x4661</value>
         <object_component_ref idref="oc-2ed"/>
      </symbol>
      <symbol id="sm-804">
         <name>_ctypes_</name>
         <value>0x4bf0</value>
         <object_component_ref idref="oc-380"/>
      </symbol>
      <symbol id="sm-814">
         <name>memccpy</name>
         <value>0x4a91</value>
         <object_component_ref idref="oc-311"/>
      </symbol>
      <symbol id="sm-824">
         <name>strchr</name>
         <value>0x4b27</value>
         <object_component_ref idref="oc-3b8"/>
      </symbol>
      <symbol id="sm-835">
         <name>HOSTclose</name>
         <value>0x46f5</value>
         <object_component_ref idref="oc-43a"/>
      </symbol>
      <symbol id="sm-846">
         <name>HOSTlseek</name>
         <value>0x42d5</value>
         <object_component_ref idref="oc-44c"/>
      </symbol>
      <symbol id="sm-858">
         <name>parmbuf</name>
         <value>0x20002638</value>
      </symbol>
      <symbol id="sm-859">
         <name>HOSTopen</name>
         <value>0x4409</value>
         <object_component_ref idref="oc-434"/>
      </symbol>
      <symbol id="sm-86a">
         <name>HOSTread</name>
         <value>0x4469</value>
         <object_component_ref idref="oc-440"/>
      </symbol>
      <symbol id="sm-87b">
         <name>HOSTrename</name>
         <value>0x4269</value>
         <object_component_ref idref="oc-458"/>
      </symbol>
      <symbol id="sm-88c">
         <name>HOSTunlink</name>
         <value>0x4739</value>
         <object_component_ref idref="oc-452"/>
      </symbol>
      <symbol id="sm-89d">
         <name>HOSTwrite</name>
         <value>0x44c1</value>
         <object_component_ref idref="oc-446"/>
      </symbol>
      <symbol id="sm-8c1">
         <name>__TI_readmsg</name>
         <value>0x495d</value>
         <object_component_ref idref="oc-47a"/>
      </symbol>
      <symbol id="sm-8c2">
         <name>C$$IO$$</name>
         <value>0x48af</value>
         <object_component_ref idref="oc-474"/>
      </symbol>
      <symbol id="sm-8c3">
         <name>__CIOBUF_</name>
         <value>0x20002478</value>
         <object_component_ref idref="oc-490"/>
      </symbol>
      <symbol id="sm-8c4">
         <name>__TI_writemsg</name>
         <value>0x4881</value>
         <object_component_ref idref="oc-474"/>
      </symbol>
      <symbol id="sm-8da">
         <name>__aeabi_errno_addr</name>
         <value>0x4bd5</value>
         <object_component_ref idref="oc-31d"/>
      </symbol>
      <symbol id="sm-8db">
         <name>errno</name>
         <value>0x20002470</value>
         <object_component_ref idref="oc-3c8"/>
      </symbol>
      <symbol id="sm-8f4">
         <name>wcslen</name>
         <value>0x4b65</value>
         <object_component_ref idref="oc-317"/>
      </symbol>
      <symbol id="sm-914">
         <name>frexpl</name>
         <value>0x43a5</value>
         <object_component_ref idref="oc-3ac"/>
      </symbol>
      <symbol id="sm-915">
         <name>frexp</name>
         <value>0x43a5</value>
         <object_component_ref idref="oc-3ac"/>
      </symbol>
      <symbol id="sm-932">
         <name>scalbn</name>
         <value>0x3945</value>
         <object_component_ref idref="oc-3b2"/>
      </symbol>
      <symbol id="sm-933">
         <name>scalbnl</name>
         <value>0x3945</value>
         <object_component_ref idref="oc-3b2"/>
      </symbol>
      <symbol id="sm-934">
         <name>ldexpl</name>
         <value>0x3945</value>
         <object_component_ref idref="oc-3b2"/>
      </symbol>
      <symbol id="sm-935">
         <name>ldexp</name>
         <value>0x3945</value>
         <object_component_ref idref="oc-3b2"/>
      </symbol>
      <symbol id="sm-93f">
         <name>__aeabi_idiv0</name>
         <value>0x31df</value>
         <object_component_ref idref="oc-405"/>
      </symbol>
      <symbol id="sm-940">
         <name>__aeabi_ldiv0</name>
         <value>0x31df</value>
         <object_component_ref idref="oc-405"/>
      </symbol>
      <symbol id="sm-94a">
         <name>copysign</name>
         <value>0x4aad</value>
         <object_component_ref idref="oc-418"/>
      </symbol>
      <symbol id="sm-94b">
         <name>copysignl</name>
         <value>0x4aad</value>
         <object_component_ref idref="oc-418"/>
      </symbol>
      <symbol id="sm-97a">
         <name>IntRegister</name>
         <value>0x4929</value>
         <object_component_ref idref="oc-1b5"/>
      </symbol>
      <symbol id="sm-97b">
         <name>g_pfnRAMVectors</name>
         <value>0x20000000</value>
         <object_component_ref idref="oc-2a0"/>
      </symbol>
      <symbol id="sm-97c">
         <name>IntMasterEnable</name>
         <value>0x4b77</value>
         <object_component_ref idref="oc-1f9"/>
      </symbol>
      <symbol id="sm-986">
         <name>CPUcpsie</name>
         <value>0x4ba5</value>
         <object_component_ref idref="oc-2de"/>
      </symbol>
      <symbol id="sm-987">
         <name>__TI_static_base__</name>
         <value>0x0</value>
      </symbol>
      <symbol id="sm-98a">
         <name>__mpu_init</name>
         <value>0x0</value>
      </symbol>
      <symbol id="sm-98b">
         <name>_system_post_cinit</name>
         <value>0x0</value>
      </symbol>
   </symbol_table>
   <title>Link successful</title>
</link_info>
