******************************************************************************
                  TI ARM Linker PC v20.2.7                     
******************************************************************************
>> Linked Wed Feb 19 14:13:45 2025

OUTPUT FILE NAME:   <Lab3.out>
ENTRY POINT SYMBOL: "_c_int00_noargs"  address: 00004991


MEMORY CONFIGURATION

         name            origin    length      used     unused   attr    fill
----------------------  --------  ---------  --------  --------  ----  --------
  FLASH                 00000000   00040000  00004dff  0003b201  R  X
  SRAM                  20000000   00008000  00002656  000059aa  RW X


SEGMENT ALLOCATION MAP

run origin  load origin   length   init length attrs members
----------  ----------- ---------- ----------- ----- -------
00000000    00000000    00004e08   00004e08    r-x
  00000000    00000000    0000026c   0000026c    r-- .intvecs
  0000026c    0000026c    00004980   00004980    r-x .text
  00004bf0    00004bf0    0000016b   0000016b    r-- .const
  00004d60    00004d60    000000a8   000000a8    r-- .cinit
20000000    20000000    0000265d   00000000    rw-
  20000000    20000000    0000026c   00000000    rw- .vtable
  20000270    20000270    00001000   00000000    rw- .stack
  20001270    20001270    00001000   00000000    rw- .sysmem
  20002270    20002270    00000205   00000000    rw- .data
  20002478    20002478    000001e5   00000000    rw- .bss


SECTION ALLOCATION MAP

 output                                  attributes/
section   page    origin      length       input sections
--------  ----  ----------  ----------   ----------------
.intvecs   0    00000000    0000026c     
                  00000000    0000026c     tm4c123gh6pm_startup_ccs.obj (.intvecs)

.text      0    0000026c    00004980     
                  0000026c    00000c20     open_interface.obj (.text)
                  00000e8c    00000a4e     rtsv7M4_T_le_v4SPD16_eabi.lib : _printfi.c.obj (.text:__TI_printfi)
                  000018da    00000002                                   : _lock.c.obj (.text:_nop)
                  000018dc    00000778     helloworld.obj (.text)
                  00002054    00000328     lcd.obj (.text)
                  0000237c    00000270     rtsv7M4_T_le_v4SPD16_eabi.lib : _printfi.c.obj (.text:_pconv_a)
                  000025ec    00000260     libcybotScan.lib : cyBot_Scan.obj (.text)
                  0000284c    00000248     Timer.obj (.text)
                  00002a94    000001ec     libcybotScan.lib : ping.obj (.text)
                  00002c80    000001d8     movement.obj (.text)
                  00002e58    000001d0     rtsv7M4_T_le_v4SPD16_eabi.lib : _printfi.c.obj (.text:_pconv_g)
                  00003028    000001b6                                   : fd_add_t2.asm.obj (.text)
                  000031de    00000002                                   : div0.asm.obj (.text)
                  000031e0    0000015c     libcybotUART.lib : uart.obj (.text)
                  0000333c    00000158     libcybotScan.lib : servo.obj (.text)
                  00003494    0000013c     rtsv7M4_T_le_v4SPD16_eabi.lib : _printfi.c.obj (.text:_pconv_e)
                  000035d0    00000136                                   : fd_div_t2.asm.obj (.text)
                  00003706    00000002     --HOLE-- [fill = 0]
                  00003708    00000124                                   : _printfi.c.obj (.text:fcvt)
                  0000382c    00000118     libcybotScan.lib : ir.obj (.text)
                  00003944    00000110     rtsv7M4_T_le_v4SPD16_eabi.lib : s_scalbn.c.obj (.text:scalbn)
                  00003a54    00000100                                   : memory.c.obj (.text:aligned_alloc)
                  00003b54    000000fc                                   : fd_mul_t2.asm.obj (.text)
                  00003c50    000000e4                                   : memory.c.obj (.text:free)
                  00003d34    000000b1                                   : _printfi.c.obj (.text:_ltostr)
                  00003de5    00000001     --HOLE-- [fill = 0]
                  00003de6    0000009c                                   : memcpy_t2.asm.obj (.text)
                  00003e82    00000096                                   : ull_div_t2.asm.obj (.text)
                  00003f18    00000086                                   : fd_cmp_t2.asm.obj (.text:__aeabi_cdcmple)
                  00003f9e    00000086                                   : fd_cmp_t2.asm.obj (.text:__aeabi_cdrcmple)
                  00004024    0000007c                                   : fflush.c.obj (.text:fflush)
                  000040a0    0000007a                                   : memset_t2.asm.obj (.text)
                  0000411a    00000002     --HOLE-- [fill = 0]
                  0000411c    00000070                                   : memory.c.obj (.text:split)
                  0000418c    0000006e                                   : _printfi.c.obj (.text:_mcpy)
                  000041fa    0000006e                                   : fd_tos_t2.asm.obj (.text)
                  00004268    0000006c                                   : hostrename.c.obj (.text:HOSTrename)
                  000042d4    00000068                                   : hostlseek.c.obj (.text:HOSTlseek)
                  0000433c    00000068                                   : copy_decompress_lzss.c.obj (.text:decompress:lzss:__TI_decompress_lzss)
                  000043a4    00000064                                   : s_frexp.c.obj (.text:frexp)
                  00004408    00000060                                   : hostopen.c.obj (.text:HOSTopen)
                  00004468    00000058                                   : hostread.c.obj (.text:HOSTread)
                  000044c0    00000058                                   : hostwrite.c.obj (.text:HOSTwrite)
                  00004518    00000056                                   : _printfi.c.obj (.text:_pconv_f)
                  0000456e    00000054                                   : _ltoa.c.obj (.text:__TI_ltoa)
                  000045c2    00000052                                   : _printfi.c.obj (.text:_ecpy)
                  00004614    0000004c                                   : fflush.c.obj (.text:__TI_doflush)
                  00004660    0000004c                                   : atoi.c.obj (.text:atoi)
                  000046ac    00000048                                   : fd_toi_t2.asm.obj (.text)
                  000046f4    00000044                                   : hostclose.c.obj (.text:HOSTclose)
                  00004738    00000044                                   : hostunlink.c.obj (.text:HOSTunlink)
                  0000477c    00000044                                   : autoinit.c.obj (.text:__TI_auto_init_nobinit_nopinit:__TI_auto_init_nobinit_nopinit)
                  000047c0    00000040                                   : sprintf.c.obj (.text:sprintf)
                  00004800    00000040                                   : vsnprintf.c.obj (.text:vsnprintf)
                  00004840    0000003e                                   : _printfi.c.obj (.text:_fcpy)
                  0000487e    00000002     --HOLE-- [fill = 0]
                  00004880    00000038                                   : trgmsg.c.obj (.text:__TI_writemsg)
                  000048b8    00000038                                   : memory.c.obj (.text:calloc)
                  000048f0    00000038                                   : fs_tod_t2.asm.obj (.text)
                  00004928    00000034     driverlib.lib : interrupt.obj (.text:IntRegister)
                  0000495c    00000034     rtsv7M4_T_le_v4SPD16_eabi.lib : trgmsg.c.obj (.text:__TI_readmsg)
                  00004990    00000034                                   : boot_cortex_m.c.obj (.text:_c_int00_noargs:_c_int00_noargs)
                  000049c4    00000030                                   : vsnprintf.c.obj (.text:_outs)
                  000049f4    0000002e                                   : i_tofd_t2.asm.obj (.text)
                  00004a22    00000002     --HOLE-- [fill = 0]
                  00004a24    00000028                                   : memory.c.obj (.text:free_list_insert)
                  00004a4c    00000028                                   : write.c.obj (.text:write)
                  00004a74    0000001c                                   : memory.c.obj (.text:free_list_remove)
                  00004a90    0000001c                                   : memccpy.c.obj (.text:memccpy)
                  00004aac    0000001a                                   : s_copysign.c.obj (.text:copysign)
                  00004ac6    00000018                                   : vsnprintf.c.obj (.text:_outc)
                  00004ade    00000018                                   : sprintf.c.obj (.text:_outs)
                  00004af6    00000018     open_interface.obj (.text:oi_parseInt)
                  00004b0e    00000018     rtsv7M4_T_le_v4SPD16_eabi.lib : strcmp.c.obj (.text:strcmp)
                  00004b26    00000016                                   : strchr.c.obj (.text:strchr)
                  00004b3c    00000014                                   : strcpy.c.obj (.text:strcpy)
                  00004b50    00000014                                   : strlen.c.obj (.text:strlen)
                  00004b64    00000012                                   : wcslen.c.obj (.text:wcslen)
                  00004b76    00000010     driverlib.lib : interrupt.obj (.text:IntMasterEnable)
                  00004b86    00000010     lcd.obj (.text:lcd_clear)
                  00004b96    0000000e     rtsv7M4_T_le_v4SPD16_eabi.lib : copy_decompress_none.c.obj (.text:decompress:none:__TI_decompress_none)
                  00004ba4    0000000c     driverlib.lib : cpu.obj (.text:CPUcpsie)
                  00004bb0    0000000c     rtsv7M4_T_le_v4SPD16_eabi.lib : copy_zero_init.c.obj (.text:decompress:ZI:__TI_zero_init)
                  00004bbc    0000000c     tm4c123gh6pm_startup_ccs.obj (.text)
                  00004bc8    0000000a     rtsv7M4_T_le_v4SPD16_eabi.lib : sprintf.c.obj (.text:_outc)
                  00004bd2    00000002     --HOLE-- [fill = 0]
                  00004bd4    00000008                                   : errno.c.obj (.text:__aeabi_errno_addr)
                  00004bdc    00000008                                   : memory.c.obj (.text:malloc)
                  00004be4    00000004                                   : pre_init.c.obj (.text:_system_pre_init)
                  00004be8    00000004                                   : exit.c.obj (.text:abort:abort)

.const     0    00004bf0    0000016b     
                  00004bf0    00000101     rtsv7M4_T_le_v4SPD16_eabi.lib : ctype.c.obj (.const:.string:_ctypes_)
                  00004cf1    00000004     lcd.obj (.const:.string:lineAddress$1)
                  00004cf5    00000003     --HOLE-- [fill = 0]
                  00004cf8    00000050     helloworld.obj (.const:$P$T0$1)
                  00004d48    0000000f     open_interface.obj (.const:.string:$P$T0$3)
                  00004d57    00000004     lcd.obj (.const:.string:lineAddresses$2)

.cinit     0    00004d60    000000a8     
                  00004d60    00000070     (.cinit..data.load) [load image, compression = lzss]
                  00004dd0    0000000c     (__TI_handler_table)
                  00004ddc    00000004     --HOLE-- [fill = 0]
                  00004de0    00000008     (.cinit..bss.load) [load image, compression = zero_init]
                  00004de8    00000008     (.cinit..vtable.load) [load image, compression = zero_init]
                  00004df0    00000018     (__TI_cinit_table)

.init_array 
*          0    00000000    00000000     UNINITIALIZED

.vtable    0    20000000    0000026c     UNINITIALIZED
                  20000000    0000026c     driverlib.lib : interrupt.obj (.vtable)

.stack     0    20000270    00001000     UNINITIALIZED
                  20000270    00000004     rtsv7M4_T_le_v4SPD16_eabi.lib : boot_cortex_m.c.obj (.stack)
                  20000274    00000ffc     --HOLE--

.sysmem    0    20001270    00001000     UNINITIALIZED
                  20001270    00000010     rtsv7M4_T_le_v4SPD16_eabi.lib : memory.c.obj (.sysmem)
                  20001280    00000ff0     --HOLE--

.data      0    20002270    00000205     UNINITIALIZED
                  20002270    000000f0     rtsv7M4_T_le_v4SPD16_eabi.lib : defs.c.obj (.data:_ftable)
                  20002360    00000078                                   : host_device.c.obj (.data:_device)
                  200023d8    00000050                                   : host_device.c.obj (.data:_stream)
                  20002428    00000020     open_interface.obj (.data)
                  20002448    00000010     rtsv7M4_T_le_v4SPD16_eabi.lib : defs.c.obj (.data)
                  20002458    00000008                                   : _lock.c.obj (.data:$O1$$)
                  20002460    00000008                                   : memory.c.obj (.data:$O1$$)
                  20002468    00000004     libcybotScan.lib : cyBot_Scan.obj (.data)
                  2000246c    00000004     libcybotUART.lib : uart.obj (.data)
                  20002470    00000004     rtsv7M4_T_le_v4SPD16_eabi.lib : errno.c.obj (.data)
                  20002474    00000001     Timer.obj (.data)

.bss       0    20002478    000001e5     UNINITIALIZED
                  20002478    00000120     rtsv7M4_T_le_v4SPD16_eabi.lib : trgmsg.c.obj (.bss:_CIOBUF_)
                  20002598    00000054     lcd.obj (.bss:lastbuffer$3)
                  200025ec    00000034     (.common:isr_char_buffer)
                  20002620    00000018     open_interface.obj (.bss:firmware$2)
                  20002638    00000008     (.common:parmbuf)
                  20002640    00000004     (.common:_timeout_ticks)
                  20002644    00000004     (.common:fallingEdge)
                  20002648    00000004     (.common:isr_int_value)
                  2000264c    00000004     (.common:left_calibration_value)
                  20002650    00000004     (.common:pulseLength)
                  20002654    00000004     (.common:right_calibration_value)
                  20002658    00000004     (.common:risingEdge)
                  2000265c    00000001     (.common:isRisingEdge)

__llvm_prf_cnts 
*          0    20000000    00000000     UNINITIALIZED

MODULE SUMMARY

       Module                         code    ro data   rw data
       ------                         ----    -------   -------
    .\
       open_interface.obj             3128    15        56     
       helloworld.obj                 1912    80        8      
       lcd.obj                        824     8         84     
       tm4c123gh6pm_startup_ccs.obj   12      620       0      
       Timer.obj                      584     0         5      
       movement.obj                   472     0         0      
    +--+------------------------------+-------+---------+---------+
       Total:                         6932    723       153    
                                                               
    ../libcybotScan.lib
       cyBot_Scan.obj                 608     0         4      
       ping.obj                       492     0         13     
       servo.obj                      344     0         0      
       ir.obj                         280     0         4      
    +--+------------------------------+-------+---------+---------+
       Total:                         1724    0         21     
                                                               
    ../libcybotUART.lib
       uart.obj                       348     0         56     
    +--+------------------------------+-------+---------+---------+
       Total:                         348     0         56     
                                                               
    C:/ti/TivaWare_C_Series-2.2.0.295/driverlib/ccs/Debug/driverlib.lib
       interrupt.obj                  68      0         620    
       cpu.obj                        12      0         0      
    +--+------------------------------+-------+---------+---------+
       Total:                         80      0         620    
                                                               
    C:\ti\ccs1271\ccs\tools\compiler\ti-cgt-arm_20.2.7.LTS\lib\rtsv7M4_T_le_v4SPD16_eabi.lib
       _printfi.c.obj                 4851    0         0      
       memory.c.obj                   728     0         8      
       fd_add_t2.asm.obj              438     0         0      
       trgmsg.c.obj                   108     0         288    
       fd_div_t2.asm.obj              310     0         0      
       s_scalbn.c.obj                 272     0         0      
       fd_cmp_t2.asm.obj              268     0         0      
       ctype.c.obj                    0       257       0      
       defs.c.obj                     0       0         256    
       fd_mul_t2.asm.obj              252     0         0      
       fflush.c.obj                   200     0         0      
       host_device.c.obj              0       0         200    
       memcpy_t2.asm.obj              156     0         0      
       ull_div_t2.asm.obj             150     0         0      
       vsnprintf.c.obj                136     0         0      
       memset_t2.asm.obj              122     0         0      
       fd_tos_t2.asm.obj              110     0         0      
       hostrename.c.obj               108     0         0      
       copy_decompress_lzss.c.obj     104     0         0      
       hostlseek.c.obj                104     0         0      
       hostopen.c.obj                 96      0         8      
       s_frexp.c.obj                  100     0         0      
       sprintf.c.obj                  98      0         0      
       hostread.c.obj                 88      0         0      
       hostwrite.c.obj                88      0         0      
       _ltoa.c.obj                    84      0         0      
       atoi.c.obj                     76      0         0      
       fd_toi_t2.asm.obj              72      0         0      
       autoinit.c.obj                 68      0         0      
       hostclose.c.obj                68      0         0      
       hostunlink.c.obj               68      0         0      
       fs_tod_t2.asm.obj              56      0         0      
       boot_cortex_m.c.obj            52      0         0      
       i_tofd_t2.asm.obj              46      0         0      
       write.c.obj                    40      0         0      
       memccpy.c.obj                  28      0         0      
       s_copysign.c.obj               26      0         0      
       strcmp.c.obj                   24      0         0      
       strchr.c.obj                   22      0         0      
       strcpy.c.obj                   20      0         0      
       strlen.c.obj                   20      0         0      
       wcslen.c.obj                   18      0         0      
       copy_decompress_none.c.obj     14      0         0      
       copy_zero_init.c.obj           12      0         0      
       errno.c.obj                    8       0         4      
       _lock.c.obj                    2       0         8      
       exit.c.obj                     4       0         0      
       pre_init.c.obj                 4       0         0      
       div0.asm.obj                   2       0         0      
    +--+------------------------------+-------+---------+---------+
       Total:                         9721    257       772    
                                                               
       Heap:                          0       0         4096   
       Stack:                         0       0         4096   
       Linker Generated:              0       164       0      
    +--+------------------------------+-------+---------+---------+
       Grand Total:                   18805   1144      9814   


LINKER GENERATED COPY TABLES

__TI_cinit_table @ 00004df0 records: 3, size/record: 8, table size: 24
	.data: load addr=00004d60, load size=00000070 bytes, run addr=20002270, run size=00000205 bytes, compression=lzss
	.bss: load addr=00004de0, load size=00000008 bytes, run addr=20002478, run size=000001e5 bytes, compression=zero_init
	.vtable: load addr=00004de8, load size=00000008 bytes, run addr=20000000, run size=0000026c bytes, compression=zero_init


LINKER GENERATED HANDLER TABLE

__TI_handler_table @ 00004dd0 records: 3, size/record: 4, table size: 12
	index: 0, handler: __TI_zero_init
	index: 1, handler: __TI_decompress_lzss
	index: 2, handler: __TI_decompress_none


GLOBAL SYMBOLS: SORTED ALPHABETICALLY BY Name 

address   name                          
-------   ----                          
000038c5  ADC0SS0_Handler               
00004be9  C$$EXIT                       
000048af  C$$IO$$                       
00004ba5  CPUcpsie                      
00000bc3  GPIOF_Handler                 
000046f5  HOSTclose                     
000042d5  HOSTlseek                     
00004409  HOSTopen                      
00004469  HOSTread                      
00004269  HOSTrename                    
00004739  HOSTunlink                    
000044c1  HOSTwrite                     
00004b77  IntMasterEnable               
00004929  IntRegister                   
00004bbd  ResetISR                      
00002b85  TIMER3B_Handler               
20002478  __CIOBUF_                     
20001270  __STACK_END                   
00001000  __STACK_SIZE                  
20000470  __STACK_TOP                   
00001000  __SYSMEM_SIZE                 
00004df0  __TI_CINIT_Base               
00004e08  __TI_CINIT_Limit              
00004dd0  __TI_Handler_Table_Base       
00004ddc  __TI_Handler_Table_Limit      
0000477d  __TI_auto_init_nobinit_nopinit
0000433d  __TI_decompress_lzss          
00004b97  __TI_decompress_none          
00004615  __TI_doflush                  
20002448  __TI_ft_end                   
0000456f  __TI_ltoa                     
ffffffff  __TI_pprof_out_hndl           
00000e8d  __TI_printfi                  
ffffffff  __TI_prof_data_size           
ffffffff  __TI_prof_data_start          
0000495d  __TI_readmsg                  
00000000  __TI_static_base__            
00004881  __TI_writemsg                 
00004bb1  __TI_zero_init                
00003f19  __aeabi_cdcmpeq               
00003f19  __aeabi_cdcmple               
00003f9f  __aeabi_cdrcmple              
000041fb  __aeabi_d2f                   
000046ad  __aeabi_d2iz                  
00003033  __aeabi_dadd                  
000035d1  __aeabi_ddiv                  
00003b55  __aeabi_dmul                  
00003029  __aeabi_dsub                  
00004bd5  __aeabi_errno_addr            
000048f1  __aeabi_f2d                   
000049f5  __aeabi_i2d                   
000031df  __aeabi_idiv0                 
000031df  __aeabi_ldiv0                 
000040a1  __aeabi_memclr                
000040a1  __aeabi_memclr4               
000040a1  __aeabi_memclr8               
00003de7  __aeabi_memcpy                
00003de7  __aeabi_memcpy4               
00003de7  __aeabi_memcpy8               
000040a3  __aeabi_memset                
000040a3  __aeabi_memset4               
000040a3  __aeabi_memset8               
20002454  __aeabi_stderr                
2000244c  __aeabi_stdin                 
20002450  __aeabi_stdout                
00003e83  __aeabi_uldivmod              
ffffffff  __binit__                     
ffffffff  __c_args__                    
UNDEFED   __mpu_init                    
20000270  __stack                       
20000000  __start___llvm_prf_cnts       
20000000  __stop___llvm_prf_cnts        
00004991  _c_int00_noargs               
00004bf0  _ctypes_                      
20002360  _device                       
20002270  _ftable                       
20002458  _lock                         
000018db  _nop                          
20002474  _running                      
200023d8  _stream                       
20001270  _sys_memory                   
UNDEFED   _system_post_cinit            
00004be5  _system_pre_init              
20002640  _timeout_ticks                
2000245c  _unlock                       
00004be9  abort                         
00003a55  aligned_alloc                 
00004661  atoi                          
ffffffff  binit                         
000048b9  calloc                        
00004aad  copysign                      
00004aad  copysignl                     
000026c5  cyBOT_SERVO_cal               
00002653  cyBOT_Scan                    
000025fb  cyBOT_init_Scan               
20002468  cyBOT_scan_features           
000025ed  cyBOT_scan_version            
000032e9  cyBot_UART1_Handler           
000032cf  cyBot_getByte                 
000031e1  cyBot_sendByte                
000032b1  cyBot_uart_flush              
0000321f  cyBot_uart_init               
00003207  cyBot_uart_sendBuffer         
000031ed  cyBot_uart_sendStr            
20002470  errno                         
20002644  fallingEdge                   
00004025  fflush                        
00003c51  free                          
000043a5  frexp                         
000043a5  frexpl                        
20000000  g_pfnRAMVectors               
00000000  g_pfnVectors                  
0000097f  go_charge                     
000038db  ir_enableInterrupt            
000038bd  ir_getDistance                
00003895  ir_getValue                   
0000382d  ir_init                       
2000265c  isRisingEdge                  
200025ec  isr_char_buffer               
2000246c  isr_counter                   
20002648  isr_int_value                 
00004b87  lcd_clear                     
00002229  lcd_gotoLine                  
00002091  lcd_init                      
0000228f  lcd_printf                    
00002151  lcd_putc                      
00002189  lcd_puts                      
00002055  lcd_reverseNibble             
000021a7  lcd_sendCommand               
000021e5  lcd_sendNibble                
00002251  lcd_setCursorPos              
000018dd  lcdbanner                     
00003945  ldexp                         
00003945  ldexpl                        
2000264c  left_calibration_value        
000019f9  main                          
00004bdd  malloc                        
00003a55  memalign                      
00004a91  memccpy                       
00003de7  memcpy                        
000040a9  memset                        
20002428  motor_cal_factor_L            
2000242c  motor_cal_factor_R            
00002ce5  move_backward                 
00002c81  move_forward                  
0000026d  oi_alloc                      
00000aa9  oi_checkFirmware              
000002c7  oi_close                      
00000279  oi_free                       
00000ded  oi_getMotorCalibrationLeft    
00000e01  oi_getMotorCalibrationRight   
000002b1  oi_init                       
00000289  oi_init_noupdate              
00000915  oi_loadSong                   
00004af7  oi_parseInt                   
0000032b  oi_parsePacket                
0000096b  oi_play_song                  
0000084b  oi_setLeds                    
00000db1  oi_setMotorCalibration        
0000088f  oi_setWheels                  
00000b51  oi_shutoff_init               
0000098d  oi_uartInit                   
00000a31  oi_uartReceive                
00000a77  oi_uartSendBuff               
00000a15  oi_uartSendChar               
00000a59  oi_uartSendStr                
000002d9  oi_update                     
20002638  parmbuf                       
00002bd7  ping_getDistance              
00002a95  ping_init                     
00002b1b  ping_trigger                  
20002650  pulseLength                   
20002654  right_calibration_value       
20002658  risingEdge                    
00003945  scalbn                        
00003945  scalbnl                       
00001993  send_string                   
0000333d  servo_init                    
000033cd  servo_move                    
0000342d  servo_setPWM                  
000033c1  servo_stop                    
000047c1  sprintf                       
00004b27  strchr                        
00004b0f  strcmp                        
00004b3d  strcpy                        
00004b51  strlen                        
0000296b  timer_getMicros               
00002913  timer_getMillis               
0000284d  timer_init                    
000028ef  timer_pause                   
00002901  timer_resume                  
000028c5  timer_stop                    
000029c5  timer_waitMicros              
000029f7  timer_waitMillis              
00002d4d  turn_left                     
00002dc3  turn_right                    
00004801  vsnprintf                     
00004b65  wcslen                        
00004a4d  write                         


GLOBAL SYMBOLS: SORTED BY Symbol Address 

address   name                          
-------   ----                          
00000000  __TI_static_base__            
00000000  g_pfnVectors                  
0000026d  oi_alloc                      
00000279  oi_free                       
00000289  oi_init_noupdate              
000002b1  oi_init                       
000002c7  oi_close                      
000002d9  oi_update                     
0000032b  oi_parsePacket                
0000084b  oi_setLeds                    
0000088f  oi_setWheels                  
00000915  oi_loadSong                   
0000096b  oi_play_song                  
0000097f  go_charge                     
0000098d  oi_uartInit                   
00000a15  oi_uartSendChar               
00000a31  oi_uartReceive                
00000a59  oi_uartSendStr                
00000a77  oi_uartSendBuff               
00000aa9  oi_checkFirmware              
00000b51  oi_shutoff_init               
00000bc3  GPIOF_Handler                 
00000db1  oi_setMotorCalibration        
00000ded  oi_getMotorCalibrationLeft    
00000e01  oi_getMotorCalibrationRight   
00000e8d  __TI_printfi                  
00001000  __STACK_SIZE                  
00001000  __SYSMEM_SIZE                 
000018db  _nop                          
000018dd  lcdbanner                     
00001993  send_string                   
000019f9  main                          
00002055  lcd_reverseNibble             
00002091  lcd_init                      
00002151  lcd_putc                      
00002189  lcd_puts                      
000021a7  lcd_sendCommand               
000021e5  lcd_sendNibble                
00002229  lcd_gotoLine                  
00002251  lcd_setCursorPos              
0000228f  lcd_printf                    
000025ed  cyBOT_scan_version            
000025fb  cyBOT_init_Scan               
00002653  cyBOT_Scan                    
000026c5  cyBOT_SERVO_cal               
0000284d  timer_init                    
000028c5  timer_stop                    
000028ef  timer_pause                   
00002901  timer_resume                  
00002913  timer_getMillis               
0000296b  timer_getMicros               
000029c5  timer_waitMicros              
000029f7  timer_waitMillis              
00002a95  ping_init                     
00002b1b  ping_trigger                  
00002b85  TIMER3B_Handler               
00002bd7  ping_getDistance              
00002c81  move_forward                  
00002ce5  move_backward                 
00002d4d  turn_left                     
00002dc3  turn_right                    
00003029  __aeabi_dsub                  
00003033  __aeabi_dadd                  
000031df  __aeabi_idiv0                 
000031df  __aeabi_ldiv0                 
000031e1  cyBot_sendByte                
000031ed  cyBot_uart_sendStr            
00003207  cyBot_uart_sendBuffer         
0000321f  cyBot_uart_init               
000032b1  cyBot_uart_flush              
000032cf  cyBot_getByte                 
000032e9  cyBot_UART1_Handler           
0000333d  servo_init                    
000033c1  servo_stop                    
000033cd  servo_move                    
0000342d  servo_setPWM                  
000035d1  __aeabi_ddiv                  
0000382d  ir_init                       
00003895  ir_getValue                   
000038bd  ir_getDistance                
000038c5  ADC0SS0_Handler               
000038db  ir_enableInterrupt            
00003945  ldexp                         
00003945  ldexpl                        
00003945  scalbn                        
00003945  scalbnl                       
00003a55  aligned_alloc                 
00003a55  memalign                      
00003b55  __aeabi_dmul                  
00003c51  free                          
00003de7  __aeabi_memcpy                
00003de7  __aeabi_memcpy4               
00003de7  __aeabi_memcpy8               
00003de7  memcpy                        
00003e83  __aeabi_uldivmod              
00003f19  __aeabi_cdcmpeq               
00003f19  __aeabi_cdcmple               
00003f9f  __aeabi_cdrcmple              
00004025  fflush                        
000040a1  __aeabi_memclr                
000040a1  __aeabi_memclr4               
000040a1  __aeabi_memclr8               
000040a3  __aeabi_memset                
000040a3  __aeabi_memset4               
000040a3  __aeabi_memset8               
000040a9  memset                        
000041fb  __aeabi_d2f                   
00004269  HOSTrename                    
000042d5  HOSTlseek                     
0000433d  __TI_decompress_lzss          
000043a5  frexp                         
000043a5  frexpl                        
00004409  HOSTopen                      
00004469  HOSTread                      
000044c1  HOSTwrite                     
0000456f  __TI_ltoa                     
00004615  __TI_doflush                  
00004661  atoi                          
000046ad  __aeabi_d2iz                  
000046f5  HOSTclose                     
00004739  HOSTunlink                    
0000477d  __TI_auto_init_nobinit_nopinit
000047c1  sprintf                       
00004801  vsnprintf                     
00004881  __TI_writemsg                 
000048af  C$$IO$$                       
000048b9  calloc                        
000048f1  __aeabi_f2d                   
00004929  IntRegister                   
0000495d  __TI_readmsg                  
00004991  _c_int00_noargs               
000049f5  __aeabi_i2d                   
00004a4d  write                         
00004a91  memccpy                       
00004aad  copysign                      
00004aad  copysignl                     
00004af7  oi_parseInt                   
00004b0f  strcmp                        
00004b27  strchr                        
00004b3d  strcpy                        
00004b51  strlen                        
00004b65  wcslen                        
00004b77  IntMasterEnable               
00004b87  lcd_clear                     
00004b97  __TI_decompress_none          
00004ba5  CPUcpsie                      
00004bb1  __TI_zero_init                
00004bbd  ResetISR                      
00004bd5  __aeabi_errno_addr            
00004bdd  malloc                        
00004be5  _system_pre_init              
00004be9  C$$EXIT                       
00004be9  abort                         
00004bf0  _ctypes_                      
00004dd0  __TI_Handler_Table_Base       
00004ddc  __TI_Handler_Table_Limit      
00004df0  __TI_CINIT_Base               
00004e08  __TI_CINIT_Limit              
20000000  __start___llvm_prf_cnts       
20000000  __stop___llvm_prf_cnts        
20000000  g_pfnRAMVectors               
20000270  __stack                       
20000470  __STACK_TOP                   
20001270  __STACK_END                   
20001270  _sys_memory                   
20002270  _ftable                       
20002360  _device                       
200023d8  _stream                       
20002428  motor_cal_factor_L            
2000242c  motor_cal_factor_R            
20002448  __TI_ft_end                   
2000244c  __aeabi_stdin                 
20002450  __aeabi_stdout                
20002454  __aeabi_stderr                
20002458  _lock                         
2000245c  _unlock                       
20002468  cyBOT_scan_features           
2000246c  isr_counter                   
20002470  errno                         
20002474  _running                      
20002478  __CIOBUF_                     
200025ec  isr_char_buffer               
20002638  parmbuf                       
20002640  _timeout_ticks                
20002644  fallingEdge                   
20002648  isr_int_value                 
2000264c  left_calibration_value        
20002650  pulseLength                   
20002654  right_calibration_value       
20002658  risingEdge                    
2000265c  isRisingEdge                  
ffffffff  __TI_pprof_out_hndl           
ffffffff  __TI_prof_data_size           
ffffffff  __TI_prof_data_start          
ffffffff  __binit__                     
ffffffff  __c_args__                    
ffffffff  binit                         
UNDEFED   __mpu_init                    
UNDEFED   _system_post_cinit            

[199 symbols]
