******************************************************************************
                  TI ARM Linker PC v20.2.7                     
******************************************************************************
>> Linked Wed Feb 19 15:55:43 2025

OUTPUT FILE NAME:   <Lab4.out>
ENTRY POINT SYMBOL: "_c_int00_noargs"  address: 000027dd


MEMORY CONFIGURATION

         name            origin    length      used     unused   attr    fill
----------------------  --------  ---------  --------  --------  ----  --------
  FLASH                 00000000   00040000  00002ae5  0003d51b  R  X
  SRAM                  20000000   00008000  00002306  00005cfa  RW X


SEGMENT ALLOCATION MAP

run origin  load origin   length   init length attrs members
----------  ----------- ---------- ----------- ----- -------
00000000    00000000    00002ae8   00002ae8    r-x
  00000000    00000000    0000026c   0000026c    r-- .intvecs
  0000026c    0000026c    00002730   00002730    r-x .text
  0000299c    0000299c    00000109   00000109    r-- .const
  00002aa8    00002aa8    00000040   00000040    r-- .cinit
20000000    20000000    0000230a   00000000    rw-
  20000000    20000000    0000026c   00000000    rw- .vtable
  20000270    20000270    00001000   00000000    rw- .stack
  20001270    20001270    00001000   00000000    rw- .sysmem
  20002270    20002270    0000008c   00000000    rw- .bss
  200022fc    200022fc    0000000e   00000000    rw- .data


SECTION ALLOCATION MAP

 output                                  attributes/
section   page    origin      length       input sections
--------  ----  ----------  ----------   ----------------
.intvecs   0    00000000    0000026c     
                  00000000    0000026c     tm4c123gh6pm_startup_ccs.obj (.intvecs)

.text      0    0000026c    00002730     
                  0000026c    00000a4e     rtsv7M4_T_le_v4SPD16_eabi.lib : _printfi.c.obj (.text:__TI_printfi)
                  00000cba    00000002                                   : div0.asm.obj (.text)
                  00000cbc    00000328     lcd.obj (.text)
                  00000fe4    00000270     rtsv7M4_T_le_v4SPD16_eabi.lib : _printfi.c.obj (.text:_pconv_a)
                  00001254    00000248     Timer.obj (.text)
                  0000149c    000001d0     rtsv7M4_T_le_v4SPD16_eabi.lib : _printfi.c.obj (.text:_pconv_g)
                  0000166c    000001b6                                   : fd_add_t2.asm.obj (.text)
                  00001822    00000002     --HOLE-- [fill = 0]
                  00001824    0000015c     libcybotUART.lib : uart.obj (.text)
                  00001980    0000013c     rtsv7M4_T_le_v4SPD16_eabi.lib : _printfi.c.obj (.text:_pconv_e)
                  00001abc    00000136                                   : fd_div_t2.asm.obj (.text)
                  00001bf2    00000002     --HOLE-- [fill = 0]
                  00001bf4    00000124                                   : _printfi.c.obj (.text:fcvt)
                  00001d18    00000110                                   : s_scalbn.c.obj (.text:scalbn)
                  00001e28    000000fc                                   : fd_mul_t2.asm.obj (.text)
                  00001f24    000000c8     lab4_template.obj (.text)
                  00001fec    000000b1     rtsv7M4_T_le_v4SPD16_eabi.lib : _printfi.c.obj (.text:_ltostr)
                  0000209d    00000001     --HOLE-- [fill = 0]
                  0000209e    0000009c                                   : memcpy_t2.asm.obj (.text)
                  0000213a    00000096                                   : ull_div_t2.asm.obj (.text)
                  000021d0    00000086                                   : fd_cmp_t2.asm.obj (.text:__aeabi_cdcmple)
                  00002256    00000086                                   : fd_cmp_t2.asm.obj (.text:__aeabi_cdrcmple)
                  000022dc    00000084     button.obj (.text)
                  00002360    0000007a     rtsv7M4_T_le_v4SPD16_eabi.lib : memset_t2.asm.obj (.text)
                  000023da    0000006e                                   : _printfi.c.obj (.text:_mcpy)
                  00002448    00000068                                   : copy_decompress_lzss.c.obj (.text:decompress:lzss:__TI_decompress_lzss)
                  000024b0    00000064                                   : s_frexp.c.obj (.text:frexp)
                  00002514    00000056                                   : _printfi.c.obj (.text:_pconv_f)
                  0000256a    00000054                                   : _ltoa.c.obj (.text:__TI_ltoa)
                  000025be    00000052                                   : _printfi.c.obj (.text:_ecpy)
                  00002610    0000004c                                   : atoi.c.obj (.text:atoi)
                  0000265c    00000048                                   : fd_toi_t2.asm.obj (.text)
                  000026a4    00000044                                   : autoinit.c.obj (.text:__TI_auto_init_nobinit_nopinit:__TI_auto_init_nobinit_nopinit)
                  000026e8    00000040                                   : sprintf.c.obj (.text:sprintf)
                  00002728    00000040                                   : vsnprintf.c.obj (.text:vsnprintf)
                  00002768    0000003e                                   : _printfi.c.obj (.text:_fcpy)
                  000027a6    00000002     --HOLE-- [fill = 0]
                  000027a8    00000034     driverlib.lib : interrupt.obj (.text:IntRegister)
                  000027dc    00000034     rtsv7M4_T_le_v4SPD16_eabi.lib : boot_cortex_m.c.obj (.text:_c_int00_noargs:_c_int00_noargs)
                  00002810    00000030                                   : vsnprintf.c.obj (.text:_outs)
                  00002840    0000002e                                   : i_tofd_t2.asm.obj (.text)
                  0000286e    0000001c                                   : copy_zero_init.c.obj (.text:decompress:ZI:__TI_zero_init_nomemset:__TI_zero_init_nomemset)
                  0000288a    0000001c                                   : memccpy.c.obj (.text:memccpy)
                  000028a6    0000001a                                   : s_copysign.c.obj (.text:copysign)
                  000028c0    00000018                                   : vsnprintf.c.obj (.text:_outc)
                  000028d8    00000018                                   : sprintf.c.obj (.text:_outs)
                  000028f0    00000018                                   : strcmp.c.obj (.text:strcmp)
                  00002908    00000016                                   : strchr.c.obj (.text:strchr)
                  0000291e    00000014                                   : strcpy.c.obj (.text:strcpy)
                  00002932    00000014                                   : strlen.c.obj (.text:strlen)
                  00002946    00000012                                   : wcslen.c.obj (.text:wcslen)
                  00002958    00000010     lcd.obj (.text:lcd_clear)
                  00002968    0000000e     rtsv7M4_T_le_v4SPD16_eabi.lib : copy_decompress_none.c.obj (.text:decompress:none:__TI_decompress_none)
                  00002976    0000000c     tm4c123gh6pm_startup_ccs.obj (.text)
                  00002982    0000000a     rtsv7M4_T_le_v4SPD16_eabi.lib : sprintf.c.obj (.text:_outc)
                  0000298c    00000008                                   : errno.c.obj (.text:__aeabi_errno_addr)
                  00002994    00000004                                   : pre_init.c.obj (.text:_system_pre_init)
                  00002998    00000004                                   : exit.c.obj (.text:abort:abort)

.const     0    0000299c    00000109     
                  0000299c    00000101     rtsv7M4_T_le_v4SPD16_eabi.lib : ctype.c.obj (.const:.string:_ctypes_)
                  00002a9d    00000004     lcd.obj (.const:.string:lineAddress$1)
                  00002aa1    00000004     lcd.obj (.const:.string:lineAddresses$2)

.cinit     0    00002aa8    00000040     
                  00002aa8    0000000c     (__TI_handler_table)
                  00002ab4    00000004     --HOLE-- [fill = 0]
                  00002ab8    00000008     (.cinit..bss.load) [load image, compression = zero_init]
                  00002ac0    00000008     (.cinit..vtable.load) [load image, compression = zero_init]
                  00002ac8    00000007     (.cinit..data.load) [load image, compression = lzss]
                  00002acf    00000001     --HOLE-- [fill = 0]
                  00002ad0    00000018     (__TI_cinit_table)

.init_array 
*          0    00000000    00000000     UNINITIALIZED

.vtable    0    20000000    0000026c     UNINITIALIZED
                  20000000    0000026c     driverlib.lib : interrupt.obj (.vtable)

.stack     0    20000270    00001000     UNINITIALIZED
                  20000270    00000004     rtsv7M4_T_le_v4SPD16_eabi.lib : boot_cortex_m.c.obj (.stack)
                  20000274    00000ffc     --HOLE--

.sysmem    0    20001270    00001000     UNINITIALIZED
                  20001270    00000010     rtsv7M4_T_le_v4SPD16_eabi.lib : memory.c.obj (.sysmem)
                  20001280    00000ff0     --HOLE--

.bss       0    20002270    0000008c     UNINITIALIZED
                  20002270    00000054     lcd.obj (.bss:lastbuffer$3)
                  200022c4    00000034     (.common:isr_char_buffer)
                  200022f8    00000004     (.common:_timeout_ticks)

.data      0    200022fc    0000000e     UNINITIALIZED
                  200022fc    00000004     lab4_template.obj (.data)
                  20002300    00000004     libcybotUART.lib : uart.obj (.data)
                  20002304    00000004     rtsv7M4_T_le_v4SPD16_eabi.lib : errno.c.obj (.data)
                  20002308    00000001     Timer.obj (.data)
                  20002309    00000001     button.obj (.data)

__llvm_prf_cnts 
*          0    20000000    00000000     UNINITIALIZED

MODULE SUMMARY

       Module                         code    ro data   rw data
       ------                         ----    -------   -------
    .\
       lcd.obj                        824     8         84     
       tm4c123gh6pm_startup_ccs.obj   12      620       0      
       Timer.obj                      584     0         5      
       lab4_template.obj              200     0         4      
       button.obj                     132     0         1      
    +--+------------------------------+-------+---------+---------+
       Total:                         1752    628       94     
                                                               
    ../libcybotUART.lib
       uart.obj                       348     0         56     
    +--+------------------------------+-------+---------+---------+
       Total:                         348     0         56     
                                                               
    C:/ti/TivaWare_C_Series-2.2.0.295/driverlib/ccs/Debug/driverlib.lib
       interrupt.obj                  52      0         620    
    +--+------------------------------+-------+---------+---------+
       Total:                         52      0         620    
                                                               
    C:\ti\ccs1271\ccs\tools\compiler\ti-cgt-arm_20.2.7.LTS\lib\rtsv7M4_T_le_v4SPD16_eabi.lib
       _printfi.c.obj                 4851    0         0      
       fd_add_t2.asm.obj              438     0         0      
       fd_div_t2.asm.obj              310     0         0      
       s_scalbn.c.obj                 272     0         0      
       fd_cmp_t2.asm.obj              268     0         0      
       ctype.c.obj                    0       257       0      
       fd_mul_t2.asm.obj              252     0         0      
       memcpy_t2.asm.obj              156     0         0      
       ull_div_t2.asm.obj             150     0         0      
       vsnprintf.c.obj                136     0         0      
       memset_t2.asm.obj              122     0         0      
       copy_decompress_lzss.c.obj     104     0         0      
       s_frexp.c.obj                  100     0         0      
       sprintf.c.obj                  98      0         0      
       _ltoa.c.obj                    84      0         0      
       atoi.c.obj                     76      0         0      
       fd_toi_t2.asm.obj              72      0         0      
       autoinit.c.obj                 68      0         0      
       boot_cortex_m.c.obj            52      0         0      
       i_tofd_t2.asm.obj              46      0         0      
       copy_zero_init.c.obj           28      0         0      
       memccpy.c.obj                  28      0         0      
       s_copysign.c.obj               26      0         0      
       strcmp.c.obj                   24      0         0      
       strchr.c.obj                   22      0         0      
       strcpy.c.obj                   20      0         0      
       strlen.c.obj                   20      0         0      
       wcslen.c.obj                   18      0         0      
       copy_decompress_none.c.obj     14      0         0      
       errno.c.obj                    8       0         4      
       exit.c.obj                     4       0         0      
       pre_init.c.obj                 4       0         0      
       div0.asm.obj                   2       0         0      
    +--+------------------------------+-------+---------+---------+
       Total:                         7873    257       4      
                                                               
       Heap:                          0       0         4096   
       Stack:                         0       0         4096   
       Linker Generated:              0       59        0      
    +--+------------------------------+-------+---------+---------+
       Grand Total:                   10025   944       8966   


LINKER GENERATED COPY TABLES

__TI_cinit_table @ 00002ad0 records: 3, size/record: 8, table size: 24
	.bss: load addr=00002ab8, load size=00000008 bytes, run addr=20002270, run size=0000008c bytes, compression=zero_init
	.vtable: load addr=00002ac0, load size=00000008 bytes, run addr=20000000, run size=0000026c bytes, compression=zero_init
	.data: load addr=00002ac8, load size=00000007 bytes, run addr=200022fc, run size=0000000e bytes, compression=lzss


LINKER GENERATED HANDLER TABLE

__TI_handler_table @ 00002aa8 records: 3, size/record: 4, table size: 12
	index: 0, handler: __TI_zero_init
	index: 1, handler: __TI_decompress_lzss
	index: 2, handler: __TI_decompress_none


GLOBAL SYMBOLS: SORTED ALPHABETICALLY BY Name 

address   name                          
-------   ----                          
00002999  C$$EXIT                       
000027a9  IntRegister                   
00002977  ResetISR                      
20001270  __STACK_END                   
00001000  __STACK_SIZE                  
20000470  __STACK_TOP                   
00001000  __SYSMEM_SIZE                 
00002ad0  __TI_CINIT_Base               
00002ae8  __TI_CINIT_Limit              
00002aa8  __TI_Handler_Table_Base       
00002ab4  __TI_Handler_Table_Limit      
000026a5  __TI_auto_init_nobinit_nopinit
00002449  __TI_decompress_lzss          
00002969  __TI_decompress_none          
0000256b  __TI_ltoa                     
ffffffff  __TI_pprof_out_hndl           
0000026d  __TI_printfi                  
ffffffff  __TI_prof_data_size           
ffffffff  __TI_prof_data_start          
00000000  __TI_static_base__            
0000286f  __TI_zero_init_nomemset       
000021d1  __aeabi_cdcmpeq               
000021d1  __aeabi_cdcmple               
00002257  __aeabi_cdrcmple              
0000265d  __aeabi_d2iz                  
00001677  __aeabi_dadd                  
00001abd  __aeabi_ddiv                  
00001e29  __aeabi_dmul                  
0000166d  __aeabi_dsub                  
0000298d  __aeabi_errno_addr            
00002841  __aeabi_i2d                   
00000cbb  __aeabi_idiv0                 
00000cbb  __aeabi_ldiv0                 
00002361  __aeabi_memclr                
00002361  __aeabi_memclr4               
00002361  __aeabi_memclr8               
0000209f  __aeabi_memcpy                
0000209f  __aeabi_memcpy4               
0000209f  __aeabi_memcpy8               
00002363  __aeabi_memset                
00002363  __aeabi_memset4               
00002363  __aeabi_memset8               
0000213b  __aeabi_uldivmod              
ffffffff  __binit__                     
ffffffff  __c_args__                    
UNDEFED   __mpu_init                    
20000270  __stack                       
20000000  __start___llvm_prf_cnts       
20000000  __stop___llvm_prf_cnts        
000027dd  _c_int00_noargs               
0000299c  _ctypes_                      
20002308  _running                      
20001270  _sys_memory                   
UNDEFED   _system_post_cinit            
00002995  _system_pre_init              
200022f8  _timeout_ticks                
00002999  abort                         
00002611  atoi                          
ffffffff  binit                         
200022fc  button                        
0000230f  button_getButton              
000022dd  button_init                   
000028a7  copysign                      
000028a7  copysignl                     
0000192d  cyBot_UART1_Handler           
00001913  cyBot_getByte                 
00001825  cyBot_sendByte                
000018f5  cyBot_uart_flush              
00001863  cyBot_uart_init               
0000184b  cyBot_uart_sendBuffer         
00001831  cyBot_uart_sendStr            
20002304  errno                         
000024b1  frexp                         
000024b1  frexpl                        
20000000  g_pfnRAMVectors               
00000000  g_pfnVectors                  
200022c4  isr_char_buffer               
20002300  isr_counter                   
00002959  lcd_clear                     
00000e91  lcd_gotoLine                  
00000cf9  lcd_init                      
00000ef7  lcd_printf                    
00000db9  lcd_putc                      
00000df1  lcd_puts                      
00000cbd  lcd_reverseNibble             
00000e0f  lcd_sendCommand               
00000e4d  lcd_sendNibble                
00000eb9  lcd_setCursorPos              
00001d19  ldexp                         
00001d19  ldexpl                        
00001f69  main                          
0000288b  memccpy                       
0000209f  memcpy                        
00002369  memset                        
00001d19  scalbn                        
00001d19  scalbnl                       
00001f25  send_string                   
000026e9  sprintf                       
00002909  strchr                        
000028f1  strcmp                        
0000291f  strcpy                        
00002933  strlen                        
00001373  timer_getMicros               
0000131b  timer_getMillis               
00001255  timer_init                    
000012f7  timer_pause                   
00001309  timer_resume                  
000012cd  timer_stop                    
000013cd  timer_waitMicros              
000013ff  timer_waitMillis              
00002729  vsnprintf                     
00002947  wcslen                        


GLOBAL SYMBOLS: SORTED BY Symbol Address 

address   name                          
-------   ----                          
00000000  __TI_static_base__            
00000000  g_pfnVectors                  
0000026d  __TI_printfi                  
00000cbb  __aeabi_idiv0                 
00000cbb  __aeabi_ldiv0                 
00000cbd  lcd_reverseNibble             
00000cf9  lcd_init                      
00000db9  lcd_putc                      
00000df1  lcd_puts                      
00000e0f  lcd_sendCommand               
00000e4d  lcd_sendNibble                
00000e91  lcd_gotoLine                  
00000eb9  lcd_setCursorPos              
00000ef7  lcd_printf                    
00001000  __STACK_SIZE                  
00001000  __SYSMEM_SIZE                 
00001255  timer_init                    
000012cd  timer_stop                    
000012f7  timer_pause                   
00001309  timer_resume                  
0000131b  timer_getMillis               
00001373  timer_getMicros               
000013cd  timer_waitMicros              
000013ff  timer_waitMillis              
0000166d  __aeabi_dsub                  
00001677  __aeabi_dadd                  
00001825  cyBot_sendByte                
00001831  cyBot_uart_sendStr            
0000184b  cyBot_uart_sendBuffer         
00001863  cyBot_uart_init               
000018f5  cyBot_uart_flush              
00001913  cyBot_getByte                 
0000192d  cyBot_UART1_Handler           
00001abd  __aeabi_ddiv                  
00001d19  ldexp                         
00001d19  ldexpl                        
00001d19  scalbn                        
00001d19  scalbnl                       
00001e29  __aeabi_dmul                  
00001f25  send_string                   
00001f69  main                          
0000209f  __aeabi_memcpy                
0000209f  __aeabi_memcpy4               
0000209f  __aeabi_memcpy8               
0000209f  memcpy                        
0000213b  __aeabi_uldivmod              
000021d1  __aeabi_cdcmpeq               
000021d1  __aeabi_cdcmple               
00002257  __aeabi_cdrcmple              
000022dd  button_init                   
0000230f  button_getButton              
00002361  __aeabi_memclr                
00002361  __aeabi_memclr4               
00002361  __aeabi_memclr8               
00002363  __aeabi_memset                
00002363  __aeabi_memset4               
00002363  __aeabi_memset8               
00002369  memset                        
00002449  __TI_decompress_lzss          
000024b1  frexp                         
000024b1  frexpl                        
0000256b  __TI_ltoa                     
00002611  atoi                          
0000265d  __aeabi_d2iz                  
000026a5  __TI_auto_init_nobinit_nopinit
000026e9  sprintf                       
00002729  vsnprintf                     
000027a9  IntRegister                   
000027dd  _c_int00_noargs               
00002841  __aeabi_i2d                   
0000286f  __TI_zero_init_nomemset       
0000288b  memccpy                       
000028a7  copysign                      
000028a7  copysignl                     
000028f1  strcmp                        
00002909  strchr                        
0000291f  strcpy                        
00002933  strlen                        
00002947  wcslen                        
00002959  lcd_clear                     
00002969  __TI_decompress_none          
00002977  ResetISR                      
0000298d  __aeabi_errno_addr            
00002995  _system_pre_init              
00002999  C$$EXIT                       
00002999  abort                         
0000299c  _ctypes_                      
00002aa8  __TI_Handler_Table_Base       
00002ab4  __TI_Handler_Table_Limit      
00002ad0  __TI_CINIT_Base               
00002ae8  __TI_CINIT_Limit              
20000000  __start___llvm_prf_cnts       
20000000  __stop___llvm_prf_cnts        
20000000  g_pfnRAMVectors               
20000270  __stack                       
20000470  __STACK_TOP                   
20001270  __STACK_END                   
20001270  _sys_memory                   
200022c4  isr_char_buffer               
200022f8  _timeout_ticks                
200022fc  button                        
20002300  isr_counter                   
20002304  errno                         
20002308  _running                      
ffffffff  __TI_pprof_out_hndl           
ffffffff  __TI_prof_data_size           
ffffffff  __TI_prof_data_start          
ffffffff  __binit__                     
ffffffff  __c_args__                    
ffffffff  binit                         
UNDEFED   __mpu_init                    
UNDEFED   _system_post_cinit            

[112 symbols]
