******************************************************************************
                  TI ARM Linker PC v20.2.7                     
******************************************************************************
>> Linked Wed Apr  2 13:52:40 2025

OUTPUT FILE NAME:   <Lab8.out>
ENTRY POINT SYMBOL: "_c_int00_noargs"  address: 00004991


MEMORY CONFIGURATION

         name            origin    length      used     unused   attr    fill
----------------------  --------  ---------  --------  --------  ----  --------
  FLASH                 00000000   00040000  00004d73  0003b28d  R  X
  SRAM                  20000000   00008000  00002336  00005cca  RW X


SEGMENT ALLOCATION MAP

run origin  load origin   length   init length attrs members
----------  ----------- ---------- ----------- ----- -------
00000000    00000000    00004d78   00004d78    r-x
  00000000    00000000    0000026c   0000026c    r-- .intvecs
  0000026c    0000026c    00004964   00004964    r-x .text
  00004bd0    00004bd0    0000014b   0000014b    r-- .const
  00004d20    00004d20    00000058   00000058    r-- .cinit
20000000    20000000    0000233d   00000000    rw-
  20000000    20000000    0000026c   00000000    rw- .vtable
  20000270    20000270    00001800   00000000    rw- .stack
  20001a70    20001a70    00000800   00000000    rw- .sysmem
  20002270    20002270    00000089   00000000    rw- .bss
  200022fc    200022fc    00000041   00000000    rw- .data


SECTION ALLOCATION MAP

 output                                  attributes/
section   page    origin      length       input sections
--------  ----  ----------  ----------   ----------------
.intvecs   0    00000000    0000026c     
                  00000000    0000026c     tm4c123gh6pm_startup_ccs.obj (.intvecs)

.text      0    0000026c    00004964     
                  0000026c    00000c20     open_interface.obj (.text)
                  00000e8c    00000a4e     rtsv7M4_T_le_v4SPD16_eabi.lib : _printfi.c.obj (.text:__TI_printfi)
                  000018da    00000002                                   : _lock.c.obj (.text:_nop)
                  000018dc    000009d0                                   : e_pow.c.obj (.text:pow)
                  000022ac    00000328     lcd.obj (.text)
                  000025d4    00000270     rtsv7M4_T_le_v4SPD16_eabi.lib : _printfi.c.obj (.text:_pconv_a)
                  00002844    00000260     libcybotScan.lib : cyBot_Scan.obj (.text)
                  00002aa4    00000248     Timer.obj (.text)
                  00002cec    000001ec     libcybotScan.lib : ping.obj (.text)
                  00002ed8    000001dc     uart-interrupt.obj (.text)
                  000030b4    000001d0     rtsv7M4_T_le_v4SPD16_eabi.lib : _printfi.c.obj (.text:_pconv_g)
                  00003284    000001b6                                   : fd_add_t2.asm.obj (.text)
                  0000343a    00000002                                   : div0.asm.obj (.text)
                  0000343c    00000158     libcybotScan.lib : servo.obj (.text)
                  00003594    00000158     rtsv7M4_T_le_v4SPD16_eabi.lib : e_sqrt.c.obj (.text:sqrt)
                  000036ec    0000013c                                   : _printfi.c.obj (.text:_pconv_e)
                  00003828    00000136                                   : fd_div_t2.asm.obj (.text)
                  0000395e    00000002     --HOLE-- [fill = 0]
                  00003960    00000124                                   : _printfi.c.obj (.text:fcvt)
                  00003a84    00000118     libcybotScan.lib : ir.obj (.text)
                  00003b9c    00000110     rtsv7M4_T_le_v4SPD16_eabi.lib : s_scalbn.c.obj (.text:scalbn)
                  00003cac    00000100                                   : memory.c.obj (.text:aligned_alloc)
                  00003dac    000000fc                                   : fd_mul_t2.asm.obj (.text)
                  00003ea8    000000e4                                   : memory.c.obj (.text:free)
                  00003f8c    000000d8     adc.obj (.text)
                  00004064    000000b1     rtsv7M4_T_le_v4SPD16_eabi.lib : _printfi.c.obj (.text:_ltostr)
                  00004115    00000003     --HOLE-- [fill = 0]
                  00004118    000000b0     helloworld.obj (.text)
                  000041c8    0000009c     rtsv7M4_T_le_v4SPD16_eabi.lib : memcpy_t2.asm.obj (.text)
                  00004264    00000096                                   : ull_div_t2.asm.obj (.text)
                  000042fa    00000086                                   : fd_cmp_t2.asm.obj (.text:__aeabi_cdcmple)
                  00004380    00000086                                   : fd_cmp_t2.asm.obj (.text:__aeabi_cdrcmple)
                  00004406    0000007a                                   : memset_t2.asm.obj (.text)
                  00004480    00000070                                   : memory.c.obj (.text:split)
                  000044f0    0000006e                                   : _printfi.c.obj (.text:_mcpy)
                  0000455e    0000006e                                   : fd_tos_t2.asm.obj (.text)
                  000045cc    00000068                                   : copy_decompress_lzss.c.obj (.text:decompress:lzss:__TI_decompress_lzss)
                  00004634    00000064                                   : s_frexp.c.obj (.text:frexp)
                  00004698    00000056                                   : _printfi.c.obj (.text:_pconv_f)
                  000046ee    00000054                                   : _ltoa.c.obj (.text:__TI_ltoa)
                  00004742    00000052                                   : _printfi.c.obj (.text:_ecpy)
                  00004794    0000004c                                   : atoi.c.obj (.text:atoi)
                  000047e0    00000048                                   : fd_toi_t2.asm.obj (.text)
                  00004828    00000044                                   : autoinit.c.obj (.text:__TI_auto_init_nobinit_nopinit:__TI_auto_init_nobinit_nopinit)
                  0000486c    00000040                                   : vsnprintf.c.obj (.text:vsnprintf)
                  000048ac    0000003e                                   : _printfi.c.obj (.text:_fcpy)
                  000048ea    00000002     --HOLE-- [fill = 0]
                  000048ec    00000038                                   : memory.c.obj (.text:calloc)
                  00004924    00000038                                   : fs_tod_t2.asm.obj (.text)
                  0000495c    00000034     driverlib.lib : interrupt.obj (.text:IntRegister)
                  00004990    00000034     rtsv7M4_T_le_v4SPD16_eabi.lib : boot_cortex_m.c.obj (.text:_c_int00_noargs:_c_int00_noargs)
                  000049c4    00000030                                   : vsnprintf.c.obj (.text:_outs)
                  000049f4    0000002e                                   : i_tofd_t2.asm.obj (.text)
                  00004a22    00000002     --HOLE-- [fill = 0]
                  00004a24    00000028                                   : memory.c.obj (.text:free_list_insert)
                  00004a4c    00000020                                   : u_tofd_t2.asm.obj (.text)
                  00004a6c    0000001c                                   : copy_zero_init.c.obj (.text:decompress:ZI:__TI_zero_init_nomemset:__TI_zero_init_nomemset)
                  00004a88    0000001c                                   : memory.c.obj (.text:free_list_remove)
                  00004aa4    0000001c                                   : memccpy.c.obj (.text:memccpy)
                  00004ac0    0000001a                                   : s_copysign.c.obj (.text:copysign)
                  00004ada    00000018                                   : vsnprintf.c.obj (.text:_outc)
                  00004af2    00000018     open_interface.obj (.text:oi_parseInt)
                  00004b0a    00000018     rtsv7M4_T_le_v4SPD16_eabi.lib : strcmp.c.obj (.text:strcmp)
                  00004b22    00000016                                   : strchr.c.obj (.text:strchr)
                  00004b38    00000014                                   : strcpy.c.obj (.text:strcpy)
                  00004b4c    00000014                                   : strlen.c.obj (.text:strlen)
                  00004b60    00000012                                   : wcslen.c.obj (.text:wcslen)
                  00004b72    00000010     driverlib.lib : interrupt.obj (.text:IntMasterEnable)
                  00004b82    00000010     lcd.obj (.text:lcd_clear)
                  00004b92    0000000e     rtsv7M4_T_le_v4SPD16_eabi.lib : copy_decompress_none.c.obj (.text:decompress:none:__TI_decompress_none)
                  00004ba0    0000000c     driverlib.lib : cpu.obj (.text:CPUcpsie)
                  00004bac    0000000c     tm4c123gh6pm_startup_ccs.obj (.text)
                  00004bb8    00000008     rtsv7M4_T_le_v4SPD16_eabi.lib : errno.c.obj (.text:__aeabi_errno_addr)
                  00004bc0    00000008                                   : memory.c.obj (.text:malloc)
                  00004bc8    00000004                                   : pre_init.c.obj (.text:_system_pre_init)
                  00004bcc    00000004                                   : exit.c.obj (.text:abort:abort)

.const     0    00004bd0    0000014b     
                  00004bd0    00000101     rtsv7M4_T_le_v4SPD16_eabi.lib : ctype.c.obj (.const:.string:_ctypes_)
                  00004cd1    00000004     lcd.obj (.const:.string:lineAddress$1)
                  00004cd5    00000003     --HOLE-- [fill = 0]
                  00004cd8    00000030     rtsv7M4_T_le_v4SPD16_eabi.lib : e_pow.c.obj (.const:$O1$$)
                  00004d08    0000000f     open_interface.obj (.const:.string:$P$T0$3)
                  00004d17    00000004     lcd.obj (.const:.string:lineAddresses$2)

.cinit     0    00004d20    00000058     
                  00004d20    0000001f     (.cinit..data.load) [load image, compression = lzss]
                  00004d3f    00000001     --HOLE-- [fill = 0]
                  00004d40    0000000c     (__TI_handler_table)
                  00004d4c    00000004     --HOLE-- [fill = 0]
                  00004d50    00000008     (.cinit..bss.load) [load image, compression = zero_init]
                  00004d58    00000008     (.cinit..vtable.load) [load image, compression = zero_init]
                  00004d60    00000018     (__TI_cinit_table)

.init_array 
*          0    00000000    00000000     UNINITIALIZED

.vtable    0    20000000    0000026c     UNINITIALIZED
                  20000000    0000026c     driverlib.lib : interrupt.obj (.vtable)

.stack     0    20000270    00001800     UNINITIALIZED
                  20000270    00000004     rtsv7M4_T_le_v4SPD16_eabi.lib : boot_cortex_m.c.obj (.stack)
                  20000274    000017fc     --HOLE--

.sysmem    0    20001a70    00000800     UNINITIALIZED
                  20001a70    00000010     rtsv7M4_T_le_v4SPD16_eabi.lib : memory.c.obj (.sysmem)
                  20001a80    000007f0     --HOLE--

.bss       0    20002270    00000089     UNINITIALIZED
                  20002270    00000054     lcd.obj (.bss:lastbuffer$3)
                  200022c4    00000018     open_interface.obj (.bss:firmware$2)
                  200022dc    00000004     (.common:_timeout_ticks)
                  200022e0    00000004     (.common:fallingEdge)
                  200022e4    00000004     (.common:isr_int_value)
                  200022e8    00000004     (.common:left_calibration_value)
                  200022ec    00000004     (.common:pulseLength)
                  200022f0    00000004     (.common:right_calibration_value)
                  200022f4    00000004     (.common:risingEdge)
                  200022f8    00000001     (.common:isRisingEdge)

.data      0    200022fc    00000041     UNINITIALIZED
                  200022fc    00000020     open_interface.obj (.data)
                  2000231c    00000008     rtsv7M4_T_le_v4SPD16_eabi.lib : _lock.c.obj (.data:$O1$$)
                  20002324    00000008                                   : memory.c.obj (.data:$O1$$)
                  2000232c    00000008     uart-interrupt.obj (.data)
                  20002334    00000004     libcybotScan.lib : cyBot_Scan.obj (.data)
                  20002338    00000004     rtsv7M4_T_le_v4SPD16_eabi.lib : errno.c.obj (.data)
                  2000233c    00000001     Timer.obj (.data)

__llvm_prf_cnts 
*          0    20000000    00000000     UNINITIALIZED

MODULE SUMMARY

       Module                         code    ro data   rw data
       ------                         ----    -------   -------
    .\
       open_interface.obj             3128    15        56     
       lcd.obj                        824     8         84     
       tm4c123gh6pm_startup_ccs.obj   12      620       0      
       Timer.obj                      584     0         5      
       uart-interrupt.obj             476     0         8      
       adc.obj                        216     0         8      
       helloworld.obj                 176     0         0      
    +--+------------------------------+-------+---------+---------+
       Total:                         5416    643       161    
                                                               
    ../libcybotScan.lib
       cyBot_Scan.obj                 608     0         4      
       ping.obj                       492     0         13     
       servo.obj                      344     0         0      
       ir.obj                         280     0         4      
    +--+------------------------------+-------+---------+---------+
       Total:                         1724    0         21     
                                                               
    C:/ti/TivaWare_C_Series-2.2.0.295/driverlib/ccs/Debug/driverlib.lib
       interrupt.obj                  68      0         620    
       cpu.obj                        12      0         0      
    +--+------------------------------+-------+---------+---------+
       Total:                         80      0         620    
                                                               
    C:\ti\ccs1271\ccs\tools\compiler\ti-cgt-arm_20.2.7.LTS\lib\rtsv7M4_T_le_v4SPD16_eabi.lib
       _printfi.c.obj                 4851    0         0      
       e_pow.c.obj                    2512    48        0      
       memory.c.obj                   728     0         8      
       fd_add_t2.asm.obj              438     0         0      
       e_sqrt.c.obj                   344     0         0      
       fd_div_t2.asm.obj              310     0         0      
       s_scalbn.c.obj                 272     0         0      
       fd_cmp_t2.asm.obj              268     0         0      
       ctype.c.obj                    0       257       0      
       fd_mul_t2.asm.obj              252     0         0      
       memcpy_t2.asm.obj              156     0         0      
       ull_div_t2.asm.obj             150     0         0      
       vsnprintf.c.obj                136     0         0      
       memset_t2.asm.obj              122     0         0      
       fd_tos_t2.asm.obj              110     0         0      
       copy_decompress_lzss.c.obj     104     0         0      
       s_frexp.c.obj                  100     0         0      
       _ltoa.c.obj                    84      0         0      
       atoi.c.obj                     76      0         0      
       fd_toi_t2.asm.obj              72      0         0      
       autoinit.c.obj                 68      0         0      
       fs_tod_t2.asm.obj              56      0         0      
       boot_cortex_m.c.obj            52      0         0      
       i_tofd_t2.asm.obj              46      0         0      
       u_tofd_t2.asm.obj              32      0         0      
       copy_zero_init.c.obj           28      0         0      
       memccpy.c.obj                  28      0         0      
       s_copysign.c.obj               26      0         0      
       strcmp.c.obj                   24      0         0      
       strchr.c.obj                   22      0         0      
       strcpy.c.obj                   20      0         0      
       strlen.c.obj                   20      0         0      
       wcslen.c.obj                   18      0         0      
       copy_decompress_none.c.obj     14      0         0      
       errno.c.obj                    8       0         4      
       _lock.c.obj                    2       0         8      
       exit.c.obj                     4       0         0      
       pre_init.c.obj                 4       0         0      
       div0.asm.obj                   2       0         0      
    +--+------------------------------+-------+---------+---------+
       Total:                         11559   305       20     
                                                               
       Heap:                          0       0         2048   
       Stack:                         0       0         6144   
       Linker Generated:              0       83        0      
    +--+------------------------------+-------+---------+---------+
       Grand Total:                   18779   1031      9014   


LINKER GENERATED COPY TABLES

__TI_cinit_table @ 00004d60 records: 3, size/record: 8, table size: 24
	.data: load addr=00004d20, load size=0000001f bytes, run addr=200022fc, run size=00000041 bytes, compression=lzss
	.bss: load addr=00004d50, load size=00000008 bytes, run addr=20002270, run size=00000089 bytes, compression=zero_init
	.vtable: load addr=00004d58, load size=00000008 bytes, run addr=20000000, run size=0000026c bytes, compression=zero_init


LINKER GENERATED HANDLER TABLE

__TI_handler_table @ 00004d40 records: 3, size/record: 4, table size: 12
	index: 0, handler: __TI_zero_init
	index: 1, handler: __TI_decompress_lzss
	index: 2, handler: __TI_decompress_none


GLOBAL SYMBOLS: SORTED ALPHABETICALLY BY Name 

address   name                          
-------   ----                          
00003b1d  ADC0SS0_Handler               
00004bcd  C$$EXIT                       
00004ba1  CPUcpsie                      
00000bc3  GPIOF_Handler                 
00004b73  IntMasterEnable               
0000495d  IntRegister                   
00004bad  ResetISR                      
00002ddd  TIMER3B_Handler               
00003011  UART1_Handler                 
20001a70  __STACK_END                   
00001800  __STACK_SIZE                  
20000470  __STACK_TOP                   
00000800  __SYSMEM_SIZE                 
00004d60  __TI_CINIT_Base               
00004d78  __TI_CINIT_Limit              
00004d40  __TI_Handler_Table_Base       
00004d4c  __TI_Handler_Table_Limit      
00004829  __TI_auto_init_nobinit_nopinit
000045cd  __TI_decompress_lzss          
00004b93  __TI_decompress_none          
000046ef  __TI_ltoa                     
ffffffff  __TI_pprof_out_hndl           
00000e8d  __TI_printfi                  
ffffffff  __TI_prof_data_size           
ffffffff  __TI_prof_data_start          
00000000  __TI_static_base__            
00004a6d  __TI_zero_init_nomemset       
000042fb  __aeabi_cdcmpeq               
000042fb  __aeabi_cdcmple               
00004381  __aeabi_cdrcmple              
0000455f  __aeabi_d2f                   
000047e1  __aeabi_d2iz                  
0000328f  __aeabi_dadd                  
00003829  __aeabi_ddiv                  
00003dad  __aeabi_dmul                  
00003285  __aeabi_dsub                  
00004bb9  __aeabi_errno_addr            
00004925  __aeabi_f2d                   
000049f5  __aeabi_i2d                   
0000343b  __aeabi_idiv0                 
0000343b  __aeabi_ldiv0                 
00004407  __aeabi_memclr                
00004407  __aeabi_memclr4               
00004407  __aeabi_memclr8               
000041c9  __aeabi_memcpy                
000041c9  __aeabi_memcpy4               
000041c9  __aeabi_memcpy8               
00004409  __aeabi_memset                
00004409  __aeabi_memset4               
00004409  __aeabi_memset8               
00004a4d  __aeabi_ui2d                  
00004265  __aeabi_uldivmod              
ffffffff  __binit__                     
ffffffff  __c_args__                    
UNDEFED   __mpu_init                    
20000270  __stack                       
20000000  __start___llvm_prf_cnts       
20000000  __stop___llvm_prf_cnts        
00004991  _c_int00_noargs               
00004bd0  _ctypes_                      
2000231c  _lock                         
000018db  _nop                          
2000233c  _running                      
20001a70  _sys_memory                   
UNDEFED   _system_post_cinit            
00004bc9  _system_pre_init              
200022dc  _timeout_ticks                
20002320  _unlock                       
00004bcd  abort                         
00003f8d  adc_init                      
00003ffd  adc_read                      
00003cad  aligned_alloc                 
00004795  atoi                          
ffffffff  binit                         
000048ed  calloc                        
2000232c  command_byte                  
20002330  command_flag                  
00004ac1  copysign                      
00004ac1  copysignl                     
0000291d  cyBOT_SERVO_cal               
000028ab  cyBOT_Scan                    
00002853  cyBOT_init_Scan               
20002334  cyBOT_scan_features           
00002845  cyBOT_scan_version            
20002338  errno                         
200022e0  fallingEdge                   
00003ea9  free                          
00004635  frexp                         
00004635  frexpl                        
20000000  g_pfnRAMVectors               
00000000  g_pfnVectors                  
0000097f  go_charge                     
00003b33  ir_enableInterrupt            
00003b15  ir_getDistance                
00003aed  ir_getValue                   
00003a85  ir_init                       
200022f8  isRisingEdge                  
200022e4  isr_int_value                 
00004b83  lcd_clear                     
00002481  lcd_gotoLine                  
000022e9  lcd_init                      
000024e7  lcd_printf                    
000023a9  lcd_putc                      
000023e1  lcd_puts                      
000022ad  lcd_reverseNibble             
000023ff  lcd_sendCommand               
0000243d  lcd_sendNibble                
000024a9  lcd_setCursorPos              
00003b9d  ldexp                         
00003b9d  ldexpl                        
200022e8  left_calibration_value        
00004119  main                          
00004bc1  malloc                        
00003cad  memalign                      
00004aa5  memccpy                       
000041c9  memcpy                        
0000440f  memset                        
200022fc  motor_cal_factor_L            
20002300  motor_cal_factor_R            
0000026d  oi_alloc                      
00000aa9  oi_checkFirmware              
000002c7  oi_close                      
00000279  oi_free                       
00000ded  oi_getMotorCalibrationLeft    
00000e01  oi_getMotorCalibrationRight   
000002b1  oi_init                       
00000289  oi_init_noupdate              
00000915  oi_loadSong                   
00004af3  oi_parseInt                   
0000032b  oi_parsePacket                
0000096b  oi_play_song                  
0000084b  oi_setLeds                    
00000db1  oi_setMotorCalibration        
0000088f  oi_setWheels                  
00000b51  oi_shutoff_init               
0000098d  oi_uartInit                   
00000a31  oi_uartReceive                
00000a77  oi_uartSendBuff               
00000a15  oi_uartSendChar               
00000a59  oi_uartSendStr                
000002d9  oi_update                     
00002e2f  ping_getDistance              
00002ced  ping_init                     
00002d73  ping_trigger                  
000018dd  pow                           
000018dd  powl                          
200022ec  pulseLength                   
200022f0  right_calibration_value       
200022f4  risingEdge                    
00003b9d  scalbn                        
00003b9d  scalbnl                       
0000343d  servo_init                    
000034cd  servo_move                    
0000352d  servo_setPWM                  
000034c1  servo_stop                    
00003595  sqrt                          
00003595  sqrtl                         
00004b23  strchr                        
00004b0b  strcmp                        
00004b39  strcpy                        
00004b4d  strlen                        
00002bc3  timer_getMicros               
00002b6b  timer_getMillis               
00002aa5  timer_init                    
00002b47  timer_pause                   
00002b59  timer_resume                  
00002b1d  timer_stop                    
00002c1d  timer_waitMicros              
00002c4f  timer_waitMillis              
00002ed9  uart_interrupt_init           
00002fbd  uart_receive                  
00002fe3  uart_receive_NB               
00002fa1  uart_sendChar                 
00003007  uart_sendStr                  
0000486d  vsnprintf                     
00004b61  wcslen                        


GLOBAL SYMBOLS: SORTED BY Symbol Address 

address   name                          
-------   ----                          
00000000  __TI_static_base__            
00000000  g_pfnVectors                  
0000026d  oi_alloc                      
00000279  oi_free                       
00000289  oi_init_noupdate              
000002b1  oi_init                       
000002c7  oi_close                      
000002d9  oi_update                     
0000032b  oi_parsePacket                
00000800  __SYSMEM_SIZE                 
0000084b  oi_setLeds                    
0000088f  oi_setWheels                  
00000915  oi_loadSong                   
0000096b  oi_play_song                  
0000097f  go_charge                     
0000098d  oi_uartInit                   
00000a15  oi_uartSendChar               
00000a31  oi_uartReceive                
00000a59  oi_uartSendStr                
00000a77  oi_uartSendBuff               
00000aa9  oi_checkFirmware              
00000b51  oi_shutoff_init               
00000bc3  GPIOF_Handler                 
00000db1  oi_setMotorCalibration        
00000ded  oi_getMotorCalibrationLeft    
00000e01  oi_getMotorCalibrationRight   
00000e8d  __TI_printfi                  
00001800  __STACK_SIZE                  
000018db  _nop                          
000018dd  pow                           
000018dd  powl                          
000022ad  lcd_reverseNibble             
000022e9  lcd_init                      
000023a9  lcd_putc                      
000023e1  lcd_puts                      
000023ff  lcd_sendCommand               
0000243d  lcd_sendNibble                
00002481  lcd_gotoLine                  
000024a9  lcd_setCursorPos              
000024e7  lcd_printf                    
00002845  cyBOT_scan_version            
00002853  cyBOT_init_Scan               
000028ab  cyBOT_Scan                    
0000291d  cyBOT_SERVO_cal               
00002aa5  timer_init                    
00002b1d  timer_stop                    
00002b47  timer_pause                   
00002b59  timer_resume                  
00002b6b  timer_getMillis               
00002bc3  timer_getMicros               
00002c1d  timer_waitMicros              
00002c4f  timer_waitMillis              
00002ced  ping_init                     
00002d73  ping_trigger                  
00002ddd  TIMER3B_Handler               
00002e2f  ping_getDistance              
00002ed9  uart_interrupt_init           
00002fa1  uart_sendChar                 
00002fbd  uart_receive                  
00002fe3  uart_receive_NB               
00003007  uart_sendStr                  
00003011  UART1_Handler                 
00003285  __aeabi_dsub                  
0000328f  __aeabi_dadd                  
0000343b  __aeabi_idiv0                 
0000343b  __aeabi_ldiv0                 
0000343d  servo_init                    
000034c1  servo_stop                    
000034cd  servo_move                    
0000352d  servo_setPWM                  
00003595  sqrt                          
00003595  sqrtl                         
00003829  __aeabi_ddiv                  
00003a85  ir_init                       
00003aed  ir_getValue                   
00003b15  ir_getDistance                
00003b1d  ADC0SS0_Handler               
00003b33  ir_enableInterrupt            
00003b9d  ldexp                         
00003b9d  ldexpl                        
00003b9d  scalbn                        
00003b9d  scalbnl                       
00003cad  aligned_alloc                 
00003cad  memalign                      
00003dad  __aeabi_dmul                  
00003ea9  free                          
00003f8d  adc_init                      
00003ffd  adc_read                      
00004119  main                          
000041c9  __aeabi_memcpy                
000041c9  __aeabi_memcpy4               
000041c9  __aeabi_memcpy8               
000041c9  memcpy                        
00004265  __aeabi_uldivmod              
000042fb  __aeabi_cdcmpeq               
000042fb  __aeabi_cdcmple               
00004381  __aeabi_cdrcmple              
00004407  __aeabi_memclr                
00004407  __aeabi_memclr4               
00004407  __aeabi_memclr8               
00004409  __aeabi_memset                
00004409  __aeabi_memset4               
00004409  __aeabi_memset8               
0000440f  memset                        
0000455f  __aeabi_d2f                   
000045cd  __TI_decompress_lzss          
00004635  frexp                         
00004635  frexpl                        
000046ef  __TI_ltoa                     
00004795  atoi                          
000047e1  __aeabi_d2iz                  
00004829  __TI_auto_init_nobinit_nopinit
0000486d  vsnprintf                     
000048ed  calloc                        
00004925  __aeabi_f2d                   
0000495d  IntRegister                   
00004991  _c_int00_noargs               
000049f5  __aeabi_i2d                   
00004a4d  __aeabi_ui2d                  
00004a6d  __TI_zero_init_nomemset       
00004aa5  memccpy                       
00004ac1  copysign                      
00004ac1  copysignl                     
00004af3  oi_parseInt                   
00004b0b  strcmp                        
00004b23  strchr                        
00004b39  strcpy                        
00004b4d  strlen                        
00004b61  wcslen                        
00004b73  IntMasterEnable               
00004b83  lcd_clear                     
00004b93  __TI_decompress_none          
00004ba1  CPUcpsie                      
00004bad  ResetISR                      
00004bb9  __aeabi_errno_addr            
00004bc1  malloc                        
00004bc9  _system_pre_init              
00004bcd  C$$EXIT                       
00004bcd  abort                         
00004bd0  _ctypes_                      
00004d40  __TI_Handler_Table_Base       
00004d4c  __TI_Handler_Table_Limit      
00004d60  __TI_CINIT_Base               
00004d78  __TI_CINIT_Limit              
20000000  __start___llvm_prf_cnts       
20000000  __stop___llvm_prf_cnts        
20000000  g_pfnRAMVectors               
20000270  __stack                       
20000470  __STACK_TOP                   
20001a70  __STACK_END                   
20001a70  _sys_memory                   
200022dc  _timeout_ticks                
200022e0  fallingEdge                   
200022e4  isr_int_value                 
200022e8  left_calibration_value        
200022ec  pulseLength                   
200022f0  right_calibration_value       
200022f4  risingEdge                    
200022f8  isRisingEdge                  
200022fc  motor_cal_factor_L            
20002300  motor_cal_factor_R            
2000231c  _lock                         
20002320  _unlock                       
2000232c  command_byte                  
20002330  command_flag                  
20002334  cyBOT_scan_features           
20002338  errno                         
2000233c  _running                      
ffffffff  __TI_pprof_out_hndl           
ffffffff  __TI_prof_data_size           
ffffffff  __TI_prof_data_start          
ffffffff  __binit__                     
ffffffff  __c_args__                    
ffffffff  binit                         
UNDEFED   __mpu_init                    
UNDEFED   _system_post_cinit            

[176 symbols]
