******************************************************************************
                  TI ARM Linker PC v20.2.7                     
******************************************************************************
>> Linked Wed Apr  9 13:19:30 2025

OUTPUT FILE NAME:   <Lab9.out>
ENTRY POINT SYMBOL: "_c_int00_noargs"  address: 00002809


MEMORY CONFIGURATION

         name            origin    length      used     unused   attr    fill
----------------------  --------  ---------  --------  --------  ----  --------
  FLASH                 00000000   00040000  00002b0d  0003d4f3  R  X
  SRAM                  20000000   00008000  000022d9  00005d27  RW X


SEGMENT ALLOCATION MAP

run origin  load origin   length   init length attrs members
----------  ----------- ---------- ----------- ----- -------
00000000    00000000    00002b10   00002b10    r-x
  00000000    00000000    0000026c   0000026c    r-- .intvecs
  0000026c    0000026c    00002758   00002758    r-x .text
  000029c4    000029c4    00000109   00000109    r-- .const
  00002ad0    00002ad0    00000040   00000040    r-- .cinit
20000000    20000000    000022dd   00000000    rw-
  20000000    20000000    0000026c   00000000    rw- .vtable
  20000270    20000270    00001800   00000000    rw- .stack
  20001a70    20001a70    00000800   00000000    rw- .sysmem
  20002270    20002270    00000068   00000000    rw- .bss
  200022d8    200022d8    00000005   00000000    rw- .data


SECTION ALLOCATION MAP

 output                                  attributes/
section   page    origin      length       input sections
--------  ----  ----------  ----------   ----------------
.intvecs   0    00000000    0000026c     
                  00000000    0000026c     tm4c123gh6pm_startup_ccs.obj (.intvecs)

.text      0    0000026c    00002758     
                  0000026c    00000a4e     rtsv7M4_T_le_v4SPD16_eabi.lib : _printfi.c.obj (.text:__TI_printfi)
                  00000cba    00000002                                   : div0.asm.obj (.text)
                  00000cbc    00000328     lcd.obj (.text)
                  00000fe4    00000270     rtsv7M4_T_le_v4SPD16_eabi.lib : _printfi.c.obj (.text:_pconv_a)
                  00001254    00000248     Timer.obj (.text)
                  0000149c    00000208     ping_template3.obj (.text)
                  000016a4    000001d0     rtsv7M4_T_le_v4SPD16_eabi.lib : _printfi.c.obj (.text:_pconv_g)
                  00001874    000001b6                                   : fd_add_t2.asm.obj (.text)
                  00001a2a    00000002     --HOLE-- [fill = 0]
                  00001a2c    0000013c                                   : _printfi.c.obj (.text:_pconv_e)
                  00001b68    00000136                                   : fd_div_t2.asm.obj (.text)
                  00001c9e    00000002     --HOLE-- [fill = 0]
                  00001ca0    00000124                                   : _printfi.c.obj (.text:fcvt)
                  00001dc4    00000110                                   : s_scalbn.c.obj (.text:scalbn)
                  00001ed4    000000fc                                   : fd_mul_t2.asm.obj (.text)
                  00001fd0    000000b1                                   : _printfi.c.obj (.text:_ltostr)
                  00002081    00000001     --HOLE-- [fill = 0]
                  00002082    0000009c                                   : memcpy_t2.asm.obj (.text)
                  0000211e    00000096                                   : ull_div_t2.asm.obj (.text)
                  000021b4    00000086                                   : fd_cmp_t2.asm.obj (.text:__aeabi_cdcmple)
                  0000223a    00000086                                   : fd_cmp_t2.asm.obj (.text:__aeabi_cdrcmple)
                  000022c0    0000007a                                   : memset_t2.asm.obj (.text)
                  0000233a    0000006e                                   : _printfi.c.obj (.text:_mcpy)
                  000023a8    0000006e                                   : fd_tos_t2.asm.obj (.text)
                  00002416    00000068                                   : copy_decompress_lzss.c.obj (.text:decompress:lzss:__TI_decompress_lzss)
                  0000247e    00000002     --HOLE-- [fill = 0]
                  00002480    00000064                                   : s_frexp.c.obj (.text:frexp)
                  000024e4    00000062     lab9_template.obj (.text)
                  00002546    00000056     rtsv7M4_T_le_v4SPD16_eabi.lib : _printfi.c.obj (.text:_pconv_f)
                  0000259c    00000054                                   : _ltoa.c.obj (.text:__TI_ltoa)
                  000025f0    00000052                                   : _printfi.c.obj (.text:_ecpy)
                  00002642    00000002     --HOLE-- [fill = 0]
                  00002644    0000004c                                   : atoi.c.obj (.text:atoi)
                  00002690    00000048                                   : fd_toi_t2.asm.obj (.text)
                  000026d8    00000044                                   : autoinit.c.obj (.text:__TI_auto_init_nobinit_nopinit:__TI_auto_init_nobinit_nopinit)
                  0000271c    00000040                                   : vsnprintf.c.obj (.text:vsnprintf)
                  0000275c    0000003e                                   : _printfi.c.obj (.text:_fcpy)
                  0000279a    00000038                                   : fs_tod_t2.asm.obj (.text)
                  000027d2    00000002     --HOLE-- [fill = 0]
                  000027d4    00000034     driverlib.lib : interrupt.obj (.text:IntRegister)
                  00002808    00000034     rtsv7M4_T_le_v4SPD16_eabi.lib : boot_cortex_m.c.obj (.text:_c_int00_noargs:_c_int00_noargs)
                  0000283c    00000030                                   : vsnprintf.c.obj (.text:_outs)
                  0000286c    0000002e                                   : i_tofd_t2.asm.obj (.text)
                  0000289a    0000001c                                   : copy_zero_init.c.obj (.text:decompress:ZI:__TI_zero_init_nomemset:__TI_zero_init_nomemset)
                  000028b6    0000001c                                   : memccpy.c.obj (.text:memccpy)
                  000028d2    0000001a                                   : s_copysign.c.obj (.text:copysign)
                  000028ec    00000018                                   : vsnprintf.c.obj (.text:_outc)
                  00002904    00000018                                   : strcmp.c.obj (.text:strcmp)
                  0000291c    00000016                                   : strchr.c.obj (.text:strchr)
                  00002932    00000014                                   : strcpy.c.obj (.text:strcpy)
                  00002946    00000014                                   : strlen.c.obj (.text:strlen)
                  0000295a    00000012                                   : wcslen.c.obj (.text:wcslen)
                  0000296c    00000010     driverlib.lib : interrupt.obj (.text:IntMasterEnable)
                  0000297c    00000010     lcd.obj (.text:lcd_clear)
                  0000298c    0000000e     rtsv7M4_T_le_v4SPD16_eabi.lib : copy_decompress_none.c.obj (.text:decompress:none:__TI_decompress_none)
                  0000299a    0000000c     driverlib.lib : cpu.obj (.text:CPUcpsie)
                  000029a6    0000000c     tm4c123gh6pm_startup_ccs.obj (.text)
                  000029b2    00000002     --HOLE-- [fill = 0]
                  000029b4    00000008     rtsv7M4_T_le_v4SPD16_eabi.lib : errno.c.obj (.text:__aeabi_errno_addr)
                  000029bc    00000004                                   : pre_init.c.obj (.text:_system_pre_init)
                  000029c0    00000004                                   : exit.c.obj (.text:abort:abort)

.const     0    000029c4    00000109     
                  000029c4    00000101     rtsv7M4_T_le_v4SPD16_eabi.lib : ctype.c.obj (.const:.string:_ctypes_)
                  00002ac5    00000004     lcd.obj (.const:.string:lineAddress$1)
                  00002ac9    00000004     lcd.obj (.const:.string:lineAddresses$2)

.cinit     0    00002ad0    00000040     
                  00002ad0    0000000c     (__TI_handler_table)
                  00002adc    00000004     --HOLE-- [fill = 0]
                  00002ae0    00000008     (.cinit..bss.load) [load image, compression = zero_init]
                  00002ae8    00000008     (.cinit..vtable.load) [load image, compression = zero_init]
                  00002af0    00000007     (.cinit..data.load) [load image, compression = lzss]
                  00002af7    00000001     --HOLE-- [fill = 0]
                  00002af8    00000018     (__TI_cinit_table)

.init_array 
*          0    00000000    00000000     UNINITIALIZED

.vtable    0    20000000    0000026c     UNINITIALIZED
                  20000000    0000026c     driverlib.lib : interrupt.obj (.vtable)

.stack     0    20000270    00001800     UNINITIALIZED
                  20000270    00000004     rtsv7M4_T_le_v4SPD16_eabi.lib : boot_cortex_m.c.obj (.stack)
                  20000274    000017fc     --HOLE--

.sysmem    0    20001a70    00000800     UNINITIALIZED
                  20001a70    00000010     rtsv7M4_T_le_v4SPD16_eabi.lib : memory.c.obj (.sysmem)
                  20001a80    000007f0     --HOLE--

.bss       0    20002270    00000068     UNINITIALIZED
                  20002270    00000054     lcd.obj (.bss:lastbuffer$3)
                  200022c4    00000004     (.common:_timeout_ticks)
                  200022c8    00000004     (.common:ed)
                  200022cc    00000004     (.common:g_e_time)
                  200022d0    00000004     (.common:g_s_time)
                  200022d4    00000004     (.common:read)

.data      0    200022d8    00000005     UNINITIALIZED
                  200022d8    00000004     rtsv7M4_T_le_v4SPD16_eabi.lib : errno.c.obj (.data)
                  200022dc    00000001     Timer.obj (.data)

__llvm_prf_cnts 
*          0    20000000    00000000     UNINITIALIZED

MODULE SUMMARY

       Module                         code    ro data   rw data
       ------                         ----    -------   -------
    .\
       lcd.obj                        824     8         84     
       tm4c123gh6pm_startup_ccs.obj   12      620       0      
       Timer.obj                      584     0         5      
       ping_template3.obj             520     0         16     
       lab9_template.obj              98      0         0      
    +--+------------------------------+-------+---------+---------+
       Total:                         2038    628       105    
                                                               
    C:/ti/TivaWare_C_Series-2.2.0.295/driverlib/ccs/Debug/driverlib.lib
       interrupt.obj                  68      0         620    
       cpu.obj                        12      0         0      
    +--+------------------------------+-------+---------+---------+
       Total:                         80      0         620    
                                                               
    C:\ti\ccs1271\ccs\tools\compiler\ti-cgt-arm_20.2.7.LTS\lib\rtsv7M4_T_le_v4SPD16_eabi.lib
       _printfi.c.obj                 4851    0         0      
       fd_add_t2.asm.obj              438     0         0      
       fd_div_t2.asm.obj              310     0         0      
       s_scalbn.c.obj                 272     0         0      
       fd_cmp_t2.asm.obj              268     0         0      
       ctype.c.obj                    0       257       0      
       fd_mul_t2.asm.obj              252     0         0      
       memcpy_t2.asm.obj              156     0         0      
       ull_div_t2.asm.obj             150     0         0      
       vsnprintf.c.obj                136     0         0      
       memset_t2.asm.obj              122     0         0      
       fd_tos_t2.asm.obj              110     0         0      
       copy_decompress_lzss.c.obj     104     0         0      
       s_frexp.c.obj                  100     0         0      
       _ltoa.c.obj                    84      0         0      
       atoi.c.obj                     76      0         0      
       fd_toi_t2.asm.obj              72      0         0      
       autoinit.c.obj                 68      0         0      
       fs_tod_t2.asm.obj              56      0         0      
       boot_cortex_m.c.obj            52      0         0      
       i_tofd_t2.asm.obj              46      0         0      
       copy_zero_init.c.obj           28      0         0      
       memccpy.c.obj                  28      0         0      
       s_copysign.c.obj               26      0         0      
       strcmp.c.obj                   24      0         0      
       strchr.c.obj                   22      0         0      
       strcpy.c.obj                   20      0         0      
       strlen.c.obj                   20      0         0      
       wcslen.c.obj                   18      0         0      
       copy_decompress_none.c.obj     14      0         0      
       errno.c.obj                    8       0         4      
       exit.c.obj                     4       0         0      
       pre_init.c.obj                 4       0         0      
       div0.asm.obj                   2       0         0      
    +--+------------------------------+-------+---------+---------+
       Total:                         7941    257       4      
                                                               
       Heap:                          0       0         2048   
       Stack:                         0       0         6144   
       Linker Generated:              0       59        0      
    +--+------------------------------+-------+---------+---------+
       Grand Total:                   10059   944       8921   


LINKER GENERATED COPY TABLES

__TI_cinit_table @ 00002af8 records: 3, size/record: 8, table size: 24
	.bss: load addr=00002ae0, load size=00000008 bytes, run addr=20002270, run size=00000068 bytes, compression=zero_init
	.vtable: load addr=00002ae8, load size=00000008 bytes, run addr=20000000, run size=0000026c bytes, compression=zero_init
	.data: load addr=00002af0, load size=00000007 bytes, run addr=200022d8, run size=00000005 bytes, compression=lzss


LINKER GENERATED HANDLER TABLE

__TI_handler_table @ 00002ad0 records: 3, size/record: 4, table size: 12
	index: 0, handler: __TI_zero_init
	index: 1, handler: __TI_decompress_lzss
	index: 2, handler: __TI_decompress_none


GLOBAL SYMBOLS: SORTED ALPHABETICALLY BY Name 

address   name                          
-------   ----                          
000029c1  C$$EXIT                       
0000299b  CPUcpsie                      
0000296d  IntMasterEnable               
000027d5  IntRegister                   
000029a7  ResetISR                      
000015eb  TIMER3B_Handler               
20001a70  __STACK_END                   
00001800  __STACK_SIZE                  
20000470  __STACK_TOP                   
00000800  __SYSMEM_SIZE                 
00002af8  __TI_CINIT_Base               
00002b10  __TI_CINIT_Limit              
00002ad0  __TI_Handler_Table_Base       
00002adc  __TI_Handler_Table_Limit      
000026d9  __TI_auto_init_nobinit_nopinit
00002417  __TI_decompress_lzss          
0000298d  __TI_decompress_none          
0000259d  __TI_ltoa                     
ffffffff  __TI_pprof_out_hndl           
0000026d  __TI_printfi                  
ffffffff  __TI_prof_data_size           
ffffffff  __TI_prof_data_start          
00000000  __TI_static_base__            
0000289b  __TI_zero_init_nomemset       
000021b5  __aeabi_cdcmpeq               
000021b5  __aeabi_cdcmple               
0000223b  __aeabi_cdrcmple              
000023a9  __aeabi_d2f                   
00002691  __aeabi_d2iz                  
0000187f  __aeabi_dadd                  
00001b69  __aeabi_ddiv                  
00001ed5  __aeabi_dmul                  
00001875  __aeabi_dsub                  
000029b5  __aeabi_errno_addr            
0000279b  __aeabi_f2d                   
0000286d  __aeabi_i2d                   
00000cbb  __aeabi_idiv0                 
00000cbb  __aeabi_ldiv0                 
000022c1  __aeabi_memclr                
000022c1  __aeabi_memclr4               
000022c1  __aeabi_memclr8               
00002083  __aeabi_memcpy                
00002083  __aeabi_memcpy4               
00002083  __aeabi_memcpy8               
000022c3  __aeabi_memset                
000022c3  __aeabi_memset4               
000022c3  __aeabi_memset8               
0000211f  __aeabi_uldivmod              
ffffffff  __binit__                     
ffffffff  __c_args__                    
UNDEFED   __mpu_init                    
20000270  __stack                       
20000000  __start___llvm_prf_cnts       
20000000  __stop___llvm_prf_cnts        
00002809  _c_int00_noargs               
000029c4  _ctypes_                      
200022dc  _running                      
20001a70  _sys_memory                   
UNDEFED   _system_post_cinit            
000029bd  _system_pre_init              
200022c4  _timeout_ticks                
000029c1  abort                         
00002645  atoi                          
ffffffff  binit                         
000015d1  check_of                      
000028d3  copysign                      
000028d3  copysignl                     
200022c8  ed                            
200022d8  errno                         
00002481  frexp                         
00002481  frexpl                        
200022cc  g_e_time                      
20000000  g_pfnRAMVectors               
00000000  g_pfnVectors                  
200022d0  g_s_time                      
0000297d  lcd_clear                     
00000e91  lcd_gotoLine                  
00000cf9  lcd_init                      
00000ef7  lcd_printf                    
00000db9  lcd_putc                      
00000df1  lcd_puts                      
00000cbd  lcd_reverseNibble             
00000e0f  lcd_sendCommand               
00000e4d  lcd_sendNibble                
00000eb9  lcd_setCursorPos              
00001dc5  ldexp                         
00001dc5  ldexpl                        
000024e5  main                          
000028b7  memccpy                       
00002083  memcpy                        
000022c9  memset                        
00001621  ping_getDistance              
0000149d  ping_init                     
00001543  ping_trigger                  
200022d4  read                          
00001dc5  scalbn                        
00001dc5  scalbnl                       
0000291d  strchr                        
00002905  strcmp                        
00002933  strcpy                        
00002947  strlen                        
00001373  timer_getMicros               
0000131b  timer_getMillis               
00001255  timer_init                    
000012f7  timer_pause                   
00001309  timer_resume                  
000012cd  timer_stop                    
000013cd  timer_waitMicros              
000013ff  timer_waitMillis              
0000271d  vsnprintf                     
0000295b  wcslen                        


GLOBAL SYMBOLS: SORTED BY Symbol Address 

address   name                          
-------   ----                          
00000000  __TI_static_base__            
00000000  g_pfnVectors                  
0000026d  __TI_printfi                  
00000800  __SYSMEM_SIZE                 
00000cbb  __aeabi_idiv0                 
00000cbb  __aeabi_ldiv0                 
00000cbd  lcd_reverseNibble             
00000cf9  lcd_init                      
00000db9  lcd_putc                      
00000df1  lcd_puts                      
00000e0f  lcd_sendCommand               
00000e4d  lcd_sendNibble                
00000e91  lcd_gotoLine                  
00000eb9  lcd_setCursorPos              
00000ef7  lcd_printf                    
00001255  timer_init                    
000012cd  timer_stop                    
000012f7  timer_pause                   
00001309  timer_resume                  
0000131b  timer_getMillis               
00001373  timer_getMicros               
000013cd  timer_waitMicros              
000013ff  timer_waitMillis              
0000149d  ping_init                     
00001543  ping_trigger                  
000015d1  check_of                      
000015eb  TIMER3B_Handler               
00001621  ping_getDistance              
00001800  __STACK_SIZE                  
00001875  __aeabi_dsub                  
0000187f  __aeabi_dadd                  
00001b69  __aeabi_ddiv                  
00001dc5  ldexp                         
00001dc5  ldexpl                        
00001dc5  scalbn                        
00001dc5  scalbnl                       
00001ed5  __aeabi_dmul                  
00002083  __aeabi_memcpy                
00002083  __aeabi_memcpy4               
00002083  __aeabi_memcpy8               
00002083  memcpy                        
0000211f  __aeabi_uldivmod              
000021b5  __aeabi_cdcmpeq               
000021b5  __aeabi_cdcmple               
0000223b  __aeabi_cdrcmple              
000022c1  __aeabi_memclr                
000022c1  __aeabi_memclr4               
000022c1  __aeabi_memclr8               
000022c3  __aeabi_memset                
000022c3  __aeabi_memset4               
000022c3  __aeabi_memset8               
000022c9  memset                        
000023a9  __aeabi_d2f                   
00002417  __TI_decompress_lzss          
00002481  frexp                         
00002481  frexpl                        
000024e5  main                          
0000259d  __TI_ltoa                     
00002645  atoi                          
00002691  __aeabi_d2iz                  
000026d9  __TI_auto_init_nobinit_nopinit
0000271d  vsnprintf                     
0000279b  __aeabi_f2d                   
000027d5  IntRegister                   
00002809  _c_int00_noargs               
0000286d  __aeabi_i2d                   
0000289b  __TI_zero_init_nomemset       
000028b7  memccpy                       
000028d3  copysign                      
000028d3  copysignl                     
00002905  strcmp                        
0000291d  strchr                        
00002933  strcpy                        
00002947  strlen                        
0000295b  wcslen                        
0000296d  IntMasterEnable               
0000297d  lcd_clear                     
0000298d  __TI_decompress_none          
0000299b  CPUcpsie                      
000029a7  ResetISR                      
000029b5  __aeabi_errno_addr            
000029bd  _system_pre_init              
000029c1  C$$EXIT                       
000029c1  abort                         
000029c4  _ctypes_                      
00002ad0  __TI_Handler_Table_Base       
00002adc  __TI_Handler_Table_Limit      
00002af8  __TI_CINIT_Base               
00002b10  __TI_CINIT_Limit              
20000000  __start___llvm_prf_cnts       
20000000  __stop___llvm_prf_cnts        
20000000  g_pfnRAMVectors               
20000270  __stack                       
20000470  __STACK_TOP                   
20001a70  __STACK_END                   
20001a70  _sys_memory                   
200022c4  _timeout_ticks                
200022c8  ed                            
200022cc  g_e_time                      
200022d0  g_s_time                      
200022d4  read                          
200022d8  errno                         
200022dc  _running                      
ffffffff  __TI_pprof_out_hndl           
ffffffff  __TI_prof_data_size           
ffffffff  __TI_prof_data_start          
ffffffff  __binit__                     
ffffffff  __c_args__                    
ffffffff  binit                         
UNDEFED   __mpu_init                    
UNDEFED   _system_post_cinit            

[111 symbols]
